******************************************************************************
             TMS320C2000 Linker Unix v15.12.3                  
******************************************************************************
>> Linked Thu Dec  8 12:24:11 2016

OUTPUT FILE NAME:   <ADC_Logger.out>
ENTRY POINT SYMBOL: "_c_int00"  address: 00083fa9


MEMORY CONFIGURATION

         name            origin    length      used     unused   attr    fill
----------------------  --------  ---------  --------  --------  ----  --------
PAGE 0:
  RAMM0                 00000122   000002de  00000000  000002de  RWIX
  RAMLS0                00008000   00000800  0000003f  000007c1  RWIX
  RAMLS1                00008800   00000800  00000000  00000800  RWIX
  RAMLS2                00009000   00000800  00000000  00000800  RWIX
  RAMLS3                00009800   00000800  00000000  00000800  RWIX
  RAMLS4                0000a000   00000800  00000000  00000800  RWIX
  RAMD0                 0000b000   00000800  00000000  00000800  RWIX
  RAMGS14               0001a000   00001000  00000000  00001000  RWIX
  RAMGS15               0001b000   00001000  00000000  00001000  RWIX
  BEGIN                 00080000   00000002  00000002  00000000  RWIX
  FLASHA                00080002   00001ffe  00000000  00001ffe  RWIX
  FLASHB                00082000   00002000  00001fff  00000001  RWIX
  FLASHC                00084000   00002000  000004bf  00001b41  RWIX
  FLASHD                00086000   00002000  0000003f  00001fc1  RWIX
  FLASHE                00088000   00008000  00000000  00008000  RWIX
  FLASHF                00090000   00008000  00000208  00007df8  RWIX
  FLASHG                00098000   00008000  00000000  00008000  RWIX
  FLASHH                000a0000   00008000  00000000  00008000  RWIX
  FLASHI                000a8000   00008000  00000000  00008000  RWIX
  FLASHJ                000b0000   00008000  00000000  00008000  RWIX
  FLASHK                000b8000   00002000  00000000  00002000  RWIX
  FLASHL                000ba000   00002000  00000000  00002000  RWIX
  FLASHM                000bc000   00002000  00000000  00002000  RWIX
  FLASHN                000be000   00002000  00000000  00002000  RWIX
  RESET                 003fffc0   00000002  00000000  00000002  RWIX

PAGE 1:
  BOOT_RSVD             00000002   00000120  00000000  00000120  RWIX
  RAMM1                 00000400   00000400  00000400  00000000  RWIX
  ADCA_RESULT           00000b00   00000020  00000018  00000008  RWIX
  ADCB_RESULT           00000b20   00000020  00000018  00000008  RWIX
  ADCC_RESULT           00000b40   00000020  00000018  00000008  RWIX
  ADCD_RESULT           00000b60   00000020  00000018  00000008  RWIX
  CPU_TIMER0            00000c00   00000008  00000008  00000000  RWIX
  CPU_TIMER1            00000c08   00000008  00000008  00000000  RWIX
  CPU_TIMER2            00000c10   00000008  00000008  00000000  RWIX
  PIE_CTRL              00000ce0   00000020  0000001a  00000006  RWIX
  PIE_VECT              00000d00   00000200  000001c0  00000040  RWIX
  DMA                   00001000   00000200  000000e0  00000120  RWIX
  CLA1                  00001400   00000040  0000003e  00000002  RWIX
  EPWM1                 00004000   00000100  00000100  00000000  RWIX
  EPWM2                 00004100   00000100  00000100  00000000  RWIX
  EPWM3                 00004200   00000100  00000100  00000000  RWIX
  EPWM4                 00004300   00000100  00000100  00000000  RWIX
  EPWM5                 00004400   00000100  00000100  00000000  RWIX
  EPWM6                 00004500   00000100  00000100  00000000  RWIX
  EPWM7                 00004600   00000100  00000100  00000000  RWIX
  EPWM8                 00004700   00000100  00000100  00000000  RWIX
  EPWM9                 00004800   00000100  00000100  00000000  RWIX
  EPWM10                00004900   00000100  00000100  00000000  RWIX
  EPWM11                00004a00   00000100  00000100  00000000  RWIX
  EPWM12                00004b00   00000100  00000100  00000000  RWIX
  ECAP1                 00005000   00000020  00000020  00000000  RWIX
  ECAP2                 00005020   00000020  00000020  00000000  RWIX
  ECAP3                 00005040   00000020  00000020  00000000  RWIX
  ECAP4                 00005060   00000020  00000020  00000000  RWIX
  ECAP5                 00005080   00000020  00000020  00000000  RWIX
  ECAP6                 000050a0   00000020  00000020  00000000  RWIX
  EQEP1                 00005100   00000040  00000022  0000001e  RWIX
  EQEP2                 00005140   00000040  00000022  0000001e  RWIX
  EQEP3                 00005180   00000040  00000022  0000001e  RWIX
  DACA                  00005c00   00000010  00000008  00000008  RWIX
  DACB                  00005c10   00000010  00000008  00000008  RWIX
  DACC                  00005c20   00000010  00000008  00000008  RWIX
  CMPSS1                00005c80   00000020  00000020  00000000  RWIX
  CMPSS2                00005ca0   00000020  00000020  00000000  RWIX
  CMPSS3                00005cc0   00000020  00000020  00000000  RWIX
  CMPSS4                00005ce0   00000020  00000020  00000000  RWIX
  CMPSS5                00005d00   00000020  00000020  00000000  RWIX
  CMPSS6                00005d20   00000020  00000020  00000000  RWIX
  CMPSS7                00005d40   00000020  00000020  00000000  RWIX
  CMPSS8                00005d60   00000020  00000020  00000000  RWIX
  SDFM1                 00005e00   00000080  00000080  00000000  RWIX
  SDFM2                 00005e80   00000080  00000080  00000000  RWIX
  MCBSPA                00006000   00000040  00000024  0000001c  RWIX
  MCBSPB                00006040   00000040  00000024  0000001c  RWIX
  SPIA                  00006100   00000010  00000010  00000000  RWIX
  SPIB                  00006110   00000010  00000010  00000000  RWIX
  SPIC                  00006120   00000010  00000010  00000000  RWIX
  SPID                  00006130   00000010  00000000  00000010  RWIX
  UPP                   00006200   00000100  00000048  000000b8  RWIX
  WD                    00007000   00000040  0000002b  00000015  RWIX
  NMIINTRUPT            00007060   00000010  00000007  00000009  RWIX
  XINT                  00007070   00000010  0000000b  00000005  RWIX
  SCIA                  00007200   00000010  00000010  00000000  RWIX
  SCIB                  00007210   00000010  00000010  00000000  RWIX
  SCIC                  00007220   00000010  00000010  00000000  RWIX
  SCID                  00007230   00000010  00000010  00000000  RWIX
  I2CA                  00007300   00000040  00000022  0000001e  RWIX
  I2CB                  00007340   00000040  00000022  0000001e  RWIX
  ADCA                  00007400   00000080  00000080  00000000  RWIX
  ADCB                  00007480   00000080  00000080  00000000  RWIX
  ADCC                  00007500   00000080  00000080  00000000  RWIX
  ADCD                  00007580   00000080  00000080  00000000  RWIX
  INPUT_XBAR            00007900   00000020  00000020  00000000  RWIX
  XBAR                  00007920   00000020  00000020  00000000  RWIX
  SYNC_SOC              00007940   00000010  00000006  0000000a  RWIX
  DMACLASRCSEL          00007980   00000040  0000001a  00000026  RWIX
  EPWM_XBAR             00007a00   00000040  00000040  00000000  RWIX
  CLB_XBAR              00007a40   00000040  00000000  00000040  RWIX
  OUTPUT_XBAR           00007a80   00000040  00000040  00000000  RWIX
  GPIOCTRL              00007c00   00000180  00000180  00000000  RWIX
  GPIODAT               00007f00   00000030  00000030  00000000  RWIX
  RAMLS5                0000a800   00000800  0000024b  000005b5  RWIX
  RAMD1                 0000b800   00000800  00000000  00000800  RWIX
  RAMGS0                0000c000   00001000  00000000  00001000  RWIX
  RAMGS1                0000d000   00001000  00000000  00001000  RWIX
  RAMGS2                0000e000   00001000  00000000  00001000  RWIX
  RAMGS3                0000f000   00001000  00000000  00001000  RWIX
  RAMGS4                00010000   00001000  00000000  00001000  RWIX
  RAMGS5                00011000   00001000  00000000  00001000  RWIX
  RAMGS6                00012000   00001000  00000000  00001000  RWIX
  RAMGS7                00013000   00001000  00000000  00001000  RWIX
  RAMGS8                00014000   00001000  00000000  00001000  RWIX
  RAMGS9                00015000   00001000  00000000  00001000  RWIX
  RAMGS10               00016000   00001000  00000000  00001000  RWIX
  RAMGS11               00017000   00001000  00000000  00001000  RWIX
  RAMGS12               00018000   00001000  00000000  00001000  RWIX
  RAMGS13               00019000   00001000  00000000  00001000  RWIX
  CPU2TOCPU1RAM         0003f800   00000400  00000000  00000400  RWIX
  CPU1TOCPU2RAM         0003fc00   00000400  00000000  00000400  RWIX
  EMIF1                 00047000   00000800  00000070  00000790  RWIX
  EMIF2                 00047800   00000800  00000070  00000790  RWIX
  CANA                  00048000   00000800  00000000  00000800  RWIX
  CANB                  0004a000   00000800  00000000  00000800  RWIX
  IPC                   00050000   00000024  00000024  00000000  RWIX
  FLASHPUMPSEMAPHORE    00050024   00000002  00000002  00000000  RWIX
  DEV_CFG               0005d000   00000180  0000012e  00000052  RWIX
  ANALOG_SUBSYS         0005d180   00000080  00000048  00000038  RWIX
  CLK_CFG               0005d200   00000100  00000032  000000ce  RWIX
  CPU_SYS               0005d300   00000100  00000082  0000007e  RWIX
  ROMPREFETCH           0005e608   00000002  00000002  00000000  RWIX
  DCSM_Z1               0005f000   00000030  00000024  0000000c  RWIX
  DCSM_Z2               0005f040   00000030  00000024  0000000c  RWIX
  DCSM_COMMON           0005f070   00000010  00000008  00000008  RWIX
  MEMCFG                0005f400   00000080  00000080  00000000  RWIX
  EMIF1CONFIG           0005f480   00000020  00000020  00000000  RWIX
  EMIF2CONFIG           0005f4a0   00000020  00000020  00000000  RWIX
  ACCESSPROTECTION      0005f4c0   00000040  00000040  00000000  RWIX
  MEMORYERROR           0005f500   00000040  00000040  00000000  RWIX
  ROMWAITSTATE          0005f540   00000002  00000002  00000000  RWIX
  FLASH0_CTRL           0005f800   00000300  00000182  0000017e  RWIX
  FLASH0_ECC            0005fb00   00000040  00000028  00000018  RWIX
  DCSM_Z1_OTP           00078000   00000020  00000020  00000000  RWIX
  DCSM_Z2_OTP           00078200   00000020  00000020  00000000  RWIX


SECTION ALLOCATION MAP

 output                                  attributes/
section   page    origin      length       input sections
--------  ----  ----------  ----------   ----------------
.cinit     0    00082000    00000033     
                  00082000    0000000e     rts2800_fpu32.lib : exit.obj (.cinit)
                  0008200e    00000009     uartstdio.obj (.cinit)
                  00082017    00000008     mmc-F2837x.obj (.cinit)
                  0008201f    00000005     rts2800_fpu32.lib : _lock.obj (.cinit:__lock)
                  00082024    00000005                       : _lock.obj (.cinit:__unlock)
                  00082029    00000004     sci_io.obj (.cinit)
                  0008202d    00000004     ustdlib.obj (.cinit)
                  00082031    00000002     --HOLE-- [fill = 0]

.pinit     0    00082000    00000000     UNINITIALIZED

codestart 
*          0    00080000    00000002     
                  00080000    00000002     F2837xD_CodeStartBranch.obj (codestart)

.TI.ramfunc 
*          0    00086000    0000003f     RUN ADDR = 00008000
                  00086000    00000037     F2837xD_SysCtrl.obj (.TI.ramfunc)
                  00086037    00000004     F2837xD_usDelay.obj (.TI.ramfunc)
                  0008603b    00000004     sysctl.obj (.TI.ramfunc)

.stack     1    00000400    00000400     UNINITIALIZED
                  00000400    00000400     --HOLE--

.reset     0    003fffc0    00000002     DSECT
                  003fffc0    00000002     rts2800_fpu32.lib : boot.obj (.reset)

GETBUFFER 
*          0    0003f800    00000000     DSECT

GETWRITEIDX 
*          0    0003f800    00000000     DSECT

PUTREADIDX 
*          0    0003f800    00000000     DSECT

AdcaResultFile 
*          1    00000b00    00000018     UNINITIALIZED
                  00000b00    00000018     F2837xD_GlobalVariableDefs.obj (AdcaResultFile)

AdcbResultFile 
*          1    00000b20    00000018     UNINITIALIZED
                  00000b20    00000018     F2837xD_GlobalVariableDefs.obj (AdcbResultFile)

AdccResultFile 
*          1    00000b40    00000018     UNINITIALIZED
                  00000b40    00000018     F2837xD_GlobalVariableDefs.obj (AdccResultFile)

AdcdResultFile 
*          1    00000b60    00000018     UNINITIALIZED
                  00000b60    00000018     F2837xD_GlobalVariableDefs.obj (AdcdResultFile)

CpuTimer0RegsFile 
*          1    00000c00    00000008     UNINITIALIZED
                  00000c00    00000008     F2837xD_GlobalVariableDefs.obj (CpuTimer0RegsFile)

CpuTimer1RegsFile 
*          1    00000c08    00000008     UNINITIALIZED
                  00000c08    00000008     F2837xD_GlobalVariableDefs.obj (CpuTimer1RegsFile)

CpuTimer2RegsFile 
*          1    00000c10    00000008     UNINITIALIZED
                  00000c10    00000008     F2837xD_GlobalVariableDefs.obj (CpuTimer2RegsFile)

PieVectTableFile 
*          1    00000d00    000001c0     UNINITIALIZED
                  00000d00    000001c0     F2837xD_GlobalVariableDefs.obj (PieVectTableFile)

EmuKeyVar 
*          1    00000d00    00000001     UNINITIALIZED
                  00000d00    00000001     F2837xD_GlobalVariableDefs.obj (EmuKeyVar)

EmuBModeVar 
*          1    00000d01    00000001     UNINITIALIZED
                  00000d01    00000001     F2837xD_GlobalVariableDefs.obj (EmuBModeVar)

FlashCallbackVar 
*          1    00000d02    00000000     UNINITIALIZED

FlashScalingVar 
*          1    00000d02    00000000     UNINITIALIZED

AdcaRegsFile 
*          1    00007400    00000080     UNINITIALIZED
                  00007400    00000080     F2837xD_GlobalVariableDefs.obj (AdcaRegsFile)

AdcbRegsFile 
*          1    00007480    00000080     UNINITIALIZED
                  00007480    00000080     F2837xD_GlobalVariableDefs.obj (AdcbRegsFile)

AdccRegsFile 
*          1    00007500    00000080     UNINITIALIZED
                  00007500    00000080     F2837xD_GlobalVariableDefs.obj (AdccRegsFile)

AdcdRegsFile 
*          1    00007580    00000080     UNINITIALIZED
                  00007580    00000080     F2837xD_GlobalVariableDefs.obj (AdcdRegsFile)

AnalogSubsysRegsFile 
*          1    0005d180    00000048     UNINITIALIZED
                  0005d180    00000048     F2837xD_GlobalVariableDefs.obj (AnalogSubsysRegsFile)

Cla1RegsFile 
*          1    00001400    0000003e     UNINITIALIZED
                  00001400    0000003e     F2837xD_GlobalVariableDefs.obj (Cla1RegsFile)

Cla1SoftIntRegsFile 
*          1    00000ce0    00000004     DSECT
                  00000ce0    00000004     F2837xD_GlobalVariableDefs.obj (Cla1SoftIntRegsFile)

.econst    0    00090000    00000208     
                  00090000    000001c0     F2837xD_PieVect.obj (.econst:_PieVectTableInit)
                  000901c0    00000022     uartstdio.obj (.econst:.string)
                  000901e2    00000018     ustdlib.obj (.econst:.string)
                  000901fa    0000000a     ff.obj (.econst:.string)
                  00090204    00000002     uartstdio.obj (.econst)
                  00090206    00000002     ustdlib.obj (.econst)

PieCtrlRegsFile 
*          1    00000ce0    0000001a     UNINITIALIZED
                  00000ce0    0000001a     F2837xD_GlobalVariableDefs.obj (PieCtrlRegsFile)

DmaRegsFile 
*          1    00001000    000000e0     UNINITIALIZED
                  00001000    000000e0     F2837xD_GlobalVariableDefs.obj (DmaRegsFile)

EPwm1RegsFile 
*          1    00004000    00000100     UNINITIALIZED
                  00004000    00000100     F2837xD_GlobalVariableDefs.obj (EPwm1RegsFile)

EPwm2RegsFile 
*          1    00004100    00000100     UNINITIALIZED
                  00004100    00000100     F2837xD_GlobalVariableDefs.obj (EPwm2RegsFile)

EPwm3RegsFile 
*          1    00004200    00000100     UNINITIALIZED
                  00004200    00000100     F2837xD_GlobalVariableDefs.obj (EPwm3RegsFile)

EPwm4RegsFile 
*          1    00004300    00000100     UNINITIALIZED
                  00004300    00000100     F2837xD_GlobalVariableDefs.obj (EPwm4RegsFile)

EPwm5RegsFile 
*          1    00004400    00000100     UNINITIALIZED
                  00004400    00000100     F2837xD_GlobalVariableDefs.obj (EPwm5RegsFile)

EPwm6RegsFile 
*          1    00004500    00000100     UNINITIALIZED
                  00004500    00000100     F2837xD_GlobalVariableDefs.obj (EPwm6RegsFile)

EPwm7RegsFile 
*          1    00004600    00000100     UNINITIALIZED
                  00004600    00000100     F2837xD_GlobalVariableDefs.obj (EPwm7RegsFile)

EPwm8RegsFile 
*          1    00004700    00000100     UNINITIALIZED
                  00004700    00000100     F2837xD_GlobalVariableDefs.obj (EPwm8RegsFile)

EPwm9RegsFile 
*          1    00004800    00000100     UNINITIALIZED
                  00004800    00000100     F2837xD_GlobalVariableDefs.obj (EPwm9RegsFile)

EPwm10RegsFile 
*          1    00004900    00000100     UNINITIALIZED
                  00004900    00000100     F2837xD_GlobalVariableDefs.obj (EPwm10RegsFile)

EPwm11RegsFile 
*          1    00004a00    00000100     UNINITIALIZED
                  00004a00    00000100     F2837xD_GlobalVariableDefs.obj (EPwm11RegsFile)

EPwm12RegsFile 
*          1    00004b00    00000100     UNINITIALIZED
                  00004b00    00000100     F2837xD_GlobalVariableDefs.obj (EPwm12RegsFile)

ECap1RegsFile 
*          1    00005000    00000020     UNINITIALIZED
                  00005000    00000020     F2837xD_GlobalVariableDefs.obj (ECap1RegsFile)

ECap2RegsFile 
*          1    00005020    00000020     UNINITIALIZED
                  00005020    00000020     F2837xD_GlobalVariableDefs.obj (ECap2RegsFile)

ECap3RegsFile 
*          1    00005040    00000020     UNINITIALIZED
                  00005040    00000020     F2837xD_GlobalVariableDefs.obj (ECap3RegsFile)

ECap4RegsFile 
*          1    00005060    00000020     UNINITIALIZED
                  00005060    00000020     F2837xD_GlobalVariableDefs.obj (ECap4RegsFile)

ECap5RegsFile 
*          1    00005080    00000020     UNINITIALIZED
                  00005080    00000020     F2837xD_GlobalVariableDefs.obj (ECap5RegsFile)

ECap6RegsFile 
*          1    000050a0    00000020     UNINITIALIZED
                  000050a0    00000020     F2837xD_GlobalVariableDefs.obj (ECap6RegsFile)

EQep1RegsFile 
*          1    00005100    00000022     UNINITIALIZED
                  00005100    00000022     F2837xD_GlobalVariableDefs.obj (EQep1RegsFile)

EQep2RegsFile 
*          1    00005140    00000022     UNINITIALIZED
                  00005140    00000022     F2837xD_GlobalVariableDefs.obj (EQep2RegsFile)

EQep3RegsFile 
*          1    00005180    00000022     UNINITIALIZED
                  00005180    00000022     F2837xD_GlobalVariableDefs.obj (EQep3RegsFile)

DacaRegsFile 
*          1    00005c00    00000008     UNINITIALIZED
                  00005c00    00000008     F2837xD_GlobalVariableDefs.obj (DacaRegsFile)

DacbRegsFile 
*          1    00005c10    00000008     UNINITIALIZED
                  00005c10    00000008     F2837xD_GlobalVariableDefs.obj (DacbRegsFile)

DaccRegsFile 
*          1    00005c20    00000008     UNINITIALIZED
                  00005c20    00000008     F2837xD_GlobalVariableDefs.obj (DaccRegsFile)

Cmpss1RegsFile 
*          1    00005c80    00000020     UNINITIALIZED
                  00005c80    00000020     F2837xD_GlobalVariableDefs.obj (Cmpss1RegsFile)

Cmpss2RegsFile 
*          1    00005ca0    00000020     UNINITIALIZED
                  00005ca0    00000020     F2837xD_GlobalVariableDefs.obj (Cmpss2RegsFile)

Cmpss3RegsFile 
*          1    00005cc0    00000020     UNINITIALIZED
                  00005cc0    00000020     F2837xD_GlobalVariableDefs.obj (Cmpss3RegsFile)

Cmpss4RegsFile 
*          1    00005ce0    00000020     UNINITIALIZED
                  00005ce0    00000020     F2837xD_GlobalVariableDefs.obj (Cmpss4RegsFile)

Cmpss5RegsFile 
*          1    00005d00    00000020     UNINITIALIZED
                  00005d00    00000020     F2837xD_GlobalVariableDefs.obj (Cmpss5RegsFile)

Cmpss6RegsFile 
*          1    00005d20    00000020     UNINITIALIZED
                  00005d20    00000020     F2837xD_GlobalVariableDefs.obj (Cmpss6RegsFile)

Cmpss7RegsFile 
*          1    00005d40    00000020     UNINITIALIZED
                  00005d40    00000020     F2837xD_GlobalVariableDefs.obj (Cmpss7RegsFile)

Cmpss8RegsFile 
*          1    00005d60    00000020     UNINITIALIZED
                  00005d60    00000020     F2837xD_GlobalVariableDefs.obj (Cmpss8RegsFile)

Sdfm1RegsFile 
*          1    00005e00    00000080     UNINITIALIZED
                  00005e00    00000080     F2837xD_GlobalVariableDefs.obj (Sdfm1RegsFile)

Sdfm2RegsFile 
*          1    00005e80    00000080     UNINITIALIZED
                  00005e80    00000080     F2837xD_GlobalVariableDefs.obj (Sdfm2RegsFile)

McbspaRegsFile 
*          1    00006000    00000024     UNINITIALIZED
                  00006000    00000024     F2837xD_GlobalVariableDefs.obj (McbspaRegsFile)

McbspbRegsFile 
*          1    00006040    00000024     UNINITIALIZED
                  00006040    00000024     F2837xD_GlobalVariableDefs.obj (McbspbRegsFile)

SpiaRegsFile 
*          1    00006100    00000010     UNINITIALIZED
                  00006100    00000010     F2837xD_GlobalVariableDefs.obj (SpiaRegsFile)

SpibRegsFile 
*          1    00006110    00000010     UNINITIALIZED
                  00006110    00000010     F2837xD_GlobalVariableDefs.obj (SpibRegsFile)

SpicRegsFile 
*          1    00006120    00000010     UNINITIALIZED
                  00006120    00000010     F2837xD_GlobalVariableDefs.obj (SpicRegsFile)

UppRegsFile 
*          1    00006200    00000048     UNINITIALIZED
                  00006200    00000048     F2837xD_GlobalVariableDefs.obj (UppRegsFile)

WdRegsFile 
*          1    00007000    0000002b     UNINITIALIZED
                  00007000    0000002b     F2837xD_GlobalVariableDefs.obj (WdRegsFile)

NmiIntruptRegsFile 
*          1    00007060    00000007     UNINITIALIZED
                  00007060    00000007     F2837xD_GlobalVariableDefs.obj (NmiIntruptRegsFile)

XintRegsFile 
*          1    00007070    0000000b     UNINITIALIZED
                  00007070    0000000b     F2837xD_GlobalVariableDefs.obj (XintRegsFile)

SciaRegsFile 
*          1    00007200    00000010     UNINITIALIZED
                  00007200    00000010     F2837xD_GlobalVariableDefs.obj (SciaRegsFile)

ScibRegsFile 
*          1    00007210    00000010     UNINITIALIZED
                  00007210    00000010     F2837xD_GlobalVariableDefs.obj (ScibRegsFile)

ScicRegsFile 
*          1    00007220    00000010     UNINITIALIZED
                  00007220    00000010     F2837xD_GlobalVariableDefs.obj (ScicRegsFile)

ScidRegsFile 
*          1    00007230    00000010     UNINITIALIZED
                  00007230    00000010     F2837xD_GlobalVariableDefs.obj (ScidRegsFile)

I2caRegsFile 
*          1    00007300    00000022     UNINITIALIZED
                  00007300    00000022     F2837xD_GlobalVariableDefs.obj (I2caRegsFile)

I2cbRegsFile 
*          1    00007340    00000022     UNINITIALIZED
                  00007340    00000022     F2837xD_GlobalVariableDefs.obj (I2cbRegsFile)

InputXbarRegsFile 
*          1    00007900    00000020     UNINITIALIZED
                  00007900    00000020     F2837xD_GlobalVariableDefs.obj (InputXbarRegsFile)

XbarRegsFile 
*          1    00007920    00000020     UNINITIALIZED
                  00007920    00000020     F2837xD_GlobalVariableDefs.obj (XbarRegsFile)

SyncSocRegsFile 
*          1    00007940    00000006     UNINITIALIZED
                  00007940    00000006     F2837xD_GlobalVariableDefs.obj (SyncSocRegsFile)

DmaClaSrcSelRegsFile 
*          1    00007980    0000001a     UNINITIALIZED
                  00007980    0000001a     F2837xD_GlobalVariableDefs.obj (DmaClaSrcSelRegsFile)

EPwmXbarRegsFile 
*          1    00007a00    00000040     UNINITIALIZED
                  00007a00    00000040     F2837xD_GlobalVariableDefs.obj (EPwmXbarRegsFile)

OutputXbarRegsFile 
*          1    00007a80    00000040     UNINITIALIZED
                  00007a80    00000040     F2837xD_GlobalVariableDefs.obj (OutputXbarRegsFile)

GpioCtrlRegsFile 
*          1    00007c00    00000180     UNINITIALIZED
                  00007c00    00000180     F2837xD_GlobalVariableDefs.obj (GpioCtrlRegsFile)

GpioDataRegsFile 
*          1    00007f00    00000030     UNINITIALIZED
                  00007f00    00000030     F2837xD_GlobalVariableDefs.obj (GpioDataRegsFile)

Emif1RegsFile 
*          1    00047000    00000070     UNINITIALIZED
                  00047000    00000070     F2837xD_GlobalVariableDefs.obj (Emif1RegsFile)

Emif2RegsFile 
*          1    00047800    00000070     UNINITIALIZED
                  00047800    00000070     F2837xD_GlobalVariableDefs.obj (Emif2RegsFile)

IpcRegsFile 
*          1    00050000    00000024     UNINITIALIZED
                  00050000    00000024     F2837xD_GlobalVariableDefs.obj (IpcRegsFile)

FlashPumpSemaphoreRegsFile 
*          1    00050024    00000002     UNINITIALIZED
                  00050024    00000002     F2837xD_GlobalVariableDefs.obj (FlashPumpSemaphoreRegsFile)

RomPrefetchRegsFile 
*          1    0005e608    00000002     UNINITIALIZED
                  0005e608    00000002     F2837xD_GlobalVariableDefs.obj (RomPrefetchRegsFile)

DcsmZ1RegsFile 
*          1    0005f000    00000024     UNINITIALIZED
                  0005f000    00000024     F2837xD_GlobalVariableDefs.obj (DcsmZ1RegsFile)

DcsmZ2RegsFile 
*          1    0005f040    00000024     UNINITIALIZED
                  0005f040    00000024     F2837xD_GlobalVariableDefs.obj (DcsmZ2RegsFile)

DcsmCommonRegsFile 
*          1    0005f070    00000008     UNINITIALIZED
                  0005f070    00000008     F2837xD_GlobalVariableDefs.obj (DcsmCommonRegsFile)

MemCfgRegsFile 
*          1    0005f400    00000080     UNINITIALIZED
                  0005f400    00000080     F2837xD_GlobalVariableDefs.obj (MemCfgRegsFile)

Emif1ConfigRegsFile 
*          1    0005f480    00000020     UNINITIALIZED
                  0005f480    00000020     F2837xD_GlobalVariableDefs.obj (Emif1ConfigRegsFile)

Emif2ConfigRegsFile 
*          1    0005f4a0    00000020     UNINITIALIZED
                  0005f4a0    00000020     F2837xD_GlobalVariableDefs.obj (Emif2ConfigRegsFile)

AccessProtectionRegsFile 
*          1    0005f4c0    00000040     UNINITIALIZED
                  0005f4c0    00000040     F2837xD_GlobalVariableDefs.obj (AccessProtectionRegsFile)

MemoryErrorRegsFile 
*          1    0005f500    00000040     UNINITIALIZED
                  0005f500    00000040     F2837xD_GlobalVariableDefs.obj (MemoryErrorRegsFile)

RomWaitStateRegsFile 
*          1    0005f540    00000002     UNINITIALIZED
                  0005f540    00000002     F2837xD_GlobalVariableDefs.obj (RomWaitStateRegsFile)

Flash0CtrlRegsFile 
*          1    0005f800    00000182     UNINITIALIZED
                  0005f800    00000182     F2837xD_GlobalVariableDefs.obj (Flash0CtrlRegsFile)

Flash0EccRegsFile 
*          1    0005fb00    00000028     UNINITIALIZED
                  0005fb00    00000028     F2837xD_GlobalVariableDefs.obj (Flash0EccRegsFile)

DcsmZ1OtpFile 
*          1    00078000    00000020     NOLOAD SECTION
                  00078000    00000020     F2837xD_GlobalVariableDefs.obj (DcsmZ1OtpFile)

DcsmZ2OtpFile 
*          1    00078200    00000020     NOLOAD SECTION
                  00078200    00000020     F2837xD_GlobalVariableDefs.obj (DcsmZ2OtpFile)

DevCfgRegsFile 
*          1    0005d000    0000012e     UNINITIALIZED
                  0005d000    0000012e     F2837xD_GlobalVariableDefs.obj (DevCfgRegsFile)

ClkCfgRegsFile 
*          1    0005d200    00000032     UNINITIALIZED
                  0005d200    00000032     F2837xD_GlobalVariableDefs.obj (ClkCfgRegsFile)

CpuSysRegsFile 
*          1    0005d300    00000082     UNINITIALIZED
                  0005d300    00000082     F2837xD_GlobalVariableDefs.obj (CpuSysRegsFile)

.text.1    0    00082034    00001fcc     
                  00082034    000010a7     ff.obj (.text)
                  000830db    00000585     F2837xD_DefaultISR.obj (.text:retain)
                  00083660    0000042e     mmc-F2837x.obj (.text)
                  00083a8e    00000347     F2837xD_SysCtrl.obj (.text)
                  00083dd5    000000f7     main.obj (.text)
                  00083ecc    000000dd     F2837xD_Adc.obj (.text)
                  00083fa9    00000056     rts2800_fpu32.lib : boot.obj (.text)
                  00083fff    00000001                       : startup.obj (.text)

.text.2    0    00084000    000004bf     
                  00084000    00000244     F2837xD_Gpio.obj (.text)
                  00084244    00000088     rts2800_fpu32.lib : fs_div.obj (.text)
                  000842cc    0000007c     F2837xD_CpuTimers.obj (.text)
                  00084348    00000046     rts2800_fpu32.lib : cpy_tbl.obj (.text)
                  0008438e    00000029                       : exit.obj (.text)
                  000843b7    00000028     F2837xD_PieCtrl.obj (.text)
                  000843df    00000026     F2837xD_PieVect.obj (.text)
                  00084405    0000001e     rts2800_fpu32.lib : memcpy.obj (.text)
                  00084423    0000001a                       : cpy_utils.obj (.text)
                  0008443d    00000019                       : args_main.obj (.text)
                  00084456    00000018                       : ll_aox.obj (.text)
                  0008446e    00000016     main.obj (.text:retain)
                  00084484    00000015     rts2800_fpu32.lib : memcmp.obj (.text)
                  00084499    0000000f     interrupt.obj (.text:retain)
                  000844a8    0000000c     rts2800_fpu32.lib : memset.obj (.text)
                  000844b4    00000009                       : _lock.obj (.text)
                  000844bd    00000002                       : pre_init.obj (.text)

.ebss      1    0000a800    0000024b     UNINITIALIZED
                  0000a800    00000218     main.obj (.ebss)
                  0000aa18    00000018     F2837xD_CpuTimers.obj (.ebss)
                  0000aa30    00000006     ff.obj (.ebss)
                  0000aa36    00000006     rts2800_fpu32.lib : exit.obj (.ebss)
                  0000aa3c    00000004     uartstdio.obj (.ebss)
                  0000aa40    00000005     mmc-F2837x.obj (.ebss)
                  0000aa45    00000001     sci_io.obj (.ebss)
                  0000aa46    00000002     rts2800_fpu32.lib : _lock.obj (.ebss:__lock)
                  0000aa48    00000002                       : _lock.obj (.ebss:__unlock)
                  0000aa4a    00000001     ustdlib.obj (.ebss)

MODULE SUMMARY

       Module                           code   ro data   rw data
       ------                           ----   -------   -------
    ./
       F2837xD_GlobalVariableDefs.obj   0      0         8047   
       ff.obj                           4263   0         16     
       F2837xD_DefaultISR.obj           1413   0         0      
       mmc-F2837x.obj                   1070   0         13     
       F2837xD_SysCtrl.obj              949    0         0      
       main.obj                         269    0         536    
       F2837xD_Gpio.obj                 580    0         0      
       F2837xD_PieVect.obj              38     0         448    
       F2837xD_Adc.obj                  221    0         0      
       F2837xD_CpuTimers.obj            124    0         24     
       uartstdio.obj                    0      0         49     
       F2837xD_PieCtrl.obj              40     0         0      
       ustdlib.obj                      0      0         31     
       interrupt.obj                    15     0         0      
       F2837xD_usDelay.obj              8      0         0      
       sysctl.obj                       8      0         0      
       sci_io.obj                       0      0         5      
       F2837xD_CodeStartBranch.obj      2      0         0      
    +--+--------------------------------+------+---------+---------+
       Total:                           9000   0         9169   
                                                                
    /home/jason/software/ti/ccsv6/tools/compiler/c2000_15.12.3.LTS/lib/rts2800_fpu32.lib
       fs_div.obj                       136    0         0      
       boot.obj                         86     0         0      
       cpy_tbl.obj                      70     0         0      
       exit.obj                         41     0         20     
       memcpy.obj                       30     0         0      
       cpy_utils.obj                    26     0         0      
       args_main.obj                    25     0         0      
       ll_aox.obj                       24     0         0      
       _lock.obj                        9      0         14     
       memcmp.obj                       21     0         0      
       memset.obj                       12     0         0      
       pre_init.obj                     2      0         0      
       startup.obj                      1      0         0      
    +--+--------------------------------+------+---------+---------+
       Total:                           483    0         34     
                                                                
       Stack:                           0      0         1024   
    +--+--------------------------------+------+---------+---------+
       Grand Total:                     9483   0         10227  


GLOBAL DATA SYMBOLS: SORTED BY DATA PAGE

address     data page           name
--------    ----------------    ----
00000400      10 (00000400)     __stack

00000b00      2c (00000b00)     _AdcaResultRegs
00000b20      2c (00000b00)     _AdcbResultRegs

00000b40      2d (00000b40)     _AdccResultRegs
00000b60      2d (00000b40)     _AdcdResultRegs

00000c00      30 (00000c00)     _CpuTimer0Regs
00000c08      30 (00000c00)     _CpuTimer1Regs
00000c10      30 (00000c00)     _CpuTimer2Regs

00000ce0      33 (00000cc0)     _Cla1SoftIntRegs
00000ce0      33 (00000cc0)     _PieCtrlRegs

00000d00      34 (00000d00)     _EmuKey
00000d00      34 (00000d00)     _PieVectTable
00000d01      34 (00000d00)     _EmuBMode

00001000      40 (00001000)     _DmaRegs

00001400      50 (00001400)     _Cla1Regs

00004000     100 (00004000)     _EPwm1Regs

00004100     104 (00004100)     _EPwm2Regs

00004200     108 (00004200)     _EPwm3Regs

00004300     10c (00004300)     _EPwm4Regs

00004400     110 (00004400)     _EPwm5Regs

00004500     114 (00004500)     _EPwm6Regs

00004600     118 (00004600)     _EPwm7Regs

00004700     11c (00004700)     _EPwm8Regs

00004800     120 (00004800)     _EPwm9Regs

00004900     124 (00004900)     _EPwm10Regs

00004a00     128 (00004a00)     _EPwm11Regs

00004b00     12c (00004b00)     _EPwm12Regs

00005000     140 (00005000)     _ECap1Regs
00005020     140 (00005000)     _ECap2Regs

00005040     141 (00005040)     _ECap3Regs
00005060     141 (00005040)     _ECap4Regs

00005080     142 (00005080)     _ECap5Regs
000050a0     142 (00005080)     _ECap6Regs

00005100     144 (00005100)     _EQep1Regs

00005140     145 (00005140)     _EQep2Regs

00005180     146 (00005180)     _EQep3Regs

00005c00     170 (00005c00)     _DacaRegs
00005c10     170 (00005c00)     _DacbRegs
00005c20     170 (00005c00)     _DaccRegs

00005c80     172 (00005c80)     _Cmpss1Regs
00005ca0     172 (00005c80)     _Cmpss2Regs

00005cc0     173 (00005cc0)     _Cmpss3Regs
00005ce0     173 (00005cc0)     _Cmpss4Regs

00005d00     174 (00005d00)     _Cmpss5Regs
00005d20     174 (00005d00)     _Cmpss6Regs

00005d40     175 (00005d40)     _Cmpss7Regs
00005d60     175 (00005d40)     _Cmpss8Regs

00005e00     178 (00005e00)     _Sdfm1Regs

00005e80     17a (00005e80)     _Sdfm2Regs

00006000     180 (00006000)     _McbspaRegs

00006040     181 (00006040)     _McbspbRegs

00006100     184 (00006100)     _SpiaRegs
00006110     184 (00006100)     _SpibRegs
00006120     184 (00006100)     _SpicRegs

00006200     188 (00006200)     _UppRegs

00007000     1c0 (00007000)     _WdRegs

00007060     1c1 (00007040)     _NmiIntruptRegs
00007070     1c1 (00007040)     _XintRegs

00007200     1c8 (00007200)     _SciaRegs
00007210     1c8 (00007200)     _ScibRegs
00007220     1c8 (00007200)     _ScicRegs
00007230     1c8 (00007200)     _ScidRegs

00007300     1cc (00007300)     _I2caRegs

00007340     1cd (00007340)     _I2cbRegs

00007400     1d0 (00007400)     _AdcaRegs

00007480     1d2 (00007480)     _AdcbRegs

00007500     1d4 (00007500)     _AdccRegs

00007580     1d6 (00007580)     _AdcdRegs

00007900     1e4 (00007900)     _InputXbarRegs
00007920     1e4 (00007900)     _XbarRegs

00007940     1e5 (00007940)     _SyncSocRegs

00007980     1e6 (00007980)     _DmaClaSrcSelRegs

00007a00     1e8 (00007a00)     _EPwmXbarRegs

00007a80     1ea (00007a80)     _OutputXbarRegs

00007c00     1f0 (00007c00)     _GpioCtrlRegs

00007f00     1fc (00007f00)     _GpioDataRegs

0000aa18     2a8 (0000aa00)     _CpuTimer1
0000aa20     2a8 (0000aa00)     _CpuTimer2
0000aa28     2a8 (0000aa00)     _CpuTimer0
0000aa36     2a8 (0000aa00)     ___TI_enable_exit_profile_output
0000aa38     2a8 (0000aa00)     ___TI_cleanup_ptr
0000aa3a     2a8 (0000aa00)     ___TI_dtors_ptr

0000aa45     2a9 (0000aa40)     _deviceOpen
0000aa46     2a9 (0000aa40)     __lock
0000aa48     2a9 (0000aa40)     __unlock

00047000    11c0 (00047000)     _Emif1Regs

00047800    11e0 (00047800)     _Emif2Regs

00050000    1400 (00050000)     _IpcRegs
00050024    1400 (00050000)     _FlashPumpSemaphoreRegs

0005d000    1740 (0005d000)     _DevCfgRegs

0005d180    1746 (0005d180)     _AnalogSubsysRegs

0005d200    1748 (0005d200)     _ClkCfgRegs

0005d300    174c (0005d300)     _CpuSysRegs

0005e608    1798 (0005e600)     _RomPrefetchRegs

0005f000    17c0 (0005f000)     _DcsmZ1Regs

0005f040    17c1 (0005f040)     _DcsmZ2Regs
0005f070    17c1 (0005f040)     _DcsmCommonRegs

0005f400    17d0 (0005f400)     _MemCfgRegs

0005f480    17d2 (0005f480)     _Emif1ConfigRegs
0005f4a0    17d2 (0005f480)     _Emif2ConfigRegs

0005f4c0    17d3 (0005f4c0)     _AccessProtectionRegs

0005f500    17d4 (0005f500)     _MemoryErrorRegs

0005f540    17d5 (0005f540)     _RomWaitStateRegs

0005f800    17e0 (0005f800)     _Flash0CtrlRegs

0005fb00    17ec (0005fb00)     _Flash0EccRegs

00078000    1e00 (00078000)     _DcsmZ1Otp

00078200    1e08 (00078200)     _DcsmZ2Otp

00090000    2400 (00090000)     _PieVectTableInit


GLOBAL SYMBOLS: SORTED ALPHABETICALLY BY Name 

page  address   name                                  
----  -------   ----                                  
abs   ffffffff  .text                                 
0     0008438e  C$$EXIT                               
0     00084244  FS$$DIV                               
0     00084456  LL$$AND                               
0     0008445e  LL$$OR                                
0     00084466  LL$$XOR                               
0     00083199  _ADCA1_ISR                            
0     00083419  _ADCA2_ISR                            
0     00083423  _ADCA3_ISR                            
0     0008342d  _ADCA4_ISR                            
0     0008340f  _ADCA_EVT_ISR                         
0     000831a3  _ADCB1_ISR                            
0     00083441  _ADCB2_ISR                            
0     0008344b  _ADCB3_ISR                            
0     00083455  _ADCB4_ISR                            
0     00083437  _ADCB_EVT_ISR                         
0     000831ad  _ADCC1_ISR                            
0     000835a9  _ADCC2_ISR                            
0     000835b3  _ADCC3_ISR                            
0     000835bd  _ADCC4_ISR                            
0     0008359f  _ADCC_EVT_ISR                         
0     000831cb  _ADCD1_ISR                            
0     000835d1  _ADCD2_ISR                            
0     000835db  _ADCD3_ISR                            
0     000835e5  _ADCD4_ISR                            
0     000835c7  _ADCD_EVT_ISR                         
0     00083621  _AUX_PLL_SLIP_ISR                     
1     0005f4c0  _AccessProtectionRegs                 
0     00083ecc  _AdcSetMode                           
1     00007400  _AdcaRegs                             
1     00000b00  _AdcaResultRegs                       
1     00007480  _AdcbRegs                             
1     00000b20  _AdcbResultRegs                       
1     00007500  _AdccRegs                             
1     00000b40  _AdccResultRegs                       
1     00007580  _AdcdRegs                             
1     00000b60  _AdcdResultRegs                       
1     0005d180  _AnalogSubsysRegs                     
0     00083d81  _AuxAuxClkSel                         
0     00083d6b  _AuxIntOsc2Sel                        
0     00083d75  _AuxXtalOscSel                        
0     000833e7  _CANA0_ISR                            
0     000833f1  _CANA1_ISR                            
0     000833fb  _CANB0_ISR                            
0     00083405  _CANB1_ISR                            
0     0008345f  _CLA1_1_ISR                           
0     00083469  _CLA1_2_ISR                           
0     00083473  _CLA1_3_ISR                           
0     0008347d  _CLA1_4_ISR                           
0     00083487  _CLA1_5_ISR                           
0     00083491  _CLA1_6_ISR                           
0     0008349b  _CLA1_7_ISR                           
0     000834a5  _CLA1_8_ISR                           
0     0008362b  _CLA_OVERFLOW_ISR                     
0     00083635  _CLA_UNDERFLOW_ISR                    
0     00083f6f  _CalAdcINL                            
1     00001400  _Cla1Regs                             
0     00000ce0  _Cla1SoftIntRegs                      
1     0005d200  _ClkCfgRegs                           
1     00005c80  _Cmpss1Regs                           
1     00005ca0  _Cmpss2Regs                           
1     00005cc0  _Cmpss3Regs                           
1     00005ce0  _Cmpss4Regs                           
1     00005d00  _Cmpss5Regs                           
1     00005d20  _Cmpss6Regs                           
1     00005d40  _Cmpss7Regs                           
1     00005d60  _Cmpss8Regs                           
0     0008430d  _ConfigCpuTimer                       
1     0005d300  _CpuSysRegs                           
1     0000aa28  _CpuTimer0                            
1     00000c00  _CpuTimer0Regs                        
1     0000aa18  _CpuTimer1                            
1     00000c08  _CpuTimer1Regs                        
1     0000aa20  _CpuTimer2                            
1     00000c10  _CpuTimer2Regs                        
0     00083d2a  _CsmUnlock                            
0     000830ef  _DATALOG_ISR                          
0     00083333  _DMA_CH1_ISR                          
0     0008333d  _DMA_CH2_ISR                          
0     00083347  _DMA_CH3_ISR                          
0     00083351  _DMA_CH4_ISR                          
0     0008335b  _DMA_CH5_ISR                          
0     00083365  _DMA_CH6_ISR                          
1     00005c00  _DacaRegs                             
1     00005c10  _DacbRegs                             
1     00005c20  _DaccRegs                             
1     0005f070  _DcsmCommonRegs                       
1     00078000  _DcsmZ1Otp                            
1     0005f000  _DcsmZ1Regs                           
1     00078200  _DcsmZ2Otp                            
1     0005f040  _DcsmZ2Regs                           
1     0005d000  _DevCfgRegs                           
0     00083b8e  _DisableDog                           
0     00083b4f  _DisablePeripheralClocks              
1     00007980  _DmaClaSrcSelRegs                     
1     00001000  _DmaRegs                              
0     00083289  _ECAP1_ISR                            
0     00083293  _ECAP2_ISR                            
0     0008329d  _ECAP3_ISR                            
0     000832a7  _ECAP4_ISR                            
0     000832b1  _ECAP5_ISR                            
0     000832bb  _ECAP6_ISR                            
1     00005000  _ECap1Regs                            
1     00005020  _ECap2Regs                            
1     00005040  _ECap3Regs                            
1     00005060  _ECap4Regs                            
1     00005080  _ECap5Regs                            
1     000050a0  _ECap6Regs                            
0     000835ef  _EMIF_ERROR_ISR                       
0     00083649  _EMPTY_ISR                            
0     00083103  _EMU_ISR                              
0     00083545  _EPWM10_ISR                           
0     0008351d  _EPWM10_TZ_ISR                        
0     0008354f  _EPWM11_ISR                           
0     00083527  _EPWM11_TZ_ISR                        
0     00083559  _EPWM12_ISR                           
0     00083531  _EPWM12_TZ_ISR                        
0     00083239  _EPWM1_ISR                            
0     000831e9  _EPWM1_TZ_ISR                         
0     00083243  _EPWM2_ISR                            
0     000831f3  _EPWM2_TZ_ISR                         
0     0008324d  _EPWM3_ISR                            
0     000831fd  _EPWM3_TZ_ISR                         
0     00083257  _EPWM4_ISR                            
0     00083207  _EPWM4_TZ_ISR                         
0     00083261  _EPWM5_ISR                            
0     00083211  _EPWM5_TZ_ISR                         
0     0008326b  _EPWM6_ISR                            
0     0008321b  _EPWM6_TZ_ISR                         
0     00083275  _EPWM7_ISR                            
0     00083225  _EPWM7_TZ_ISR                         
0     0008327f  _EPWM8_ISR                            
0     0008322f  _EPWM8_TZ_ISR                         
0     0008353b  _EPWM9_ISR                            
0     00083513  _EPWM9_TZ_ISR                         
1     00004900  _EPwm10Regs                           
1     00004a00  _EPwm11Regs                           
1     00004b00  _EPwm12Regs                           
1     00004000  _EPwm1Regs                            
1     00004100  _EPwm2Regs                            
1     00004200  _EPwm3Regs                            
1     00004300  _EPwm4Regs                            
1     00004400  _EPwm5Regs                            
1     00004500  _EPwm6Regs                            
1     00004600  _EPwm7Regs                            
1     00004700  _EPwm8Regs                            
1     00004800  _EPwm9Regs                            
1     00007a00  _EPwmXbarRegs                         
0     000832c5  _EQEP1_ISR                            
0     000832cf  _EQEP2_ISR                            
0     000832d9  _EQEP3_ISR                            
1     00005100  _EQep1Regs                            
1     00005140  _EQep2Regs                            
1     00005180  _EQep3Regs                            
1     0005f480  _Emif1ConfigRegs                      
1     00047000  _Emif1Regs                            
1     0005f4a0  _Emif2ConfigRegs                      
1     00047800  _Emif2Regs                            
1     00000d01  _EmuBMode                             
1     00000d00  _EmuKey                               
0     000843d6  _EnableInterrupts                     
0     00008037  _F28x_usDelay                         
0     00083603  _FLASH_CORRECTABLE_ERROR_ISR          
0     000834d7  _FPU_OVERFLOW_ISR                     
0     000834e1  _FPU_UNDERFLOW_ISR                    
1     0005f800  _Flash0CtrlRegs                       
1     0005fb00  _Flash0EccRegs                        
0     00008029  _FlashOff                             
1     00050024  _FlashPumpSemaphoreRegs               
0     000841f9  _GPIO_EnableUnbondedIOPullups         
0     000841d4  _GPIO_EnableUnbondedIOPullupsFor100Pin
0     000841bb  _GPIO_EnableUnbondedIOPullupsFor176Pin
0     0008420f  _GPIO_ReadPin                         
0     00084160  _GPIO_SetupLock                       
0     00084040  _GPIO_SetupPinMux                     
0     000840cc  _GPIO_SetupPinOptions                 
0     00084189  _GPIO_SetupXINT1Gpio                  
0     00084193  _GPIO_SetupXINT2Gpio                  
0     0008419d  _GPIO_SetupXINT3Gpio                  
0     000841a7  _GPIO_SetupXINT4Gpio                  
0     000841b1  _GPIO_SetupXINT5Gpio                  
0     00084226  _GPIO_WritePin                        
1     00007c00  _GpioCtrlRegs                         
1     00007f00  _GpioDataRegs                         
0     00083d9f  _HALT                                 
0     00083db8  _HIB                                  
0     00083379  _I2CA_FIFO_ISR                        
0     0008336f  _I2CA_ISR                             
0     0008338d  _I2CB_FIFO_ISR                        
0     00083383  _I2CB_ISR                             
1     00007300  _I2caRegs                             
1     00007340  _I2cbRegs                             
0     00083d8b  _IDLE                                 
0     00083117  _ILLEGAL_ISR                          
0     000834eb  _IPC0_ISR                             
0     000834f5  _IPC1_ISR                             
0     000834ff  _IPC2_ISR                             
0     00083509  _IPC3_ISR                             
0     00083c62  _InitAuxPll                           
0     000842cc  _InitCpuTimers                        
0     00008000  _InitFlash                            
0     00084000  _InitGpio                             
0     00083acb  _InitPeripheralClocks                 
0     000843b7  _InitPieCtrl                          
0     000843df  _InitPieVectTable                     
0     00083a8e  _InitSysCtrl                          
0     00083b9c  _InitSysPll                           
1     00007900  _InputXbarRegs                        
0     00084499  _IntDefaultHandler                    
1     00050000  _IpcRegs                              
0     0008330b  _MCBSPA_RX_ISR                        
0     00083315  _MCBSPA_TX_ISR                        
0     0008331f  _MCBSPB_RX_ISR                        
0     00083329  _MCBSPB_TX_ISR                        
1     00006000  _McbspaRegs                           
1     00006040  _McbspbRegs                           
1     0005f400  _MemCfgRegs                           
1     0005f500  _MemoryErrorRegs                      
0     0008310d  _NMI_ISR                              
0     00083656  _NOTUSED_ISR                          
1     00007060  _NmiIntruptRegs                       
1     00007a80  _OutputXbarRegs                       
0     0008363f  _PIE_RESERVED_ISR                     
1     00000ce0  _PieCtrlRegs                          
1     00000d00  _PieVectTable                         
0     00090000  _PieVectTableInit                     
0     0008360d  _RAM_ACCESS_VIOLATION_ISR             
0     000835f9  _RAM_CORRECTABLE_ERROR_ISR            
0     000830f9  _RTOS_ISR                             
0     0008603f  _RamfuncsLoadEnd                      
abs   0000003f  _RamfuncsLoadSize                     
0     00086000  _RamfuncsLoadStart                    
0     0000803f  _RamfuncsRunEnd                       
abs   0000003f  _RamfuncsRunSize                      
0     00008000  _RamfuncsRunStart                     
0     00083b76  _ReleaseFlashPump                     
1     0005e608  _RomPrefetchRegs                      
1     0005f540  _RomWaitStateRegs                     
0     000833bf  _SCIA_RX_ISR                          
0     000833c9  _SCIA_TX_ISR                          
0     000833d3  _SCIB_RX_ISR                          
0     000833dd  _SCIB_TX_ISR                          
0     00083397  _SCIC_RX_ISR                          
0     000833a1  _SCIC_TX_ISR                          
0     000833ab  _SCID_RX_ISR                          
0     000833b5  _SCID_TX_ISR                          
0     00083563  _SD1_ISR                              
0     0008356d  _SD2_ISR                              
0     000832e3  _SPIA_RX_ISR                          
0     000832ed  _SPIA_TX_ISR                          
0     000832f7  _SPIB_RX_ISR                          
0     00083301  _SPIB_TX_ISR                          
0     00083577  _SPIC_RX_ISR                          
0     00083581  _SPIC_TX_ISR                          
0     00083d94  _STANDBY                              
0     00083617  _SYS_PLL_SLIP_ISR                     
1     00007200  _SciaRegs                             
1     00007210  _ScibRegs                             
1     00007220  _ScicRegs                             
1     00007230  _ScidRegs                             
1     00005e00  _Sdfm1Regs                            
1     00005e80  _Sdfm2Regs                            
0     00083b67  _SeizeFlashPump                       
0     00083b80  _ServiceDog                           
1     00006100  _SpiaRegs                             
1     00006110  _SpibRegs                             
1     00006120  _SpicRegs                             
1     00007940  _SyncSocRegs                          
0     0000803b  _SysCtlDelay                          
0     00083d4b  _SysIntOsc1Sel                        
0     00083d55  _SysIntOsc2Sel                        
0     00083d5f  _SysXtalOscSel                        
0     000831d5  _TIMER0_ISR                           
0     000830db  _TIMER1_ISR                           
0     000830e5  _TIMER2_ISR                           
0     0008358b  _UPPA_ISR                             
0     00083595  _USBA_ISR                             
0     0008317b  _USER10_ISR                           
0     00083185  _USER11_ISR                           
0     0008318f  _USER12_ISR                           
0     00083121  _USER1_ISR                            
0     0008312b  _USER2_ISR                            
0     00083135  _USER3_ISR                            
0     0008313f  _USER4_ISR                            
0     00083149  _USER5_ISR                            
0     00083153  _USER6_ISR                            
0     0008315d  _USER7_ISR                            
0     00083167  _USER8_ISR                            
0     00083171  _USER9_ISR                            
1     00006200  _UppRegs                              
0     000834cd  _VCU_ISR                              
0     000831df  _WAKE_ISR                             
1     00007000  _WdRegs                               
0     000831b7  _XINT1_ISR                            
0     000831c1  _XINT2_ISR                            
0     000834af  _XINT3_ISR                            
0     000834b9  _XINT4_ISR                            
0     000834c3  _XINT5_ISR                            
1     00007920  _XbarRegs                             
1     00007070  _XintRegs                             
1     00000800  __STACK_END                           
abs   00000400  __STACK_SIZE                          
1     0000aa38  ___TI_cleanup_ptr                     
1     0000aa3a  ___TI_dtors_ptr                       
1     0000aa36  ___TI_enable_exit_profile_output      
abs   ffffffff  ___TI_pprof_out_hndl                  
abs   ffffffff  ___TI_prof_data_size                  
abs   ffffffff  ___TI_prof_data_start                 
abs   ffffffff  ___binit__                            
abs   ffffffff  ___c_args__                           
0     00082000  ___cinit__                            
abs   ffffffff  ___etext__                            
abs   ffffffff  ___pinit__                            
abs   ffffffff  ___text__                             
0     0008443d  __args_main                           
1     0000aa46  __lock                                
0     000844bc  __nop                                 
0     000844b8  __register_lock                       
0     000844b4  __register_unlock                     
1     00000400  __stack                               
0     00083fff  __system_post_cinit                   
0     000844bd  __system_pre_init                     
1     0000aa48  __unlock                              
0     0008438e  _abort                                
0     00083fa9  _c_int00                              
0     00084348  _copy_in                              
0     0008446e  _cpu_timer0_isr                       
0     00084423  _ddcopy                               
1     0000aa45  _deviceOpen                           
0     00083832  _disk_initialize                      
0     000839a3  _disk_ioctl                           
0     000838fb  _disk_read                            
0     000838f0  _disk_status                          
0     00083a78  _disk_timerproc                       
0     00083945  _disk_write                           
0     00084423  _dpcopy                               
0     00084390  _exit                                 
0     00083023  _f_chmod                              
0     00082c23  _f_close                              
0     00082dd2  _f_getfree                            
0     00082c30  _f_lseek                              
0     00082f03  _f_mkdir                              
0     000827db  _f_mount                              
0     00082808  _f_open                               
0     00082d05  _f_opendir                            
0     00082976  _f_read                               
0     00082d5e  _f_readdir                            
0     00083062  _f_rename                             
0     00082da4  _f_stat                               
0     00082b6f  _f_sync                               
0     00082e6d  _f_unlink                             
0     00082a5c  _f_write                              
0     00083a89  _get_fattime                          
0     00083df3  _main                                 
0     00084484  _memcmp                               
0     00084405  _memcpy                               
0     000844a8  _memset                               
0     00084423  _pdcopy                               
0     00084423  _ppcopy                               
0     00083dd5  _sampleADCA                           
0     00083de4  _sampleADCB                           
abs   ffffffff  binit                                 
0     00082000  cinit                                 
0     00080000  code_start                            
abs   ffffffff  etext                                 
abs   ffffffff  pinit                                 


GLOBAL SYMBOLS: SORTED BY Symbol Address 

page  address   name                                  
----  -------   ----                                  
0     00000ce0  _Cla1SoftIntRegs                      
0     00008000  _InitFlash                            
0     00008000  _RamfuncsRunStart                     
0     00008029  _FlashOff                             
0     00008037  _F28x_usDelay                         
0     0000803b  _SysCtlDelay                          
0     0000803f  _RamfuncsRunEnd                       
0     00080000  code_start                            
0     00082000  ___cinit__                            
0     00082000  cinit                                 
0     000827db  _f_mount                              
0     00082808  _f_open                               
0     00082976  _f_read                               
0     00082a5c  _f_write                              
0     00082b6f  _f_sync                               
0     00082c23  _f_close                              
0     00082c30  _f_lseek                              
0     00082d05  _f_opendir                            
0     00082d5e  _f_readdir                            
0     00082da4  _f_stat                               
0     00082dd2  _f_getfree                            
0     00082e6d  _f_unlink                             
0     00082f03  _f_mkdir                              
0     00083023  _f_chmod                              
0     00083062  _f_rename                             
0     000830db  _TIMER1_ISR                           
0     000830e5  _TIMER2_ISR                           
0     000830ef  _DATALOG_ISR                          
0     000830f9  _RTOS_ISR                             
0     00083103  _EMU_ISR                              
0     0008310d  _NMI_ISR                              
0     00083117  _ILLEGAL_ISR                          
0     00083121  _USER1_ISR                            
0     0008312b  _USER2_ISR                            
0     00083135  _USER3_ISR                            
0     0008313f  _USER4_ISR                            
0     00083149  _USER5_ISR                            
0     00083153  _USER6_ISR                            
0     0008315d  _USER7_ISR                            
0     00083167  _USER8_ISR                            
0     00083171  _USER9_ISR                            
0     0008317b  _USER10_ISR                           
0     00083185  _USER11_ISR                           
0     0008318f  _USER12_ISR                           
0     00083199  _ADCA1_ISR                            
0     000831a3  _ADCB1_ISR                            
0     000831ad  _ADCC1_ISR                            
0     000831b7  _XINT1_ISR                            
0     000831c1  _XINT2_ISR                            
0     000831cb  _ADCD1_ISR                            
0     000831d5  _TIMER0_ISR                           
0     000831df  _WAKE_ISR                             
0     000831e9  _EPWM1_TZ_ISR                         
0     000831f3  _EPWM2_TZ_ISR                         
0     000831fd  _EPWM3_TZ_ISR                         
0     00083207  _EPWM4_TZ_ISR                         
0     00083211  _EPWM5_TZ_ISR                         
0     0008321b  _EPWM6_TZ_ISR                         
0     00083225  _EPWM7_TZ_ISR                         
0     0008322f  _EPWM8_TZ_ISR                         
0     00083239  _EPWM1_ISR                            
0     00083243  _EPWM2_ISR                            
0     0008324d  _EPWM3_ISR                            
0     00083257  _EPWM4_ISR                            
0     00083261  _EPWM5_ISR                            
0     0008326b  _EPWM6_ISR                            
0     00083275  _EPWM7_ISR                            
0     0008327f  _EPWM8_ISR                            
0     00083289  _ECAP1_ISR                            
0     00083293  _ECAP2_ISR                            
0     0008329d  _ECAP3_ISR                            
0     000832a7  _ECAP4_ISR                            
0     000832b1  _ECAP5_ISR                            
0     000832bb  _ECAP6_ISR                            
0     000832c5  _EQEP1_ISR                            
0     000832cf  _EQEP2_ISR                            
0     000832d9  _EQEP3_ISR                            
0     000832e3  _SPIA_RX_ISR                          
0     000832ed  _SPIA_TX_ISR                          
0     000832f7  _SPIB_RX_ISR                          
0     00083301  _SPIB_TX_ISR                          
0     0008330b  _MCBSPA_RX_ISR                        
0     00083315  _MCBSPA_TX_ISR                        
0     0008331f  _MCBSPB_RX_ISR                        
0     00083329  _MCBSPB_TX_ISR                        
0     00083333  _DMA_CH1_ISR                          
0     0008333d  _DMA_CH2_ISR                          
0     00083347  _DMA_CH3_ISR                          
0     00083351  _DMA_CH4_ISR                          
0     0008335b  _DMA_CH5_ISR                          
0     00083365  _DMA_CH6_ISR                          
0     0008336f  _I2CA_ISR                             
0     00083379  _I2CA_FIFO_ISR                        
0     00083383  _I2CB_ISR                             
0     0008338d  _I2CB_FIFO_ISR                        
0     00083397  _SCIC_RX_ISR                          
0     000833a1  _SCIC_TX_ISR                          
0     000833ab  _SCID_RX_ISR                          
0     000833b5  _SCID_TX_ISR                          
0     000833bf  _SCIA_RX_ISR                          
0     000833c9  _SCIA_TX_ISR                          
0     000833d3  _SCIB_RX_ISR                          
0     000833dd  _SCIB_TX_ISR                          
0     000833e7  _CANA0_ISR                            
0     000833f1  _CANA1_ISR                            
0     000833fb  _CANB0_ISR                            
0     00083405  _CANB1_ISR                            
0     0008340f  _ADCA_EVT_ISR                         
0     00083419  _ADCA2_ISR                            
0     00083423  _ADCA3_ISR                            
0     0008342d  _ADCA4_ISR                            
0     00083437  _ADCB_EVT_ISR                         
0     00083441  _ADCB2_ISR                            
0     0008344b  _ADCB3_ISR                            
0     00083455  _ADCB4_ISR                            
0     0008345f  _CLA1_1_ISR                           
0     00083469  _CLA1_2_ISR                           
0     00083473  _CLA1_3_ISR                           
0     0008347d  _CLA1_4_ISR                           
0     00083487  _CLA1_5_ISR                           
0     00083491  _CLA1_6_ISR                           
0     0008349b  _CLA1_7_ISR                           
0     000834a5  _CLA1_8_ISR                           
0     000834af  _XINT3_ISR                            
0     000834b9  _XINT4_ISR                            
0     000834c3  _XINT5_ISR                            
0     000834cd  _VCU_ISR                              
0     000834d7  _FPU_OVERFLOW_ISR                     
0     000834e1  _FPU_UNDERFLOW_ISR                    
0     000834eb  _IPC0_ISR                             
0     000834f5  _IPC1_ISR                             
0     000834ff  _IPC2_ISR                             
0     00083509  _IPC3_ISR                             
0     00083513  _EPWM9_TZ_ISR                         
0     0008351d  _EPWM10_TZ_ISR                        
0     00083527  _EPWM11_TZ_ISR                        
0     00083531  _EPWM12_TZ_ISR                        
0     0008353b  _EPWM9_ISR                            
0     00083545  _EPWM10_ISR                           
0     0008354f  _EPWM11_ISR                           
0     00083559  _EPWM12_ISR                           
0     00083563  _SD1_ISR                              
0     0008356d  _SD2_ISR                              
0     00083577  _SPIC_RX_ISR                          
0     00083581  _SPIC_TX_ISR                          
0     0008358b  _UPPA_ISR                             
0     00083595  _USBA_ISR                             
0     0008359f  _ADCC_EVT_ISR                         
0     000835a9  _ADCC2_ISR                            
0     000835b3  _ADCC3_ISR                            
0     000835bd  _ADCC4_ISR                            
0     000835c7  _ADCD_EVT_ISR                         
0     000835d1  _ADCD2_ISR                            
0     000835db  _ADCD3_ISR                            
0     000835e5  _ADCD4_ISR                            
0     000835ef  _EMIF_ERROR_ISR                       
0     000835f9  _RAM_CORRECTABLE_ERROR_ISR            
0     00083603  _FLASH_CORRECTABLE_ERROR_ISR          
0     0008360d  _RAM_ACCESS_VIOLATION_ISR             
0     00083617  _SYS_PLL_SLIP_ISR                     
0     00083621  _AUX_PLL_SLIP_ISR                     
0     0008362b  _CLA_OVERFLOW_ISR                     
0     00083635  _CLA_UNDERFLOW_ISR                    
0     0008363f  _PIE_RESERVED_ISR                     
0     00083649  _EMPTY_ISR                            
0     00083656  _NOTUSED_ISR                          
0     00083832  _disk_initialize                      
0     000838f0  _disk_status                          
0     000838fb  _disk_read                            
0     00083945  _disk_write                           
0     000839a3  _disk_ioctl                           
0     00083a78  _disk_timerproc                       
0     00083a89  _get_fattime                          
0     00083a8e  _InitSysCtrl                          
0     00083acb  _InitPeripheralClocks                 
0     00083b4f  _DisablePeripheralClocks              
0     00083b67  _SeizeFlashPump                       
0     00083b76  _ReleaseFlashPump                     
0     00083b80  _ServiceDog                           
0     00083b8e  _DisableDog                           
0     00083b9c  _InitSysPll                           
0     00083c62  _InitAuxPll                           
0     00083d2a  _CsmUnlock                            
0     00083d4b  _SysIntOsc1Sel                        
0     00083d55  _SysIntOsc2Sel                        
0     00083d5f  _SysXtalOscSel                        
0     00083d6b  _AuxIntOsc2Sel                        
0     00083d75  _AuxXtalOscSel                        
0     00083d81  _AuxAuxClkSel                         
0     00083d8b  _IDLE                                 
0     00083d94  _STANDBY                              
0     00083d9f  _HALT                                 
0     00083db8  _HIB                                  
0     00083dd5  _sampleADCA                           
0     00083de4  _sampleADCB                           
0     00083df3  _main                                 
0     00083ecc  _AdcSetMode                           
0     00083f6f  _CalAdcINL                            
0     00083fa9  _c_int00                              
0     00083fff  __system_post_cinit                   
0     00084000  _InitGpio                             
0     00084040  _GPIO_SetupPinMux                     
0     000840cc  _GPIO_SetupPinOptions                 
0     00084160  _GPIO_SetupLock                       
0     00084189  _GPIO_SetupXINT1Gpio                  
0     00084193  _GPIO_SetupXINT2Gpio                  
0     0008419d  _GPIO_SetupXINT3Gpio                  
0     000841a7  _GPIO_SetupXINT4Gpio                  
0     000841b1  _GPIO_SetupXINT5Gpio                  
0     000841bb  _GPIO_EnableUnbondedIOPullupsFor176Pin
0     000841d4  _GPIO_EnableUnbondedIOPullupsFor100Pin
0     000841f9  _GPIO_EnableUnbondedIOPullups         
0     0008420f  _GPIO_ReadPin                         
0     00084226  _GPIO_WritePin                        
0     00084244  FS$$DIV                               
0     000842cc  _InitCpuTimers                        
0     0008430d  _ConfigCpuTimer                       
0     00084348  _copy_in                              
0     0008438e  C$$EXIT                               
0     0008438e  _abort                                
0     00084390  _exit                                 
0     000843b7  _InitPieCtrl                          
0     000843d6  _EnableInterrupts                     
0     000843df  _InitPieVectTable                     
0     00084405  _memcpy                               
0     00084423  _ddcopy                               
0     00084423  _dpcopy                               
0     00084423  _pdcopy                               
0     00084423  _ppcopy                               
0     0008443d  __args_main                           
0     00084456  LL$$AND                               
0     0008445e  LL$$OR                                
0     00084466  LL$$XOR                               
0     0008446e  _cpu_timer0_isr                       
0     00084484  _memcmp                               
0     00084499  _IntDefaultHandler                    
0     000844a8  _memset                               
0     000844b4  __register_unlock                     
0     000844b8  __register_lock                       
0     000844bc  __nop                                 
0     000844bd  __system_pre_init                     
0     00086000  _RamfuncsLoadStart                    
0     0008603f  _RamfuncsLoadEnd                      
0     00090000  _PieVectTableInit                     
1     00000400  __stack                               
1     00000800  __STACK_END                           
1     00000b00  _AdcaResultRegs                       
1     00000b20  _AdcbResultRegs                       
1     00000b40  _AdccResultRegs                       
1     00000b60  _AdcdResultRegs                       
1     00000c00  _CpuTimer0Regs                        
1     00000c08  _CpuTimer1Regs                        
1     00000c10  _CpuTimer2Regs                        
1     00000ce0  _PieCtrlRegs                          
1     00000d00  _EmuKey                               
1     00000d00  _PieVectTable                         
1     00000d01  _EmuBMode                             
1     00001000  _DmaRegs                              
1     00001400  _Cla1Regs                             
1     00004000  _EPwm1Regs                            
1     00004100  _EPwm2Regs                            
1     00004200  _EPwm3Regs                            
1     00004300  _EPwm4Regs                            
1     00004400  _EPwm5Regs                            
1     00004500  _EPwm6Regs                            
1     00004600  _EPwm7Regs                            
1     00004700  _EPwm8Regs                            
1     00004800  _EPwm9Regs                            
1     00004900  _EPwm10Regs                           
1     00004a00  _EPwm11Regs                           
1     00004b00  _EPwm12Regs                           
1     00005000  _ECap1Regs                            
1     00005020  _ECap2Regs                            
1     00005040  _ECap3Regs                            
1     00005060  _ECap4Regs                            
1     00005080  _ECap5Regs                            
1     000050a0  _ECap6Regs                            
1     00005100  _EQep1Regs                            
1     00005140  _EQep2Regs                            
1     00005180  _EQep3Regs                            
1     00005c00  _DacaRegs                             
1     00005c10  _DacbRegs                             
1     00005c20  _DaccRegs                             
1     00005c80  _Cmpss1Regs                           
1     00005ca0  _Cmpss2Regs                           
1     00005cc0  _Cmpss3Regs                           
1     00005ce0  _Cmpss4Regs                           
1     00005d00  _Cmpss5Regs                           
1     00005d20  _Cmpss6Regs                           
1     00005d40  _Cmpss7Regs                           
1     00005d60  _Cmpss8Regs                           
1     00005e00  _Sdfm1Regs                            
1     00005e80  _Sdfm2Regs                            
1     00006000  _McbspaRegs                           
1     00006040  _McbspbRegs                           
1     00006100  _SpiaRegs                             
1     00006110  _SpibRegs                             
1     00006120  _SpicRegs                             
1     00006200  _UppRegs                              
1     00007000  _WdRegs                               
1     00007060  _NmiIntruptRegs                       
1     00007070  _XintRegs                             
1     00007200  _SciaRegs                             
1     00007210  _ScibRegs                             
1     00007220  _ScicRegs                             
1     00007230  _ScidRegs                             
1     00007300  _I2caRegs                             
1     00007340  _I2cbRegs                             
1     00007400  _AdcaRegs                             
1     00007480  _AdcbRegs                             
1     00007500  _AdccRegs                             
1     00007580  _AdcdRegs                             
1     00007900  _InputXbarRegs                        
1     00007920  _XbarRegs                             
1     00007940  _SyncSocRegs                          
1     00007980  _DmaClaSrcSelRegs                     
1     00007a00  _EPwmXbarRegs                         
1     00007a80  _OutputXbarRegs                       
1     00007c00  _GpioCtrlRegs                         
1     00007f00  _GpioDataRegs                         
1     0000aa18  _CpuTimer1                            
1     0000aa20  _CpuTimer2                            
1     0000aa28  _CpuTimer0                            
1     0000aa36  ___TI_enable_exit_profile_output      
1     0000aa38  ___TI_cleanup_ptr                     
1     0000aa3a  ___TI_dtors_ptr                       
1     0000aa45  _deviceOpen                           
1     0000aa46  __lock                                
1     0000aa48  __unlock                              
1     00047000  _Emif1Regs                            
1     00047800  _Emif2Regs                            
1     00050000  _IpcRegs                              
1     00050024  _FlashPumpSemaphoreRegs               
1     0005d000  _DevCfgRegs                           
1     0005d180  _AnalogSubsysRegs                     
1     0005d200  _ClkCfgRegs                           
1     0005d300  _CpuSysRegs                           
1     0005e608  _RomPrefetchRegs                      
1     0005f000  _DcsmZ1Regs                           
1     0005f040  _DcsmZ2Regs                           
1     0005f070  _DcsmCommonRegs                       
1     0005f400  _MemCfgRegs                           
1     0005f480  _Emif1ConfigRegs                      
1     0005f4a0  _Emif2ConfigRegs                      
1     0005f4c0  _AccessProtectionRegs                 
1     0005f500  _MemoryErrorRegs                      
1     0005f540  _RomWaitStateRegs                     
1     0005f800  _Flash0CtrlRegs                       
1     0005fb00  _Flash0EccRegs                        
1     00078000  _DcsmZ1Otp                            
1     00078200  _DcsmZ2Otp                            
abs   0000003f  _RamfuncsLoadSize                     
abs   0000003f  _RamfuncsRunSize                      
abs   00000400  __STACK_SIZE                          
abs   ffffffff  .text                                 
abs   ffffffff  ___TI_pprof_out_hndl                  
abs   ffffffff  ___TI_prof_data_size                  
abs   ffffffff  ___TI_prof_data_start                 
abs   ffffffff  ___binit__                            
abs   ffffffff  ___c_args__                           
abs   ffffffff  ___etext__                            
abs   ffffffff  ___pinit__                            
abs   ffffffff  ___text__                             
abs   ffffffff  binit                                 
abs   ffffffff  etext                                 
abs   ffffffff  pinit                                 

[366 symbols]
