<?xml version="1.0"?>
<link_info>
   <banner>TMS320C2000 Linker Unix v6.4.11</banner>
   <copyright>Copyright (c) 1996-2015 Texas Instruments Incorporated</copyright>
   <link_time>0x5876c5f1</link_time>
   <link_errors>0x0</link_errors>
   <output_file>sd_card_jason.out</output_file>
   <entry_point>
      <name>code_start</name>
      <address>0x80000</address>
   </entry_point>
   <input_file_list>
      <input_file id="fl-2">
         <path>./</path>
         <kind>object</kind>
         <file>F2837xD_CodeStartBranch.obj</file>
         <name>F2837xD_CodeStartBranch.obj</name>
      </input_file>
      <input_file id="fl-3">
         <path>./</path>
         <kind>object</kind>
         <file>F2837xD_DefaultISR.obj</file>
         <name>F2837xD_DefaultISR.obj</name>
      </input_file>
      <input_file id="fl-4">
         <path>./</path>
         <kind>object</kind>
         <file>F2837xD_GlobalVariableDefs.obj</file>
         <name>F2837xD_GlobalVariableDefs.obj</name>
      </input_file>
      <input_file id="fl-5">
         <path>./</path>
         <kind>object</kind>
         <file>F2837xD_Gpio.obj</file>
         <name>F2837xD_Gpio.obj</name>
      </input_file>
      <input_file id="fl-6">
         <path>./</path>
         <kind>object</kind>
         <file>F2837xD_PieCtrl.obj</file>
         <name>F2837xD_PieCtrl.obj</name>
      </input_file>
      <input_file id="fl-7">
         <path>./</path>
         <kind>object</kind>
         <file>F2837xD_PieVect.obj</file>
         <name>F2837xD_PieVect.obj</name>
      </input_file>
      <input_file id="fl-8">
         <path>./</path>
         <kind>object</kind>
         <file>F2837xD_Spi.obj</file>
         <name>F2837xD_Spi.obj</name>
      </input_file>
      <input_file id="fl-9">
         <path>./</path>
         <kind>object</kind>
         <file>F2837xD_SysCtrl.obj</file>
         <name>F2837xD_SysCtrl.obj</name>
      </input_file>
      <input_file id="fl-a">
         <path>./</path>
         <kind>object</kind>
         <file>F2837xD_usDelay.obj</file>
         <name>F2837xD_usDelay.obj</name>
      </input_file>
      <input_file id="fl-b">
         <path>./</path>
         <kind>object</kind>
         <file>cmdline.obj</file>
         <name>cmdline.obj</name>
      </input_file>
      <input_file id="fl-c">
         <path>./</path>
         <kind>object</kind>
         <file>ff.obj</file>
         <name>ff.obj</name>
      </input_file>
      <input_file id="fl-d">
         <path>./</path>
         <kind>object</kind>
         <file>interrupt.obj</file>
         <name>interrupt.obj</name>
      </input_file>
      <input_file id="fl-e">
         <path>./</path>
         <kind>object</kind>
         <file>mmc-F2837x.obj</file>
         <name>mmc-F2837x.obj</name>
      </input_file>
      <input_file id="fl-f">
         <path>./</path>
         <kind>object</kind>
         <file>sd_card.obj</file>
         <name>sd_card.obj</name>
      </input_file>
      <input_file id="fl-10">
         <path>./</path>
         <kind>object</kind>
         <file>sysctl.obj</file>
         <name>sysctl.obj</name>
      </input_file>
      <input_file id="fl-11">
         <path>./</path>
         <kind>object</kind>
         <file>systick.obj</file>
         <name>systick.obj</name>
      </input_file>
      <input_file id="fl-12">
         <path>./</path>
         <kind>object</kind>
         <file>uart.obj</file>
         <name>uart.obj</name>
      </input_file>
      <input_file id="fl-13">
         <path>./</path>
         <kind>object</kind>
         <file>uartstdio.obj</file>
         <name>uartstdio.obj</name>
      </input_file>
      <input_file id="fl-14">
         <path>./</path>
         <kind>object</kind>
         <file>ustdlib.obj</file>
         <name>ustdlib.obj</name>
      </input_file>
      <input_file id="fl-1b">
         <path>/home/jason/software/ti/ccsv6/tools/compiler/ti_cgt_c2000_6.4.11/lib/</path>
         <kind>archive</kind>
         <file>rts2800_fpu32.lib</file>
         <name>boot.obj</name>
      </input_file>
      <input_file id="fl-1c">
         <path>/home/jason/software/ti/ccsv6/tools/compiler/ti_cgt_c2000_6.4.11/lib/</path>
         <kind>archive</kind>
         <file>rts2800_fpu32.lib</file>
         <name>exit.obj</name>
      </input_file>
      <input_file id="fl-1d">
         <path>/home/jason/software/ti/ccsv6/tools/compiler/ti_cgt_c2000_6.4.11/lib/</path>
         <kind>archive</kind>
         <file>rts2800_fpu32.lib</file>
         <name>fs_div.obj</name>
      </input_file>
      <input_file id="fl-1e">
         <path>/home/jason/software/ti/ccsv6/tools/compiler/ti_cgt_c2000_6.4.11/lib/</path>
         <kind>archive</kind>
         <file>rts2800_fpu32.lib</file>
         <name>memcmp.obj</name>
      </input_file>
      <input_file id="fl-1f">
         <path>/home/jason/software/ti/ccsv6/tools/compiler/ti_cgt_c2000_6.4.11/lib/</path>
         <kind>archive</kind>
         <file>rts2800_fpu32.lib</file>
         <name>memcpy.obj</name>
      </input_file>
      <input_file id="fl-20">
         <path>/home/jason/software/ti/ccsv6/tools/compiler/ti_cgt_c2000_6.4.11/lib/</path>
         <kind>archive</kind>
         <file>rts2800_fpu32.lib</file>
         <name>memset.obj</name>
      </input_file>
      <input_file id="fl-21">
         <path>/home/jason/software/ti/ccsv6/tools/compiler/ti_cgt_c2000_6.4.11/lib/</path>
         <kind>archive</kind>
         <file>rts2800_fpu32.lib</file>
         <name>strcmp.obj</name>
      </input_file>
      <input_file id="fl-22">
         <path>/home/jason/software/ti/ccsv6/tools/compiler/ti_cgt_c2000_6.4.11/lib/</path>
         <kind>archive</kind>
         <file>rts2800_fpu32.lib</file>
         <name>_lock.obj</name>
      </input_file>
      <input_file id="fl-23">
         <path>/home/jason/software/ti/ccsv6/tools/compiler/ti_cgt_c2000_6.4.11/lib/</path>
         <kind>archive</kind>
         <file>rts2800_fpu32.lib</file>
         <name>args_main.obj</name>
      </input_file>
   </input_file_list>
   <object_component_list>
      <object_component id="oc-162">
         <name>.cinit</name>
         <load_address>0x82000</load_address>
         <run_address>0x82000</run_address>
         <size>0xa</size>
         <input_file_ref idref="fl-1c"/>
      </object_component>
      <object_component id="oc-149">
         <name>.cinit</name>
         <load_address>0x8200a</load_address>
         <run_address>0x8200a</run_address>
         <size>0x9</size>
         <input_file_ref idref="fl-13"/>
      </object_component>
      <object_component id="oc-12a">
         <name>.cinit</name>
         <load_address>0x82013</load_address>
         <run_address>0x82013</run_address>
         <size>0x8</size>
         <input_file_ref idref="fl-e"/>
      </object_component>
      <object_component id="oc-190">
         <name>.cinit:__lock</name>
         <load_address>0x8201b</load_address>
         <run_address>0x8201b</run_address>
         <size>0x5</size>
         <input_file_ref idref="fl-22"/>
      </object_component>
      <object_component id="oc-199">
         <name>.cinit:__unlock</name>
         <load_address>0x82020</load_address>
         <run_address>0x82020</run_address>
         <size>0x5</size>
         <input_file_ref idref="fl-22"/>
      </object_component>
      <object_component id="oc-152">
         <name>.cinit</name>
         <load_address>0x82025</load_address>
         <run_address>0x82025</run_address>
         <size>0x4</size>
         <input_file_ref idref="fl-14"/>
      </object_component>
      <object_component id="oc-197">
         <name>.text</name>
         <load_address>0x8202c</load_address>
         <run_address>0x8202c</run_address>
         <size>0x10e6</size>
         <input_file_ref idref="fl-c"/>
      </object_component>
      <object_component id="oc-8f">
         <name>.text:retain</name>
         <load_address>0x83112</load_address>
         <run_address>0x83112</run_address>
         <size>0x585</size>
         <input_file_ref idref="fl-3"/>
      </object_component>
      <object_component id="oc-18b">
         <name>.text</name>
         <load_address>0x83697</load_address>
         <run_address>0x83697</run_address>
         <size>0x474</size>
         <input_file_ref idref="fl-e"/>
      </object_component>
      <object_component id="oc-191">
         <name>.text</name>
         <load_address>0x83b0b</load_address>
         <run_address>0x83b0b</run_address>
         <size>0x34c</size>
         <input_file_ref idref="fl-9"/>
      </object_component>
      <object_component id="oc-168">
         <name>.text</name>
         <load_address>0x83e57</load_address>
         <run_address>0x83e57</run_address>
         <size>0x88</size>
         <input_file_ref idref="fl-1d"/>
      </object_component>
      <object_component id="oc-194">
         <name>.text</name>
         <load_address>0x83edf</load_address>
         <run_address>0x83edf</run_address>
         <size>0x55</size>
         <input_file_ref idref="fl-11"/>
      </object_component>
      <object_component id="oc-15a">
         <name>.text</name>
         <load_address>0x83f34</load_address>
         <run_address>0x83f34</run_address>
         <size>0x46</size>
         <input_file_ref idref="fl-1b"/>
      </object_component>
      <object_component id="oc-18e">
         <name>.text</name>
         <load_address>0x83f7a</load_address>
         <run_address>0x83f7a</run_address>
         <size>0x3e</size>
         <input_file_ref idref="fl-f"/>
      </object_component>
      <object_component id="oc-132">
         <name>.text:retain</name>
         <load_address>0x83fb8</load_address>
         <run_address>0x83fb8</run_address>
         <size>0x31</size>
         <input_file_ref idref="fl-f"/>
      </object_component>
      <object_component id="oc-19d">
         <name>.text</name>
         <load_address>0x83fe9</load_address>
         <run_address>0x83fe9</run_address>
         <size>0x15</size>
         <input_file_ref idref="fl-1e"/>
      </object_component>
      <object_component id="oc-195">
         <name>.text</name>
         <load_address>0x84000</load_address>
         <run_address>0x84000</run_address>
         <size>0x273</size>
         <input_file_ref idref="fl-10"/>
      </object_component>
      <object_component id="oc-19c">
         <name>.text</name>
         <load_address>0x84273</load_address>
         <run_address>0x84273</run_address>
         <size>0x24a</size>
         <input_file_ref idref="fl-5"/>
      </object_component>
      <object_component id="oc-196">
         <name>.text</name>
         <load_address>0x844bd</load_address>
         <run_address>0x844bd</run_address>
         <size>0x1d7</size>
         <input_file_ref idref="fl-d"/>
      </object_component>
      <object_component id="oc-192">
         <name>.text</name>
         <load_address>0x84694</load_address>
         <run_address>0x84694</run_address>
         <size>0x28</size>
         <input_file_ref idref="fl-6"/>
      </object_component>
      <object_component id="oc-193">
         <name>.text</name>
         <load_address>0x846bc</load_address>
         <run_address>0x846bc</run_address>
         <size>0x28</size>
         <input_file_ref idref="fl-7"/>
      </object_component>
      <object_component id="oc-19a">
         <name>.text</name>
         <load_address>0x846e4</load_address>
         <run_address>0x846e4</run_address>
         <size>0x1e</size>
         <input_file_ref idref="fl-1f"/>
      </object_component>
      <object_component id="oc-18c">
         <name>.text</name>
         <load_address>0x84702</load_address>
         <run_address>0x84702</run_address>
         <size>0x19</size>
         <input_file_ref idref="fl-23"/>
      </object_component>
      <object_component id="oc-18d">
         <name>.text</name>
         <load_address>0x8471b</load_address>
         <run_address>0x8471b</run_address>
         <size>0x19</size>
         <input_file_ref idref="fl-1c"/>
      </object_component>
      <object_component id="oc-124">
         <name>.text:retain</name>
         <load_address>0x84734</load_address>
         <run_address>0x84734</run_address>
         <size>0xf</size>
         <input_file_ref idref="fl-d"/>
      </object_component>
      <object_component id="oc-19e">
         <name>.text</name>
         <load_address>0x84743</load_address>
         <run_address>0x84743</run_address>
         <size>0xc</size>
         <input_file_ref idref="fl-20"/>
      </object_component>
      <object_component id="oc-198">
         <name>.text</name>
         <load_address>0x8474f</load_address>
         <run_address>0x8474f</run_address>
         <size>0x9</size>
         <input_file_ref idref="fl-22"/>
      </object_component>
      <object_component id="oc-89">
         <name>.text</name>
         <load_address>0x84758</load_address>
         <run_address>0x84758</run_address>
         <size>0x8</size>
         <input_file_ref idref="fl-2"/>
      </object_component>
      <object_component id="oc-88">
         <name>codestart</name>
         <load_address>0x80000</load_address>
         <run_address>0x80000</run_address>
         <size>0x2</size>
         <input_file_ref idref="fl-2"/>
      </object_component>
      <object_component id="oc-19b">
         <name>ramfuncs</name>
         <load_address>0x86000</load_address>
         <run_address>0x8000</run_address>
         <size>0x37</size>
         <input_file_ref idref="fl-9"/>
      </object_component>
      <object_component id="oc-111">
         <name>ramfuncs</name>
         <load_address>0x86037</load_address>
         <run_address>0x8037</run_address>
         <size>0x4</size>
         <input_file_ref idref="fl-a"/>
      </object_component>
      <object_component id="oc-139">
         <name>ramfuncs</name>
         <load_address>0x8603b</load_address>
         <run_address>0x803b</run_address>
         <size>0x4</size>
         <input_file_ref idref="fl-10"/>
      </object_component>
      <object_component id="oc-15b">
         <name>.stack</name>
         <uninitialized>true</uninitialized>
         <run_address>0x400</run_address>
         <size>0x0</size>
         <input_file_ref idref="fl-1b"/>
      </object_component>
      <object_component id="oc-22c">
         <name>.stack</name>
         <uninitialized>true</uninitialized>
         <run_address>0x400</run_address>
         <size>0x0</size>
      </object_component>
      <object_component id="oc-131">
         <name>.ebss</name>
         <uninitialized>true</uninitialized>
         <run_address>0xa800</run_address>
         <size>0x458</size>
         <input_file_ref idref="fl-f"/>
      </object_component>
      <object_component id="oc-117">
         <name>.ebss</name>
         <uninitialized>true</uninitialized>
         <run_address>0xac58</run_address>
         <size>0x12</size>
         <input_file_ref idref="fl-b"/>
      </object_component>
      <object_component id="oc-11d">
         <name>.ebss</name>
         <uninitialized>true</uninitialized>
         <run_address>0xac6a</run_address>
         <size>0x6</size>
         <input_file_ref idref="fl-c"/>
      </object_component>
      <object_component id="oc-12b">
         <name>.ebss</name>
         <uninitialized>true</uninitialized>
         <run_address>0xac70</run_address>
         <size>0x5</size>
         <input_file_ref idref="fl-e"/>
      </object_component>
      <object_component id="oc-153">
         <name>.ebss</name>
         <uninitialized>true</uninitialized>
         <run_address>0xac75</run_address>
         <size>0x1</size>
         <input_file_ref idref="fl-14"/>
      </object_component>
      <object_component id="oc-163">
         <name>.ebss</name>
         <uninitialized>true</uninitialized>
         <run_address>0xac76</run_address>
         <size>0x4</size>
         <input_file_ref idref="fl-1c"/>
      </object_component>
      <object_component id="oc-14a">
         <name>.ebss</name>
         <uninitialized>true</uninitialized>
         <run_address>0xac7a</run_address>
         <size>0x4</size>
         <input_file_ref idref="fl-13"/>
      </object_component>
      <object_component id="oc-18f">
         <name>.ebss:__lock</name>
         <uninitialized>true</uninitialized>
         <run_address>0xac7e</run_address>
         <size>0x2</size>
         <input_file_ref idref="fl-22"/>
      </object_component>
      <object_component id="oc-19f">
         <name>.ebss:__unlock</name>
         <uninitialized>true</uninitialized>
         <run_address>0xac80</run_address>
         <size>0x2</size>
         <input_file_ref idref="fl-22"/>
      </object_component>
      <object_component id="oc-102">
         <name>.econst</name>
         <load_address>0x90000</load_address>
         <run_address>0x90000</run_address>
         <size>0x1c0</size>
         <input_file_ref idref="fl-7"/>
      </object_component>
      <object_component id="oc-14c">
         <name>.econst:.string</name>
         <load_address>0x901c0</load_address>
         <run_address>0x901c0</run_address>
         <size>0x22</size>
         <input_file_ref idref="fl-13"/>
      </object_component>
      <object_component id="oc-155">
         <name>.econst:.string</name>
         <load_address>0x901e2</load_address>
         <run_address>0x901e2</run_address>
         <size>0x18</size>
         <input_file_ref idref="fl-14"/>
      </object_component>
      <object_component id="oc-133">
         <name>.econst:.string</name>
         <load_address>0x901fa</load_address>
         <run_address>0x901fa</run_address>
         <size>0xf</size>
         <input_file_ref idref="fl-f"/>
      </object_component>
      <object_component id="oc-11e">
         <name>.econst:.string</name>
         <load_address>0x9020a</load_address>
         <run_address>0x9020a</run_address>
         <size>0xa</size>
         <input_file_ref idref="fl-c"/>
      </object_component>
      <object_component id="oc-14b">
         <name>.econst</name>
         <load_address>0x90214</load_address>
         <run_address>0x90214</run_address>
         <size>0x2</size>
         <input_file_ref idref="fl-13"/>
      </object_component>
      <object_component id="oc-154">
         <name>.econst</name>
         <load_address>0x90216</load_address>
         <run_address>0x90216</run_address>
         <size>0x2</size>
         <input_file_ref idref="fl-14"/>
      </object_component>
      <object_component id="oc-15c">
         <name>.reset</name>
         <load_address>0x3fffc0</load_address>
         <run_address>0x3fffc0</run_address>
         <size>0x2</size>
         <input_file_ref idref="fl-1b"/>
      </object_component>
      <object_component id="oc-f5">
         <name>PieVectTableFile</name>
         <uninitialized>true</uninitialized>
         <run_address>0xd00</run_address>
         <size>0x1c0</size>
         <input_file_ref idref="fl-4"/>
      </object_component>
      <object_component id="oc-95">
         <name>EmuKeyVar</name>
         <uninitialized>true</uninitialized>
         <run_address>0xd00</run_address>
         <size>0x1</size>
         <input_file_ref idref="fl-4"/>
      </object_component>
      <object_component id="oc-96">
         <name>EmuBModeVar</name>
         <uninitialized>true</uninitialized>
         <run_address>0xd01</run_address>
         <size>0x1</size>
         <input_file_ref idref="fl-4"/>
      </object_component>
      <object_component id="oc-ad">
         <name>AdcaResultFile</name>
         <uninitialized>true</uninitialized>
         <run_address>0xb00</run_address>
         <size>0x18</size>
         <input_file_ref idref="fl-4"/>
      </object_component>
      <object_component id="oc-ac">
         <name>AdcbResultFile</name>
         <uninitialized>true</uninitialized>
         <run_address>0xb20</run_address>
         <size>0x18</size>
         <input_file_ref idref="fl-4"/>
      </object_component>
      <object_component id="oc-af">
         <name>AdccResultFile</name>
         <uninitialized>true</uninitialized>
         <run_address>0xb40</run_address>
         <size>0x18</size>
         <input_file_ref idref="fl-4"/>
      </object_component>
      <object_component id="oc-ae">
         <name>AdcdResultFile</name>
         <uninitialized>true</uninitialized>
         <run_address>0xb60</run_address>
         <size>0x18</size>
         <input_file_ref idref="fl-4"/>
      </object_component>
      <object_component id="oc-e0">
         <name>AdcaRegsFile</name>
         <uninitialized>true</uninitialized>
         <run_address>0x7400</run_address>
         <size>0x80</size>
         <input_file_ref idref="fl-4"/>
      </object_component>
      <object_component id="oc-df">
         <name>AdcbRegsFile</name>
         <uninitialized>true</uninitialized>
         <run_address>0x7480</run_address>
         <size>0x80</size>
         <input_file_ref idref="fl-4"/>
      </object_component>
      <object_component id="oc-dd">
         <name>AdccRegsFile</name>
         <uninitialized>true</uninitialized>
         <run_address>0x7500</run_address>
         <size>0x80</size>
         <input_file_ref idref="fl-4"/>
      </object_component>
      <object_component id="oc-de">
         <name>AdcdRegsFile</name>
         <uninitialized>true</uninitialized>
         <run_address>0x7580</run_address>
         <size>0x80</size>
         <input_file_ref idref="fl-4"/>
      </object_component>
      <object_component id="oc-da">
         <name>AnalogSubsysRegsFile</name>
         <uninitialized>true</uninitialized>
         <run_address>0x5d180</run_address>
         <size>0x48</size>
         <input_file_ref idref="fl-4"/>
      </object_component>
      <object_component id="oc-d4">
         <name>Cla1RegsFile</name>
         <uninitialized>true</uninitialized>
         <run_address>0x1400</run_address>
         <size>0x3e</size>
         <input_file_ref idref="fl-4"/>
      </object_component>
      <object_component id="oc-9a">
         <name>Cla1SoftIntRegsFile</name>
         <uninitialized>true</uninitialized>
         <run_address>0xce0</run_address>
         <size>0x4</size>
         <input_file_ref idref="fl-4"/>
      </object_component>
      <object_component id="oc-c0">
         <name>Cmpss1RegsFile</name>
         <uninitialized>true</uninitialized>
         <run_address>0x5c80</run_address>
         <size>0x20</size>
         <input_file_ref idref="fl-4"/>
      </object_component>
      <object_component id="oc-bf">
         <name>Cmpss2RegsFile</name>
         <uninitialized>true</uninitialized>
         <run_address>0x5ca0</run_address>
         <size>0x20</size>
         <input_file_ref idref="fl-4"/>
      </object_component>
      <object_component id="oc-c2">
         <name>Cmpss3RegsFile</name>
         <uninitialized>true</uninitialized>
         <run_address>0x5cc0</run_address>
         <size>0x20</size>
         <input_file_ref idref="fl-4"/>
      </object_component>
      <object_component id="oc-c1">
         <name>Cmpss4RegsFile</name>
         <uninitialized>true</uninitialized>
         <run_address>0x5ce0</run_address>
         <size>0x20</size>
         <input_file_ref idref="fl-4"/>
      </object_component>
      <object_component id="oc-c5">
         <name>Cmpss5RegsFile</name>
         <uninitialized>true</uninitialized>
         <run_address>0x5d00</run_address>
         <size>0x20</size>
         <input_file_ref idref="fl-4"/>
      </object_component>
      <object_component id="oc-bb">
         <name>Cmpss6RegsFile</name>
         <uninitialized>true</uninitialized>
         <run_address>0x5d20</run_address>
         <size>0x20</size>
         <input_file_ref idref="fl-4"/>
      </object_component>
      <object_component id="oc-ba">
         <name>Cmpss7RegsFile</name>
         <uninitialized>true</uninitialized>
         <run_address>0x5d40</run_address>
         <size>0x20</size>
         <input_file_ref idref="fl-4"/>
      </object_component>
      <object_component id="oc-bd">
         <name>Cmpss8RegsFile</name>
         <uninitialized>true</uninitialized>
         <run_address>0x5d60</run_address>
         <size>0x20</size>
         <input_file_ref idref="fl-4"/>
      </object_component>
      <object_component id="oc-a2">
         <name>CpuTimer0RegsFile</name>
         <uninitialized>true</uninitialized>
         <run_address>0xc00</run_address>
         <size>0x8</size>
         <input_file_ref idref="fl-4"/>
      </object_component>
      <object_component id="oc-a3">
         <name>CpuTimer1RegsFile</name>
         <uninitialized>true</uninitialized>
         <run_address>0xc08</run_address>
         <size>0x8</size>
         <input_file_ref idref="fl-4"/>
      </object_component>
      <object_component id="oc-a0">
         <name>CpuTimer2RegsFile</name>
         <uninitialized>true</uninitialized>
         <run_address>0xc10</run_address>
         <size>0x8</size>
         <input_file_ref idref="fl-4"/>
      </object_component>
      <object_component id="oc-9d">
         <name>DacaRegsFile</name>
         <uninitialized>true</uninitialized>
         <run_address>0x5c00</run_address>
         <size>0x8</size>
         <input_file_ref idref="fl-4"/>
      </object_component>
      <object_component id="oc-9e">
         <name>DacbRegsFile</name>
         <uninitialized>true</uninitialized>
         <run_address>0x5c10</run_address>
         <size>0x8</size>
         <input_file_ref idref="fl-4"/>
      </object_component>
      <object_component id="oc-9f">
         <name>DaccRegsFile</name>
         <uninitialized>true</uninitialized>
         <run_address>0x5c20</run_address>
         <size>0x8</size>
         <input_file_ref idref="fl-4"/>
      </object_component>
      <object_component id="oc-cf">
         <name>DcsmZ1RegsFile</name>
         <uninitialized>true</uninitialized>
         <run_address>0x5f000</run_address>
         <size>0x24</size>
         <input_file_ref idref="fl-4"/>
      </object_component>
      <object_component id="oc-cd">
         <name>DcsmZ2RegsFile</name>
         <uninitialized>true</uninitialized>
         <run_address>0x5f040</run_address>
         <size>0x24</size>
         <input_file_ref idref="fl-4"/>
      </object_component>
      <object_component id="oc-a1">
         <name>DcsmCommonRegsFile</name>
         <uninitialized>true</uninitialized>
         <run_address>0x5f070</run_address>
         <size>0x8</size>
         <input_file_ref idref="fl-4"/>
      </object_component>
      <object_component id="oc-bc">
         <name>DcsmZ1OtpFile</name>
         <uninitialized>true</uninitialized>
         <run_address>0x78000</run_address>
         <size>0x20</size>
         <input_file_ref idref="fl-4"/>
      </object_component>
      <object_component id="oc-be">
         <name>DcsmZ2OtpFile</name>
         <uninitialized>true</uninitialized>
         <run_address>0x78200</run_address>
         <size>0x20</size>
         <input_file_ref idref="fl-4"/>
      </object_component>
      <object_component id="oc-e5">
         <name>DmaRegsFile</name>
         <uninitialized>true</uninitialized>
         <run_address>0x1000</run_address>
         <size>0xe0</size>
         <input_file_ref idref="fl-4"/>
      </object_component>
      <object_component id="oc-b1">
         <name>DmaClaSrcSelRegsFile</name>
         <uninitialized>true</uninitialized>
         <run_address>0x7980</run_address>
         <size>0x1a</size>
         <input_file_ref idref="fl-4"/>
      </object_component>
      <object_component id="oc-c4">
         <name>ECap1RegsFile</name>
         <uninitialized>true</uninitialized>
         <run_address>0x5000</run_address>
         <size>0x20</size>
         <input_file_ref idref="fl-4"/>
      </object_component>
      <object_component id="oc-c3">
         <name>ECap2RegsFile</name>
         <uninitialized>true</uninitialized>
         <run_address>0x5020</run_address>
         <size>0x20</size>
         <input_file_ref idref="fl-4"/>
      </object_component>
      <object_component id="oc-b2">
         <name>ECap3RegsFile</name>
         <uninitialized>true</uninitialized>
         <run_address>0x5040</run_address>
         <size>0x20</size>
         <input_file_ref idref="fl-4"/>
      </object_component>
      <object_component id="oc-b4">
         <name>ECap4RegsFile</name>
         <uninitialized>true</uninitialized>
         <run_address>0x5060</run_address>
         <size>0x20</size>
         <input_file_ref idref="fl-4"/>
      </object_component>
      <object_component id="oc-b9">
         <name>ECap5RegsFile</name>
         <uninitialized>true</uninitialized>
         <run_address>0x5080</run_address>
         <size>0x20</size>
         <input_file_ref idref="fl-4"/>
      </object_component>
      <object_component id="oc-b3">
         <name>ECap6RegsFile</name>
         <uninitialized>true</uninitialized>
         <run_address>0x50a0</run_address>
         <size>0x20</size>
         <input_file_ref idref="fl-4"/>
      </object_component>
      <object_component id="oc-db">
         <name>Emif1RegsFile</name>
         <uninitialized>true</uninitialized>
         <run_address>0x47000</run_address>
         <size>0x70</size>
         <input_file_ref idref="fl-4"/>
      </object_component>
      <object_component id="oc-dc">
         <name>Emif2RegsFile</name>
         <uninitialized>true</uninitialized>
         <run_address>0x47800</run_address>
         <size>0x70</size>
         <input_file_ref idref="fl-4"/>
      </object_component>
      <object_component id="oc-ea">
         <name>EPwm1RegsFile</name>
         <uninitialized>true</uninitialized>
         <run_address>0x4000</run_address>
         <size>0x100</size>
         <input_file_ref idref="fl-4"/>
      </object_component>
      <object_component id="oc-e9">
         <name>EPwm2RegsFile</name>
         <uninitialized>true</uninitialized>
         <run_address>0x4100</run_address>
         <size>0x100</size>
         <input_file_ref idref="fl-4"/>
      </object_component>
      <object_component id="oc-ec">
         <name>EPwm3RegsFile</name>
         <uninitialized>true</uninitialized>
         <run_address>0x4200</run_address>
         <size>0x100</size>
         <input_file_ref idref="fl-4"/>
      </object_component>
      <object_component id="oc-e7">
         <name>EPwm4RegsFile</name>
         <uninitialized>true</uninitialized>
         <run_address>0x4300</run_address>
         <size>0x100</size>
         <input_file_ref idref="fl-4"/>
      </object_component>
      <object_component id="oc-e6">
         <name>EPwm5RegsFile</name>
         <uninitialized>true</uninitialized>
         <run_address>0x4400</run_address>
         <size>0x100</size>
         <input_file_ref idref="fl-4"/>
      </object_component>
      <object_component id="oc-eb">
         <name>EPwm6RegsFile</name>
         <uninitialized>true</uninitialized>
         <run_address>0x4500</run_address>
         <size>0x100</size>
         <input_file_ref idref="fl-4"/>
      </object_component>
      <object_component id="oc-e8">
         <name>EPwm7RegsFile</name>
         <uninitialized>true</uninitialized>
         <run_address>0x4600</run_address>
         <size>0x100</size>
         <input_file_ref idref="fl-4"/>
      </object_component>
      <object_component id="oc-f1">
         <name>EPwm8RegsFile</name>
         <uninitialized>true</uninitialized>
         <run_address>0x4700</run_address>
         <size>0x100</size>
         <input_file_ref idref="fl-4"/>
      </object_component>
      <object_component id="oc-ef">
         <name>EPwm9RegsFile</name>
         <uninitialized>true</uninitialized>
         <run_address>0x4800</run_address>
         <size>0x100</size>
         <input_file_ref idref="fl-4"/>
      </object_component>
      <object_component id="oc-f0">
         <name>EPwm10RegsFile</name>
         <uninitialized>true</uninitialized>
         <run_address>0x4900</run_address>
         <size>0x100</size>
         <input_file_ref idref="fl-4"/>
      </object_component>
      <object_component id="oc-ed">
         <name>EPwm11RegsFile</name>
         <uninitialized>true</uninitialized>
         <run_address>0x4a00</run_address>
         <size>0x100</size>
         <input_file_ref idref="fl-4"/>
      </object_component>
      <object_component id="oc-ee">
         <name>EPwm12RegsFile</name>
         <uninitialized>true</uninitialized>
         <run_address>0x4b00</run_address>
         <size>0x100</size>
         <input_file_ref idref="fl-4"/>
      </object_component>
      <object_component id="oc-d7">
         <name>EPwmXbarRegsFile</name>
         <uninitialized>true</uninitialized>
         <run_address>0x7a00</run_address>
         <size>0x40</size>
         <input_file_ref idref="fl-4"/>
      </object_component>
      <object_component id="oc-ca">
         <name>EQep1RegsFile</name>
         <uninitialized>true</uninitialized>
         <run_address>0x5100</run_address>
         <size>0x22</size>
         <input_file_ref idref="fl-4"/>
      </object_component>
      <object_component id="oc-c8">
         <name>EQep2RegsFile</name>
         <uninitialized>true</uninitialized>
         <run_address>0x5140</run_address>
         <size>0x22</size>
         <input_file_ref idref="fl-4"/>
      </object_component>
      <object_component id="oc-c6">
         <name>EQep3RegsFile</name>
         <uninitialized>true</uninitialized>
         <run_address>0x5180</run_address>
         <size>0x22</size>
         <input_file_ref idref="fl-4"/>
      </object_component>
      <object_component id="oc-f4">
         <name>Flash0CtrlRegsFile</name>
         <uninitialized>true</uninitialized>
         <run_address>0x5f800</run_address>
         <size>0x182</size>
         <input_file_ref idref="fl-4"/>
      </object_component>
      <object_component id="oc-d0">
         <name>Flash0EccRegsFile</name>
         <uninitialized>true</uninitialized>
         <run_address>0x5fb00</run_address>
         <size>0x28</size>
         <input_file_ref idref="fl-4"/>
      </object_component>
      <object_component id="oc-f3">
         <name>GpioCtrlRegsFile</name>
         <uninitialized>true</uninitialized>
         <run_address>0x7c00</run_address>
         <size>0x180</size>
         <input_file_ref idref="fl-4"/>
      </object_component>
      <object_component id="oc-d2">
         <name>GpioDataRegsFile</name>
         <uninitialized>true</uninitialized>
         <run_address>0x7f00</run_address>
         <size>0x30</size>
         <input_file_ref idref="fl-4"/>
      </object_component>
      <object_component id="oc-d8">
         <name>OutputXbarRegsFile</name>
         <uninitialized>true</uninitialized>
         <run_address>0x7a80</run_address>
         <size>0x40</size>
         <input_file_ref idref="fl-4"/>
      </object_component>
      <object_component id="oc-c9">
         <name>I2caRegsFile</name>
         <uninitialized>true</uninitialized>
         <run_address>0x7300</run_address>
         <size>0x22</size>
         <input_file_ref idref="fl-4"/>
      </object_component>
      <object_component id="oc-c7">
         <name>I2cbRegsFile</name>
         <uninitialized>true</uninitialized>
         <run_address>0x7340</run_address>
         <size>0x22</size>
         <input_file_ref idref="fl-4"/>
      </object_component>
      <object_component id="oc-b7">
         <name>InputXbarRegsFile</name>
         <uninitialized>true</uninitialized>
         <run_address>0x7900</run_address>
         <size>0x20</size>
         <input_file_ref idref="fl-4"/>
      </object_component>
      <object_component id="oc-b8">
         <name>XbarRegsFile</name>
         <uninitialized>true</uninitialized>
         <run_address>0x7920</run_address>
         <size>0x20</size>
         <input_file_ref idref="fl-4"/>
      </object_component>
      <object_component id="oc-cb">
         <name>IpcRegsFile</name>
         <uninitialized>true</uninitialized>
         <run_address>0x50000</run_address>
         <size>0x24</size>
         <input_file_ref idref="fl-4"/>
      </object_component>
      <object_component id="oc-97">
         <name>FlashPumpSemaphoreRegsFile</name>
         <uninitialized>true</uninitialized>
         <run_address>0x50024</run_address>
         <size>0x2</size>
         <input_file_ref idref="fl-4"/>
      </object_component>
      <object_component id="oc-99">
         <name>RomPrefetchRegsFile</name>
         <uninitialized>true</uninitialized>
         <run_address>0x5e608</run_address>
         <size>0x2</size>
         <input_file_ref idref="fl-4"/>
      </object_component>
      <object_component id="oc-e2">
         <name>MemCfgRegsFile</name>
         <uninitialized>true</uninitialized>
         <run_address>0x5f400</run_address>
         <size>0x80</size>
         <input_file_ref idref="fl-4"/>
      </object_component>
      <object_component id="oc-b5">
         <name>Emif1ConfigRegsFile</name>
         <uninitialized>true</uninitialized>
         <run_address>0x5f480</run_address>
         <size>0x20</size>
         <input_file_ref idref="fl-4"/>
      </object_component>
      <object_component id="oc-b6">
         <name>Emif2ConfigRegsFile</name>
         <uninitialized>true</uninitialized>
         <run_address>0x5f4a0</run_address>
         <size>0x20</size>
         <input_file_ref idref="fl-4"/>
      </object_component>
      <object_component id="oc-d6">
         <name>AccessProtectionRegsFile</name>
         <uninitialized>true</uninitialized>
         <run_address>0x5f4c0</run_address>
         <size>0x40</size>
         <input_file_ref idref="fl-4"/>
      </object_component>
      <object_component id="oc-d5">
         <name>MemoryErrorRegsFile</name>
         <uninitialized>true</uninitialized>
         <run_address>0x5f500</run_address>
         <size>0x40</size>
         <input_file_ref idref="fl-4"/>
      </object_component>
      <object_component id="oc-98">
         <name>RomWaitStateRegsFile</name>
         <uninitialized>true</uninitialized>
         <run_address>0x5f540</run_address>
         <size>0x2</size>
         <input_file_ref idref="fl-4"/>
      </object_component>
      <object_component id="oc-cc">
         <name>McbspaRegsFile</name>
         <uninitialized>true</uninitialized>
         <run_address>0x6000</run_address>
         <size>0x24</size>
         <input_file_ref idref="fl-4"/>
      </object_component>
      <object_component id="oc-ce">
         <name>McbspbRegsFile</name>
         <uninitialized>true</uninitialized>
         <run_address>0x6040</run_address>
         <size>0x24</size>
         <input_file_ref idref="fl-4"/>
      </object_component>
      <object_component id="oc-d9">
         <name>UppRegsFile</name>
         <uninitialized>true</uninitialized>
         <run_address>0x6200</run_address>
         <size>0x48</size>
         <input_file_ref idref="fl-4"/>
      </object_component>
      <object_component id="oc-9c">
         <name>NmiIntruptRegsFile</name>
         <uninitialized>true</uninitialized>
         <run_address>0x7060</run_address>
         <size>0x7</size>
         <input_file_ref idref="fl-4"/>
      </object_component>
      <object_component id="oc-b0">
         <name>PieCtrlRegsFile</name>
         <uninitialized>true</uninitialized>
         <run_address>0xce0</run_address>
         <size>0x1a</size>
         <input_file_ref idref="fl-4"/>
      </object_component>
      <object_component id="oc-aa">
         <name>SciaRegsFile</name>
         <uninitialized>true</uninitialized>
         <run_address>0x7200</run_address>
         <size>0x10</size>
         <input_file_ref idref="fl-4"/>
      </object_component>
      <object_component id="oc-ab">
         <name>ScibRegsFile</name>
         <uninitialized>true</uninitialized>
         <run_address>0x7210</run_address>
         <size>0x10</size>
         <input_file_ref idref="fl-4"/>
      </object_component>
      <object_component id="oc-a9">
         <name>ScicRegsFile</name>
         <uninitialized>true</uninitialized>
         <run_address>0x7220</run_address>
         <size>0x10</size>
         <input_file_ref idref="fl-4"/>
      </object_component>
      <object_component id="oc-a8">
         <name>ScidRegsFile</name>
         <uninitialized>true</uninitialized>
         <run_address>0x7230</run_address>
         <size>0x10</size>
         <input_file_ref idref="fl-4"/>
      </object_component>
      <object_component id="oc-e1">
         <name>Sdfm1RegsFile</name>
         <uninitialized>true</uninitialized>
         <run_address>0x5e00</run_address>
         <size>0x80</size>
         <input_file_ref idref="fl-4"/>
      </object_component>
      <object_component id="oc-e3">
         <name>Sdfm2RegsFile</name>
         <uninitialized>true</uninitialized>
         <run_address>0x5e80</run_address>
         <size>0x80</size>
         <input_file_ref idref="fl-4"/>
      </object_component>
      <object_component id="oc-a5">
         <name>SpiaRegsFile</name>
         <uninitialized>true</uninitialized>
         <run_address>0x6100</run_address>
         <size>0x10</size>
         <input_file_ref idref="fl-4"/>
      </object_component>
      <object_component id="oc-a7">
         <name>SpibRegsFile</name>
         <uninitialized>true</uninitialized>
         <run_address>0x6110</run_address>
         <size>0x10</size>
         <input_file_ref idref="fl-4"/>
      </object_component>
      <object_component id="oc-a6">
         <name>SpicRegsFile</name>
         <uninitialized>true</uninitialized>
         <run_address>0x6120</run_address>
         <size>0x10</size>
         <input_file_ref idref="fl-4"/>
      </object_component>
      <object_component id="oc-f2">
         <name>DevCfgRegsFile</name>
         <uninitialized>true</uninitialized>
         <run_address>0x5d000</run_address>
         <size>0x12e</size>
         <input_file_ref idref="fl-4"/>
      </object_component>
      <object_component id="oc-d3">
         <name>ClkCfgRegsFile</name>
         <uninitialized>true</uninitialized>
         <run_address>0x5d200</run_address>
         <size>0x32</size>
         <input_file_ref idref="fl-4"/>
      </object_component>
      <object_component id="oc-e4">
         <name>CpuSysRegsFile</name>
         <uninitialized>true</uninitialized>
         <run_address>0x5d300</run_address>
         <size>0x82</size>
         <input_file_ref idref="fl-4"/>
      </object_component>
      <object_component id="oc-9b">
         <name>SyncSocRegsFile</name>
         <uninitialized>true</uninitialized>
         <run_address>0x7940</run_address>
         <size>0x6</size>
         <input_file_ref idref="fl-4"/>
      </object_component>
      <object_component id="oc-d1">
         <name>WdRegsFile</name>
         <uninitialized>true</uninitialized>
         <run_address>0x7000</run_address>
         <size>0x2b</size>
         <input_file_ref idref="fl-4"/>
      </object_component>
      <object_component id="oc-a4">
         <name>XintRegsFile</name>
         <uninitialized>true</uninitialized>
         <run_address>0x7070</run_address>
         <size>0xb</size>
         <input_file_ref idref="fl-4"/>
      </object_component>
      <object_component id="oc-8a">
         <name>.debug_info</name>
         <load_address>0x0</load_address>
         <run_address>0x0</run_address>
         <size>0x238</size>
         <input_file_ref idref="fl-2"/>
      </object_component>
      <object_component id="oc-8e">
         <name>.debug_info</name>
         <load_address>0x238</load_address>
         <run_address>0x238</run_address>
         <size>0x91ec</size>
         <input_file_ref idref="fl-3"/>
      </object_component>
      <object_component id="oc-94">
         <name>.debug_info</name>
         <load_address>0x9424</load_address>
         <run_address>0x9424</run_address>
         <size>0x4dc6c</size>
         <input_file_ref idref="fl-4"/>
      </object_component>
      <object_component id="oc-f7">
         <name>.debug_info</name>
         <load_address>0x57090</load_address>
         <run_address>0x57090</run_address>
         <size>0x19d59</size>
         <input_file_ref idref="fl-5"/>
      </object_component>
      <object_component id="oc-fc">
         <name>.debug_info</name>
         <load_address>0x70de9</load_address>
         <run_address>0x70de9</run_address>
         <size>0x3728</size>
         <input_file_ref idref="fl-6"/>
      </object_component>
      <object_component id="oc-101">
         <name>.debug_info</name>
         <load_address>0x74511</load_address>
         <run_address>0x74511</run_address>
         <size>0x6845</size>
         <input_file_ref idref="fl-7"/>
      </object_component>
      <object_component id="oc-107">
         <name>.debug_info</name>
         <load_address>0x7ad56</load_address>
         <run_address>0x7ad56</run_address>
         <size>0xf45c</size>
         <input_file_ref idref="fl-8"/>
      </object_component>
      <object_component id="oc-10c">
         <name>.debug_info</name>
         <load_address>0x8a1b2</load_address>
         <run_address>0x8a1b2</run_address>
         <size>0xd970</size>
         <input_file_ref idref="fl-9"/>
      </object_component>
      <object_component id="oc-112">
         <name>.debug_info</name>
         <load_address>0x97b22</load_address>
         <run_address>0x97b22</run_address>
         <size>0x1ae</size>
         <input_file_ref idref="fl-a"/>
      </object_component>
      <object_component id="oc-116">
         <name>.debug_info</name>
         <load_address>0x97cd0</load_address>
         <run_address>0x97cd0</run_address>
         <size>0x522</size>
         <input_file_ref idref="fl-b"/>
      </object_component>
      <object_component id="oc-11c">
         <name>.debug_info</name>
         <load_address>0x981f2</load_address>
         <run_address>0x981f2</run_address>
         <size>0x4664</size>
         <input_file_ref idref="fl-c"/>
      </object_component>
      <object_component id="oc-123">
         <name>.debug_info</name>
         <load_address>0x9c856</load_address>
         <run_address>0x9c856</run_address>
         <size>0x63a9</size>
         <input_file_ref idref="fl-d"/>
      </object_component>
      <object_component id="oc-129">
         <name>.debug_info</name>
         <load_address>0xa2bff</load_address>
         <run_address>0xa2bff</run_address>
         <size>0x1a025</size>
         <input_file_ref idref="fl-e"/>
      </object_component>
      <object_component id="oc-130">
         <name>.debug_info</name>
         <load_address>0xbcc24</load_address>
         <run_address>0xbcc24</run_address>
         <size>0x3f5b</size>
         <input_file_ref idref="fl-f"/>
      </object_component>
      <object_component id="oc-138">
         <name>.debug_info</name>
         <load_address>0xc0b7f</load_address>
         <run_address>0xc0b7f</run_address>
         <size>0x8e69</size>
         <input_file_ref idref="fl-10"/>
      </object_component>
      <object_component id="oc-13e">
         <name>.debug_info</name>
         <load_address>0xc99e8</load_address>
         <run_address>0xc99e8</run_address>
         <size>0x131d</size>
         <input_file_ref idref="fl-11"/>
      </object_component>
      <object_component id="oc-143">
         <name>.debug_info</name>
         <load_address>0xcad05</load_address>
         <run_address>0xcad05</run_address>
         <size>0x4d1</size>
         <input_file_ref idref="fl-12"/>
      </object_component>
      <object_component id="oc-148">
         <name>.debug_info</name>
         <load_address>0xcb1d6</load_address>
         <run_address>0xcb1d6</run_address>
         <size>0x5f5</size>
         <input_file_ref idref="fl-13"/>
      </object_component>
      <object_component id="oc-151">
         <name>.debug_info</name>
         <load_address>0xcb7cb</load_address>
         <run_address>0xcb7cb</run_address>
         <size>0x595</size>
         <input_file_ref idref="fl-14"/>
      </object_component>
      <object_component id="oc-15d">
         <name>.debug_info</name>
         <load_address>0xcbd60</load_address>
         <run_address>0xcbd60</run_address>
         <size>0x12a</size>
         <input_file_ref idref="fl-1b"/>
      </object_component>
      <object_component id="oc-161">
         <name>.debug_info</name>
         <load_address>0xcbe8a</load_address>
         <run_address>0xcbe8a</run_address>
         <size>0x4d3</size>
         <input_file_ref idref="fl-1c"/>
      </object_component>
      <object_component id="oc-169">
         <name>.debug_info</name>
         <load_address>0xcc35d</load_address>
         <run_address>0xcc35d</run_address>
         <size>0x10c</size>
         <input_file_ref idref="fl-1d"/>
      </object_component>
      <object_component id="oc-16d">
         <name>.debug_info</name>
         <load_address>0xcc469</load_address>
         <run_address>0xcc469</run_address>
         <size>0x52d</size>
         <input_file_ref idref="fl-1e"/>
      </object_component>
      <object_component id="oc-172">
         <name>.debug_info</name>
         <load_address>0xcc996</load_address>
         <run_address>0xcc996</run_address>
         <size>0x46b</size>
         <input_file_ref idref="fl-1f"/>
      </object_component>
      <object_component id="oc-177">
         <name>.debug_info</name>
         <load_address>0xcce01</load_address>
         <run_address>0xcce01</run_address>
         <size>0x523</size>
         <input_file_ref idref="fl-20"/>
      </object_component>
      <object_component id="oc-17c">
         <name>.debug_info</name>
         <load_address>0xcd324</load_address>
         <run_address>0xcd324</run_address>
         <size>0x38a</size>
         <input_file_ref idref="fl-21"/>
      </object_component>
      <object_component id="oc-181">
         <name>.debug_info</name>
         <load_address>0xcd6ae</load_address>
         <run_address>0xcd6ae</run_address>
         <size>0x4fd</size>
         <input_file_ref idref="fl-22"/>
      </object_component>
      <object_component id="oc-186">
         <name>.debug_info</name>
         <load_address>0xcdbab</load_address>
         <run_address>0xcdbab</run_address>
         <size>0x4ca</size>
         <input_file_ref idref="fl-23"/>
      </object_component>
      <object_component id="oc-231">
         <name>.debug_info</name>
         <load_address>0xce075</load_address>
         <run_address>0xce075</run_address>
         <size>0xc1</size>
      </object_component>
      <object_component id="oc-8b">
         <name>.debug_line</name>
         <load_address>0x0</load_address>
         <run_address>0x0</run_address>
         <size>0xb4</size>
         <input_file_ref idref="fl-2"/>
      </object_component>
      <object_component id="oc-91">
         <name>.debug_line</name>
         <load_address>0xb4</load_address>
         <run_address>0xb4</run_address>
         <size>0xd2f</size>
         <input_file_ref idref="fl-3"/>
      </object_component>
      <object_component id="oc-f9">
         <name>.debug_line</name>
         <load_address>0xde3</load_address>
         <run_address>0xde3</run_address>
         <size>0x264</size>
         <input_file_ref idref="fl-5"/>
      </object_component>
      <object_component id="oc-fe">
         <name>.debug_line</name>
         <load_address>0x1047</load_address>
         <run_address>0x1047</run_address>
         <size>0xd9</size>
         <input_file_ref idref="fl-6"/>
      </object_component>
      <object_component id="oc-104">
         <name>.debug_line</name>
         <load_address>0x1120</load_address>
         <run_address>0x1120</run_address>
         <size>0xbd</size>
         <input_file_ref idref="fl-7"/>
      </object_component>
      <object_component id="oc-109">
         <name>.debug_line</name>
         <load_address>0x11dd</load_address>
         <run_address>0x11dd</run_address>
         <size>0x85</size>
         <input_file_ref idref="fl-8"/>
      </object_component>
      <object_component id="oc-10e">
         <name>.debug_line</name>
         <load_address>0x1262</load_address>
         <run_address>0x1262</run_address>
         <size>0x4f6</size>
         <input_file_ref idref="fl-9"/>
      </object_component>
      <object_component id="oc-113">
         <name>.debug_line</name>
         <load_address>0x1758</load_address>
         <run_address>0x1758</run_address>
         <size>0x9b</size>
         <input_file_ref idref="fl-a"/>
      </object_component>
      <object_component id="oc-119">
         <name>.debug_line</name>
         <load_address>0x17f3</load_address>
         <run_address>0x17f3</run_address>
         <size>0x80</size>
         <input_file_ref idref="fl-b"/>
      </object_component>
      <object_component id="oc-120">
         <name>.debug_line</name>
         <load_address>0x1873</load_address>
         <run_address>0x1873</run_address>
         <size>0xc81</size>
         <input_file_ref idref="fl-c"/>
      </object_component>
      <object_component id="oc-126">
         <name>.debug_line</name>
         <load_address>0x24f4</load_address>
         <run_address>0x24f4</run_address>
         <size>0x1f8</size>
         <input_file_ref idref="fl-d"/>
      </object_component>
      <object_component id="oc-12d">
         <name>.debug_line</name>
         <load_address>0x26ec</load_address>
         <run_address>0x26ec</run_address>
         <size>0x660</size>
         <input_file_ref idref="fl-e"/>
      </object_component>
      <object_component id="oc-135">
         <name>.debug_line</name>
         <load_address>0x2d4c</load_address>
         <run_address>0x2d4c</run_address>
         <size>0xcd</size>
         <input_file_ref idref="fl-f"/>
      </object_component>
      <object_component id="oc-13b">
         <name>.debug_line</name>
         <load_address>0x2e19</load_address>
         <run_address>0x2e19</run_address>
         <size>0x2a6</size>
         <input_file_ref idref="fl-10"/>
      </object_component>
      <object_component id="oc-140">
         <name>.debug_line</name>
         <load_address>0x30bf</load_address>
         <run_address>0x30bf</run_address>
         <size>0x186</size>
         <input_file_ref idref="fl-11"/>
      </object_component>
      <object_component id="oc-145">
         <name>.debug_line</name>
         <load_address>0x3245</load_address>
         <run_address>0x3245</run_address>
         <size>0x81</size>
         <input_file_ref idref="fl-12"/>
      </object_component>
      <object_component id="oc-14e">
         <name>.debug_line</name>
         <load_address>0x32c6</load_address>
         <run_address>0x32c6</run_address>
         <size>0x82</size>
         <input_file_ref idref="fl-13"/>
      </object_component>
      <object_component id="oc-157">
         <name>.debug_line</name>
         <load_address>0x3348</load_address>
         <run_address>0x3348</run_address>
         <size>0x80</size>
         <input_file_ref idref="fl-14"/>
      </object_component>
      <object_component id="oc-15e">
         <name>.debug_line</name>
         <load_address>0x33c8</load_address>
         <run_address>0x33c8</run_address>
         <size>0x74</size>
         <input_file_ref idref="fl-1b"/>
      </object_component>
      <object_component id="oc-165">
         <name>.debug_line</name>
         <load_address>0x343c</load_address>
         <run_address>0x343c</run_address>
         <size>0x65</size>
         <input_file_ref idref="fl-1c"/>
      </object_component>
      <object_component id="oc-16a">
         <name>.debug_line</name>
         <load_address>0x34a1</load_address>
         <run_address>0x34a1</run_address>
         <size>0xad</size>
         <input_file_ref idref="fl-1d"/>
      </object_component>
      <object_component id="oc-16f">
         <name>.debug_line</name>
         <load_address>0x354e</load_address>
         <run_address>0x354e</run_address>
         <size>0xa4</size>
         <input_file_ref idref="fl-1e"/>
      </object_component>
      <object_component id="oc-174">
         <name>.debug_line</name>
         <load_address>0x35f2</load_address>
         <run_address>0x35f2</run_address>
         <size>0x62</size>
         <input_file_ref idref="fl-1f"/>
      </object_component>
      <object_component id="oc-179">
         <name>.debug_line</name>
         <load_address>0x3654</load_address>
         <run_address>0x3654</run_address>
         <size>0xa9</size>
         <input_file_ref idref="fl-20"/>
      </object_component>
      <object_component id="oc-17e">
         <name>.debug_line</name>
         <load_address>0x36fd</load_address>
         <run_address>0x36fd</run_address>
         <size>0x87</size>
         <input_file_ref idref="fl-21"/>
      </object_component>
      <object_component id="oc-183">
         <name>.debug_line</name>
         <load_address>0x3784</load_address>
         <run_address>0x3784</run_address>
         <size>0x5e</size>
         <input_file_ref idref="fl-22"/>
      </object_component>
      <object_component id="oc-188">
         <name>.debug_line</name>
         <load_address>0x37e2</load_address>
         <run_address>0x37e2</run_address>
         <size>0x59</size>
         <input_file_ref idref="fl-23"/>
      </object_component>
      <object_component id="oc-8c">
         <name>.debug_abbrev</name>
         <load_address>0x0</load_address>
         <run_address>0x0</run_address>
         <size>0x21</size>
         <input_file_ref idref="fl-2"/>
      </object_component>
      <object_component id="oc-92">
         <name>.debug_abbrev</name>
         <load_address>0x21</load_address>
         <run_address>0x21</run_address>
         <size>0xde</size>
         <input_file_ref idref="fl-3"/>
      </object_component>
      <object_component id="oc-f6">
         <name>.debug_abbrev</name>
         <load_address>0xff</load_address>
         <run_address>0xff</run_address>
         <size>0xcb</size>
         <input_file_ref idref="fl-4"/>
      </object_component>
      <object_component id="oc-fa">
         <name>.debug_abbrev</name>
         <load_address>0x1ca</load_address>
         <run_address>0x1ca</run_address>
         <size>0x191</size>
         <input_file_ref idref="fl-5"/>
      </object_component>
      <object_component id="oc-ff">
         <name>.debug_abbrev</name>
         <load_address>0x35b</load_address>
         <run_address>0x35b</run_address>
         <size>0xc8</size>
         <input_file_ref idref="fl-6"/>
      </object_component>
      <object_component id="oc-105">
         <name>.debug_abbrev</name>
         <load_address>0x423</load_address>
         <run_address>0x423</run_address>
         <size>0x116</size>
         <input_file_ref idref="fl-7"/>
      </object_component>
      <object_component id="oc-10a">
         <name>.debug_abbrev</name>
         <load_address>0x539</load_address>
         <run_address>0x539</run_address>
         <size>0xf5</size>
         <input_file_ref idref="fl-8"/>
      </object_component>
      <object_component id="oc-10f">
         <name>.debug_abbrev</name>
         <load_address>0x62e</load_address>
         <run_address>0x62e</run_address>
         <size>0x1ee</size>
         <input_file_ref idref="fl-9"/>
      </object_component>
      <object_component id="oc-114">
         <name>.debug_abbrev</name>
         <load_address>0x81c</load_address>
         <run_address>0x81c</run_address>
         <size>0x2f</size>
         <input_file_ref idref="fl-a"/>
      </object_component>
      <object_component id="oc-11a">
         <name>.debug_abbrev</name>
         <load_address>0x84b</load_address>
         <run_address>0x84b</run_address>
         <size>0x133</size>
         <input_file_ref idref="fl-b"/>
      </object_component>
      <object_component id="oc-121">
         <name>.debug_abbrev</name>
         <load_address>0x97e</load_address>
         <run_address>0x97e</run_address>
         <size>0x1c6</size>
         <input_file_ref idref="fl-c"/>
      </object_component>
      <object_component id="oc-127">
         <name>.debug_abbrev</name>
         <load_address>0xb44</load_address>
         <run_address>0xb44</run_address>
         <size>0x1b7</size>
         <input_file_ref idref="fl-d"/>
      </object_component>
      <object_component id="oc-12e">
         <name>.debug_abbrev</name>
         <load_address>0xcfb</load_address>
         <run_address>0xcfb</run_address>
         <size>0x230</size>
         <input_file_ref idref="fl-e"/>
      </object_component>
      <object_component id="oc-136">
         <name>.debug_abbrev</name>
         <load_address>0xf2b</load_address>
         <run_address>0xf2b</run_address>
         <size>0x19d</size>
         <input_file_ref idref="fl-f"/>
      </object_component>
      <object_component id="oc-13c">
         <name>.debug_abbrev</name>
         <load_address>0x10c8</load_address>
         <run_address>0x10c8</run_address>
         <size>0x1f8</size>
         <input_file_ref idref="fl-10"/>
      </object_component>
      <object_component id="oc-141">
         <name>.debug_abbrev</name>
         <load_address>0x12c0</load_address>
         <run_address>0x12c0</run_address>
         <size>0x16b</size>
         <input_file_ref idref="fl-11"/>
      </object_component>
      <object_component id="oc-146">
         <name>.debug_abbrev</name>
         <load_address>0x142b</load_address>
         <run_address>0x142b</run_address>
         <size>0x14a</size>
         <input_file_ref idref="fl-12"/>
      </object_component>
      <object_component id="oc-14f">
         <name>.debug_abbrev</name>
         <load_address>0x1575</load_address>
         <run_address>0x1575</run_address>
         <size>0x128</size>
         <input_file_ref idref="fl-13"/>
      </object_component>
      <object_component id="oc-158">
         <name>.debug_abbrev</name>
         <load_address>0x169d</load_address>
         <run_address>0x169d</run_address>
         <size>0x19a</size>
         <input_file_ref idref="fl-14"/>
      </object_component>
      <object_component id="oc-15f">
         <name>.debug_abbrev</name>
         <load_address>0x1837</load_address>
         <run_address>0x1837</run_address>
         <size>0x46</size>
         <input_file_ref idref="fl-1b"/>
      </object_component>
      <object_component id="oc-166">
         <name>.debug_abbrev</name>
         <load_address>0x187d</load_address>
         <run_address>0x187d</run_address>
         <size>0x117</size>
         <input_file_ref idref="fl-1c"/>
      </object_component>
      <object_component id="oc-16b">
         <name>.debug_abbrev</name>
         <load_address>0x1994</load_address>
         <run_address>0x1994</run_address>
         <size>0x38</size>
         <input_file_ref idref="fl-1d"/>
      </object_component>
      <object_component id="oc-170">
         <name>.debug_abbrev</name>
         <load_address>0x19cc</load_address>
         <run_address>0x19cc</run_address>
         <size>0xa8</size>
         <input_file_ref idref="fl-1e"/>
      </object_component>
      <object_component id="oc-175">
         <name>.debug_abbrev</name>
         <load_address>0x1a74</load_address>
         <run_address>0x1a74</run_address>
         <size>0xa8</size>
         <input_file_ref idref="fl-1f"/>
      </object_component>
      <object_component id="oc-17a">
         <name>.debug_abbrev</name>
         <load_address>0x1b1c</load_address>
         <run_address>0x1b1c</run_address>
         <size>0xa8</size>
         <input_file_ref idref="fl-20"/>
      </object_component>
      <object_component id="oc-17f">
         <name>.debug_abbrev</name>
         <load_address>0x1bc4</load_address>
         <run_address>0x1bc4</run_address>
         <size>0x9d</size>
         <input_file_ref idref="fl-21"/>
      </object_component>
      <object_component id="oc-184">
         <name>.debug_abbrev</name>
         <load_address>0x1c61</load_address>
         <run_address>0x1c61</run_address>
         <size>0xb2</size>
         <input_file_ref idref="fl-22"/>
      </object_component>
      <object_component id="oc-189">
         <name>.debug_abbrev</name>
         <load_address>0x1d13</load_address>
         <run_address>0x1d13</run_address>
         <size>0xfe</size>
         <input_file_ref idref="fl-23"/>
      </object_component>
      <object_component id="oc-232">
         <name>.debug_abbrev</name>
         <load_address>0x1e11</load_address>
         <run_address>0x1e11</run_address>
         <size>0xf</size>
      </object_component>
      <object_component id="oc-8d">
         <name>.debug_aranges</name>
         <load_address>0x0</load_address>
         <run_address>0x0</run_address>
         <size>0x28</size>
         <input_file_ref idref="fl-2"/>
      </object_component>
      <object_component id="oc-93">
         <name>.debug_aranges</name>
         <load_address>0x28</load_address>
         <run_address>0x28</run_address>
         <size>0x480</size>
         <input_file_ref idref="fl-3"/>
      </object_component>
      <object_component id="oc-fb">
         <name>.debug_aranges</name>
         <load_address>0x4a8</load_address>
         <run_address>0x4a8</run_address>
         <size>0x88</size>
         <input_file_ref idref="fl-5"/>
      </object_component>
      <object_component id="oc-100">
         <name>.debug_aranges</name>
         <load_address>0x530</load_address>
         <run_address>0x530</run_address>
         <size>0x28</size>
         <input_file_ref idref="fl-6"/>
      </object_component>
      <object_component id="oc-106">
         <name>.debug_aranges</name>
         <load_address>0x558</load_address>
         <run_address>0x558</run_address>
         <size>0x20</size>
         <input_file_ref idref="fl-7"/>
      </object_component>
      <object_component id="oc-10b">
         <name>.debug_aranges</name>
         <load_address>0x578</load_address>
         <run_address>0x578</run_address>
         <size>0x18</size>
         <input_file_ref idref="fl-8"/>
      </object_component>
      <object_component id="oc-110">
         <name>.debug_aranges</name>
         <load_address>0x590</load_address>
         <run_address>0x590</run_address>
         <size>0xc8</size>
         <input_file_ref idref="fl-9"/>
      </object_component>
      <object_component id="oc-115">
         <name>.debug_aranges</name>
         <load_address>0x658</load_address>
         <run_address>0x658</run_address>
         <size>0x20</size>
         <input_file_ref idref="fl-a"/>
      </object_component>
      <object_component id="oc-11b">
         <name>.debug_aranges</name>
         <load_address>0x678</load_address>
         <run_address>0x678</run_address>
         <size>0x18</size>
         <input_file_ref idref="fl-b"/>
      </object_component>
      <object_component id="oc-122">
         <name>.debug_aranges</name>
         <load_address>0x690</load_address>
         <run_address>0x690</run_address>
         <size>0x108</size>
         <input_file_ref idref="fl-c"/>
      </object_component>
      <object_component id="oc-128">
         <name>.debug_aranges</name>
         <load_address>0x798</load_address>
         <run_address>0x798</run_address>
         <size>0x58</size>
         <input_file_ref idref="fl-d"/>
      </object_component>
      <object_component id="oc-12f">
         <name>.debug_aranges</name>
         <load_address>0x7f0</load_address>
         <run_address>0x7f0</run_address>
         <size>0xd0</size>
         <input_file_ref idref="fl-e"/>
      </object_component>
      <object_component id="oc-137">
         <name>.debug_aranges</name>
         <load_address>0x8c0</load_address>
         <run_address>0x8c0</run_address>
         <size>0x28</size>
         <input_file_ref idref="fl-f"/>
      </object_component>
      <object_component id="oc-13d">
         <name>.debug_aranges</name>
         <load_address>0x8e8</load_address>
         <run_address>0x8e8</run_address>
         <size>0x78</size>
         <input_file_ref idref="fl-10"/>
      </object_component>
      <object_component id="oc-142">
         <name>.debug_aranges</name>
         <load_address>0x960</load_address>
         <run_address>0x960</run_address>
         <size>0x68</size>
         <input_file_ref idref="fl-11"/>
      </object_component>
      <object_component id="oc-147">
         <name>.debug_aranges</name>
         <load_address>0x9c8</load_address>
         <run_address>0x9c8</run_address>
         <size>0x18</size>
         <input_file_ref idref="fl-12"/>
      </object_component>
      <object_component id="oc-150">
         <name>.debug_aranges</name>
         <load_address>0x9e0</load_address>
         <run_address>0x9e0</run_address>
         <size>0x18</size>
         <input_file_ref idref="fl-13"/>
      </object_component>
      <object_component id="oc-159">
         <name>.debug_aranges</name>
         <load_address>0x9f8</load_address>
         <run_address>0x9f8</run_address>
         <size>0x18</size>
         <input_file_ref idref="fl-14"/>
      </object_component>
      <object_component id="oc-160">
         <name>.debug_aranges</name>
         <load_address>0xa10</load_address>
         <run_address>0xa10</run_address>
         <size>0x20</size>
         <input_file_ref idref="fl-1b"/>
      </object_component>
      <object_component id="oc-167">
         <name>.debug_aranges</name>
         <load_address>0xa30</load_address>
         <run_address>0xa30</run_address>
         <size>0x28</size>
         <input_file_ref idref="fl-1c"/>
      </object_component>
      <object_component id="oc-16c">
         <name>.debug_aranges</name>
         <load_address>0xa58</load_address>
         <run_address>0xa58</run_address>
         <size>0x20</size>
         <input_file_ref idref="fl-1d"/>
      </object_component>
      <object_component id="oc-171">
         <name>.debug_aranges</name>
         <load_address>0xa78</load_address>
         <run_address>0xa78</run_address>
         <size>0x20</size>
         <input_file_ref idref="fl-1e"/>
      </object_component>
      <object_component id="oc-176">
         <name>.debug_aranges</name>
         <load_address>0xa98</load_address>
         <run_address>0xa98</run_address>
         <size>0x20</size>
         <input_file_ref idref="fl-1f"/>
      </object_component>
      <object_component id="oc-17b">
         <name>.debug_aranges</name>
         <load_address>0xab8</load_address>
         <run_address>0xab8</run_address>
         <size>0x20</size>
         <input_file_ref idref="fl-20"/>
      </object_component>
      <object_component id="oc-180">
         <name>.debug_aranges</name>
         <load_address>0xad8</load_address>
         <run_address>0xad8</run_address>
         <size>0x18</size>
         <input_file_ref idref="fl-21"/>
      </object_component>
      <object_component id="oc-185">
         <name>.debug_aranges</name>
         <load_address>0xaf0</load_address>
         <run_address>0xaf0</run_address>
         <size>0x30</size>
         <input_file_ref idref="fl-22"/>
      </object_component>
      <object_component id="oc-18a">
         <name>.debug_aranges</name>
         <load_address>0xb20</load_address>
         <run_address>0xb20</run_address>
         <size>0x20</size>
         <input_file_ref idref="fl-23"/>
      </object_component>
      <object_component id="oc-90">
         <name>.debug_frame</name>
         <load_address>0x0</load_address>
         <run_address>0x0</run_address>
         <size>0x14f9</size>
         <input_file_ref idref="fl-3"/>
      </object_component>
      <object_component id="oc-f8">
         <name>.debug_frame</name>
         <load_address>0x14f9</load_address>
         <run_address>0x14f9</run_address>
         <size>0x1fd</size>
         <input_file_ref idref="fl-5"/>
      </object_component>
      <object_component id="oc-fd">
         <name>.debug_frame</name>
         <load_address>0x16f6</load_address>
         <run_address>0x16f6</run_address>
         <size>0xb6</size>
         <input_file_ref idref="fl-6"/>
      </object_component>
      <object_component id="oc-103">
         <name>.debug_frame</name>
         <load_address>0x17ac</load_address>
         <run_address>0x17ac</run_address>
         <size>0xa7</size>
         <input_file_ref idref="fl-7"/>
      </object_component>
      <object_component id="oc-108">
         <name>.debug_frame</name>
         <load_address>0x1853</load_address>
         <run_address>0x1853</run_address>
         <size>0x8c</size>
         <input_file_ref idref="fl-8"/>
      </object_component>
      <object_component id="oc-10d">
         <name>.debug_frame</name>
         <load_address>0x18df</load_address>
         <run_address>0x18df</run_address>
         <size>0x26f</size>
         <input_file_ref idref="fl-9"/>
      </object_component>
      <object_component id="oc-118">
         <name>.debug_frame</name>
         <load_address>0x1b4e</load_address>
         <run_address>0x1b4e</run_address>
         <size>0x8c</size>
         <input_file_ref idref="fl-b"/>
      </object_component>
      <object_component id="oc-11f">
         <name>.debug_frame</name>
         <load_address>0x1bda</load_address>
         <run_address>0x1bda</run_address>
         <size>0x3e2</size>
         <input_file_ref idref="fl-c"/>
      </object_component>
      <object_component id="oc-125">
         <name>.debug_frame</name>
         <load_address>0x1fbc</load_address>
         <run_address>0x1fbc</run_address>
         <size>0x171</size>
         <input_file_ref idref="fl-d"/>
      </object_component>
      <object_component id="oc-12c">
         <name>.debug_frame</name>
         <load_address>0x212d</load_address>
         <run_address>0x212d</run_address>
         <size>0x2d5</size>
         <input_file_ref idref="fl-e"/>
      </object_component>
      <object_component id="oc-134">
         <name>.debug_frame</name>
         <load_address>0x2402</load_address>
         <run_address>0x2402</run_address>
         <size>0x119</size>
         <input_file_ref idref="fl-f"/>
      </object_component>
      <object_component id="oc-13a">
         <name>.debug_frame</name>
         <load_address>0x251b</load_address>
         <run_address>0x251b</run_address>
         <size>0x1c1</size>
         <input_file_ref idref="fl-10"/>
      </object_component>
      <object_component id="oc-13f">
         <name>.debug_frame</name>
         <load_address>0x26dc</load_address>
         <run_address>0x26dc</run_address>
         <size>0x16a</size>
         <input_file_ref idref="fl-11"/>
      </object_component>
      <object_component id="oc-144">
         <name>.debug_frame</name>
         <load_address>0x2846</load_address>
         <run_address>0x2846</run_address>
         <size>0x8c</size>
         <input_file_ref idref="fl-12"/>
      </object_component>
      <object_component id="oc-14d">
         <name>.debug_frame</name>
         <load_address>0x28d2</load_address>
         <run_address>0x28d2</run_address>
         <size>0x8c</size>
         <input_file_ref idref="fl-13"/>
      </object_component>
      <object_component id="oc-156">
         <name>.debug_frame</name>
         <load_address>0x295e</load_address>
         <run_address>0x295e</run_address>
         <size>0x8c</size>
         <input_file_ref idref="fl-14"/>
      </object_component>
      <object_component id="oc-164">
         <name>.debug_frame</name>
         <load_address>0x29ea</load_address>
         <run_address>0x29ea</run_address>
         <size>0xbf</size>
         <input_file_ref idref="fl-1c"/>
      </object_component>
      <object_component id="oc-16e">
         <name>.debug_frame</name>
         <load_address>0x2aa9</load_address>
         <run_address>0x2aa9</run_address>
         <size>0xa5</size>
         <input_file_ref idref="fl-1e"/>
      </object_component>
      <object_component id="oc-173">
         <name>.debug_frame</name>
         <load_address>0x2b4e</load_address>
         <run_address>0x2b4e</run_address>
         <size>0xa1</size>
         <input_file_ref idref="fl-1f"/>
      </object_component>
      <object_component id="oc-178">
         <name>.debug_frame</name>
         <load_address>0x2bef</load_address>
         <run_address>0x2bef</run_address>
         <size>0xa1</size>
         <input_file_ref idref="fl-20"/>
      </object_component>
      <object_component id="oc-17d">
         <name>.debug_frame</name>
         <load_address>0x2c90</load_address>
         <run_address>0x2c90</run_address>
         <size>0x8c</size>
         <input_file_ref idref="fl-21"/>
      </object_component>
      <object_component id="oc-182">
         <name>.debug_frame</name>
         <load_address>0x2d1c</load_address>
         <run_address>0x2d1c</run_address>
         <size>0xcb</size>
         <input_file_ref idref="fl-22"/>
      </object_component>
      <object_component id="oc-187">
         <name>.debug_frame</name>
         <load_address>0x2de7</load_address>
         <run_address>0x2de7</run_address>
         <size>0xa1</size>
         <input_file_ref idref="fl-23"/>
      </object_component>
   </object_component_list>
   <logical_group_list>
      <logical_group id="lg-2" display="no" color="cyan">
         <name>.cinit</name>
         <load_address>0x82000</load_address>
         <run_address>0x82000</run_address>
         <size>0x2b</size>
         <contents>
            <object_component_ref idref="oc-162"/>
            <object_component_ref idref="oc-149"/>
            <object_component_ref idref="oc-12a"/>
            <object_component_ref idref="oc-190"/>
            <object_component_ref idref="oc-199"/>
            <object_component_ref idref="oc-152"/>
         </contents>
      </logical_group>
      <logical_group id="lg-3" display="no" color="cyan">
         <name>.pinit</name>
         <run_address>0x0</run_address>
         <size>0x0</size>
         <contents>
         </contents>
      </logical_group>
      <logical_group id="lg-22d" display="no" color="cyan">
         <name>.text.1</name>
         <load_address>0x8202c</load_address>
         <run_address>0x8202c</run_address>
         <size>0x1fd2</size>
         <contents>
            <object_component_ref idref="oc-197"/>
            <object_component_ref idref="oc-8f"/>
            <object_component_ref idref="oc-18b"/>
            <object_component_ref idref="oc-191"/>
            <object_component_ref idref="oc-168"/>
            <object_component_ref idref="oc-194"/>
            <object_component_ref idref="oc-15a"/>
            <object_component_ref idref="oc-18e"/>
            <object_component_ref idref="oc-132"/>
            <object_component_ref idref="oc-19d"/>
         </contents>
      </logical_group>
      <logical_group id="lg-22e" display="no" color="cyan">
         <name>.text.2</name>
         <load_address>0x84000</load_address>
         <run_address>0x84000</run_address>
         <size>0x760</size>
         <contents>
            <object_component_ref idref="oc-195"/>
            <object_component_ref idref="oc-19c"/>
            <object_component_ref idref="oc-196"/>
            <object_component_ref idref="oc-192"/>
            <object_component_ref idref="oc-193"/>
            <object_component_ref idref="oc-19a"/>
            <object_component_ref idref="oc-18c"/>
            <object_component_ref idref="oc-18d"/>
            <object_component_ref idref="oc-124"/>
            <object_component_ref idref="oc-19e"/>
[...]
      </symbol>
      <symbol id="sm-373">
         <name>_EPwm8Regs</name>
         <value>0x4700</value>
         <object_component_ref idref="oc-f1"/>
      </symbol>
      <symbol id="sm-374">
         <name>_Emif2ConfigRegs</name>
         <value>0x5f4a0</value>
         <object_component_ref idref="oc-b6"/>
      </symbol>
      <symbol id="sm-375">
         <name>_DcsmCommonRegs</name>
         <value>0x5f070</value>
         <object_component_ref idref="oc-a1"/>
      </symbol>
      <symbol id="sm-376">
         <name>_EPwm2Regs</name>
         <value>0x4100</value>
         <object_component_ref idref="oc-e9"/>
      </symbol>
      <symbol id="sm-377">
         <name>_ECap3Regs</name>
         <value>0x5040</value>
         <object_component_ref idref="oc-b2"/>
      </symbol>
      <symbol id="sm-378">
         <name>_Cmpss8Regs</name>
         <value>0x5d60</value>
         <object_component_ref idref="oc-bd"/>
      </symbol>
      <symbol id="sm-379">
         <name>_EQep3Regs</name>
         <value>0x5180</value>
         <object_component_ref idref="oc-c6"/>
      </symbol>
      <symbol id="sm-37a">
         <name>_SyncSocRegs</name>
         <value>0x7940</value>
         <object_component_ref idref="oc-9b"/>
      </symbol>
      <symbol id="sm-37b">
         <name>_EPwm9Regs</name>
         <value>0x4800</value>
         <object_component_ref idref="oc-ef"/>
      </symbol>
      <symbol id="sm-37c">
         <name>_NmiIntruptRegs</name>
         <value>0x7060</value>
         <object_component_ref idref="oc-9c"/>
      </symbol>
      <symbol id="sm-37d">
         <name>_EPwm3Regs</name>
         <value>0x4200</value>
         <object_component_ref idref="oc-ec"/>
      </symbol>
      <symbol id="sm-37e">
         <name>_I2caRegs</name>
         <value>0x7300</value>
         <object_component_ref idref="oc-c9"/>
      </symbol>
      <symbol id="sm-3a1">
         <name>_GPIO_SetupLock</name>
         <value>0x843d9</value>
         <object_component_ref idref="oc-19c"/>
      </symbol>
      <symbol id="sm-3a2">
         <name>_GPIO_SetupXINT4Gpio</name>
         <value>0x84420</value>
         <object_component_ref idref="oc-19c"/>
      </symbol>
      <symbol id="sm-3a3">
         <name>_InitGpio</name>
         <value>0x84273</value>
         <object_component_ref idref="oc-19c"/>
      </symbol>
      <symbol id="sm-3a4">
         <name>_GPIO_SetupXINT5Gpio</name>
         <value>0x8442a</value>
         <object_component_ref idref="oc-19c"/>
      </symbol>
      <symbol id="sm-3a5">
         <name>_GPIO_EnableUnbondedIOPullupsFor176Pin</name>
         <value>0x84434</value>
         <object_component_ref idref="oc-19c"/>
      </symbol>
      <symbol id="sm-3a6">
         <name>_GPIO_SetupXINT2Gpio</name>
         <value>0x8440c</value>
         <object_component_ref idref="oc-19c"/>
      </symbol>
      <symbol id="sm-3a7">
         <name>_GPIO_SetupXINT3Gpio</name>
         <value>0x84416</value>
         <object_component_ref idref="oc-19c"/>
      </symbol>
      <symbol id="sm-3a8">
         <name>_GPIO_WritePin</name>
         <value>0x8449f</value>
         <object_component_ref idref="oc-19c"/>
      </symbol>
      <symbol id="sm-3a9">
         <name>_GPIO_SetupPinOptions</name>
         <value>0x84345</value>
         <object_component_ref idref="oc-19c"/>
      </symbol>
      <symbol id="sm-3aa">
         <name>_GPIO_EnableUnbondedIOPullups</name>
         <value>0x84472</value>
         <object_component_ref idref="oc-19c"/>
      </symbol>
      <symbol id="sm-3ab">
         <name>_GPIO_SetupXINT1Gpio</name>
         <value>0x84402</value>
         <object_component_ref idref="oc-19c"/>
      </symbol>
      <symbol id="sm-3ac">
         <name>_GPIO_SetupPinMux</name>
         <value>0x842b7</value>
         <object_component_ref idref="oc-19c"/>
      </symbol>
      <symbol id="sm-3ad">
         <name>_GPIO_EnableUnbondedIOPullupsFor100Pin</name>
         <value>0x8444d</value>
         <object_component_ref idref="oc-19c"/>
      </symbol>
      <symbol id="sm-3ae">
         <name>_GPIO_ReadPin</name>
         <value>0x84488</value>
         <object_component_ref idref="oc-19c"/>
      </symbol>
      <symbol id="sm-3bb">
         <name>_InitPieCtrl</name>
         <value>0x84694</value>
         <object_component_ref idref="oc-192"/>
      </symbol>
      <symbol id="sm-3bc">
         <name>_EnableInterrupts</name>
         <value>0x846b3</value>
         <object_component_ref idref="oc-192"/>
      </symbol>
      <symbol id="sm-3cd">
         <name>_PieVectTableInit</name>
         <value>0x90000</value>
         <object_component_ref idref="oc-102"/>
      </symbol>
      <symbol id="sm-3ce">
         <name>_InitPieVectTable</name>
         <value>0x846bc</value>
         <object_component_ref idref="oc-193"/>
      </symbol>
      <symbol id="sm-40b">
         <name>_InitSysPll</name>
         <value>0x83c19</value>
         <object_component_ref idref="oc-191"/>
      </symbol>
      <symbol id="sm-40c">
         <name>_SeizeFlashPump</name>
         <value>0x83be4</value>
         <object_component_ref idref="oc-191"/>
      </symbol>
      <symbol id="sm-40d">
         <name>_DisablePeripheralClocks</name>
         <value>0x83bcc</value>
         <object_component_ref idref="oc-191"/>
      </symbol>
      <symbol id="sm-40e">
         <name>_FlashOff</name>
         <value>0x8029</value>
         <object_component_ref idref="oc-19b"/>
      </symbol>
      <symbol id="sm-40f">
         <name>_DisableDog</name>
         <value>0x83c0b</value>
         <object_component_ref idref="oc-191"/>
      </symbol>
      <symbol id="sm-410">
         <name>_SysIntOsc2Sel</name>
         <value>0x83dd7</value>
         <object_component_ref idref="oc-191"/>
      </symbol>
      <symbol id="sm-411">
         <name>_ReleaseFlashPump</name>
         <value>0x83bf3</value>
         <object_component_ref idref="oc-191"/>
      </symbol>
      <symbol id="sm-412">
         <name>_HALT</name>
         <value>0x83e21</value>
         <object_component_ref idref="oc-191"/>
      </symbol>
      <symbol id="sm-413">
         <name>_IDLE</name>
         <value>0x83e0d</value>
         <object_component_ref idref="oc-191"/>
      </symbol>
      <symbol id="sm-414">
         <name>_InitPeripheralClocks</name>
         <value>0x83b48</value>
         <object_component_ref idref="oc-191"/>
      </symbol>
      <symbol id="sm-415">
         <name>_InitFlash</name>
         <value>0x8000</value>
         <object_component_ref idref="oc-19b"/>
      </symbol>
      <symbol id="sm-416">
         <name>_SysXtalOscSel</name>
         <value>0x83de1</value>
         <object_component_ref idref="oc-191"/>
      </symbol>
      <symbol id="sm-417">
         <name>_CsmUnlock</name>
         <value>0x83dac</value>
         <object_component_ref idref="oc-191"/>
      </symbol>
      <symbol id="sm-418">
         <name>_SysIntOsc1Sel</name>
         <value>0x83dcd</value>
         <object_component_ref idref="oc-191"/>
      </symbol>
      <symbol id="sm-419">
         <name>_ServiceDog</name>
         <value>0x83bfd</value>
         <object_component_ref idref="oc-191"/>
      </symbol>
      <symbol id="sm-41a">
         <name>_HIB</name>
         <value>0x83e3a</value>
         <object_component_ref idref="oc-191"/>
      </symbol>
      <symbol id="sm-41b">
         <name>_AuxAuxClkSel</name>
         <value>0x83e03</value>
         <object_component_ref idref="oc-191"/>
      </symbol>
      <symbol id="sm-41c">
         <name>_AuxIntOsc2Sel</name>
         <value>0x83ded</value>
         <object_component_ref idref="oc-191"/>
      </symbol>
      <symbol id="sm-41d">
         <name>_InitAuxPll</name>
         <value>0x83ce1</value>
         <object_component_ref idref="oc-191"/>
      </symbol>
      <symbol id="sm-41e">
         <name>_InitSysCtrl</name>
         <value>0x83b0b</value>
         <object_component_ref idref="oc-191"/>
      </symbol>
      <symbol id="sm-41f">
         <name>_STANDBY</name>
         <value>0x83e16</value>
         <object_component_ref idref="oc-191"/>
      </symbol>
      <symbol id="sm-420">
         <name>_AuxXtalOscSel</name>
         <value>0x83df7</value>
         <object_component_ref idref="oc-191"/>
      </symbol>
      <symbol id="sm-42c">
         <name>_F28x_usDelay</name>
         <value>0x8037</value>
         <object_component_ref idref="oc-111"/>
      </symbol>
      <symbol id="sm-566">
         <name>_f_lseek</name>
         <value>0x82c60</value>
         <object_component_ref idref="oc-197"/>
      </symbol>
      <symbol id="sm-567">
         <name>_f_open</name>
         <value>0x8282d</value>
         <object_component_ref idref="oc-197"/>
      </symbol>
      <symbol id="sm-568">
         <name>_f_read</name>
         <value>0x8299b</value>
         <object_component_ref idref="oc-197"/>
      </symbol>
      <symbol id="sm-569">
         <name>_f_mount</name>
         <value>0x827ff</value>
         <object_component_ref idref="oc-197"/>
      </symbol>
      <symbol id="sm-56a">
         <name>_f_close</name>
         <value>0x82c53</value>
         <object_component_ref idref="oc-197"/>
      </symbol>
      <symbol id="sm-56b">
         <name>_f_stat</name>
         <value>0x82dd8</value>
         <object_component_ref idref="oc-197"/>
      </symbol>
      <symbol id="sm-56c">
         <name>_f_opendir</name>
         <value>0x82d39</value>
         <object_component_ref idref="oc-197"/>
      </symbol>
      <symbol id="sm-56d">
         <name>_f_mkdir</name>
         <value>0x82f39</value>
         <object_component_ref idref="oc-197"/>
      </symbol>
      <symbol id="sm-56e">
         <name>_f_unlink</name>
         <value>0x82ea3</value>
         <object_component_ref idref="oc-197"/>
      </symbol>
      <symbol id="sm-56f">
         <name>_f_chmod</name>
         <value>0x8305a</value>
         <object_component_ref idref="oc-197"/>
      </symbol>
      <symbol id="sm-570">
         <name>_f_readdir</name>
         <value>0x82d92</value>
         <object_component_ref idref="oc-197"/>
      </symbol>
      <symbol id="sm-571">
         <name>_f_write</name>
         <value>0x82a85</value>
         <object_component_ref idref="oc-197"/>
      </symbol>
      <symbol id="sm-572">
         <name>_f_sync</name>
         <value>0x82b9f</value>
         <object_component_ref idref="oc-197"/>
      </symbol>
      <symbol id="sm-573">
         <name>_f_getfree</name>
         <value>0x82e06</value>
         <object_component_ref idref="oc-197"/>
      </symbol>
      <symbol id="sm-574">
         <name>_f_rename</name>
         <value>0x83099</value>
         <object_component_ref idref="oc-197"/>
      </symbol>
      <symbol id="sm-5a2">
         <name>_IntIFRClear</name>
         <value>0x84612</value>
         <object_component_ref idref="oc-196"/>
      </symbol>
      <symbol id="sm-5a3">
         <name>_IntRegister</name>
         <value>0x844cd</value>
         <object_component_ref idref="oc-196"/>
      </symbol>
      <symbol id="sm-5a4">
         <name>_IntUnregister</name>
         <value>0x844e0</value>
         <object_component_ref idref="oc-196"/>
      </symbol>
      <symbol id="sm-5a5">
         <name>_IntMasterDisable</name>
         <value>0x844c5</value>
         <object_component_ref idref="oc-196"/>
      </symbol>
      <symbol id="sm-5a6">
         <name>_IntDefaultHandler</name>
         <value>0x84734</value>
         <object_component_ref idref="oc-124"/>
      </symbol>
      <symbol id="sm-5a7">
         <name>_IntEnable</name>
         <value>0x844f5</value>
         <object_component_ref idref="oc-196"/>
      </symbol>
      <symbol id="sm-5a8">
         <name>_IntMasterEnable</name>
         <value>0x844bd</value>
         <object_component_ref idref="oc-196"/>
      </symbol>
      <symbol id="sm-5a9">
         <name>_IntDisable</name>
         <value>0x8458d</value>
         <object_component_ref idref="oc-196"/>
      </symbol>
      <symbol id="sm-63a">
         <name>_disk_status</name>
         <value>0x8396a</value>
         <object_component_ref idref="oc-18b"/>
      </symbol>
      <symbol id="sm-63b">
         <name>_disk_timerproc</name>
         <value>0x83af5</value>
         <object_component_ref idref="oc-18b"/>
      </symbol>
      <symbol id="sm-63c">
         <name>_disk_initialize</name>
         <value>0x838a4</value>
         <object_component_ref idref="oc-18b"/>
      </symbol>
      <symbol id="sm-63d">
         <name>_get_fattime</name>
         <value>0x83b06</value>
         <object_component_ref idref="oc-18b"/>
      </symbol>
      <symbol id="sm-63e">
         <name>_disk_ioctl</name>
         <value>0x83a1d</value>
         <object_component_ref idref="oc-18b"/>
      </symbol>
      <symbol id="sm-63f">
         <name>_disk_read</name>
         <value>0x83975</value>
         <object_component_ref idref="oc-18b"/>
      </symbol>
      <symbol id="sm-640">
         <name>_disk_write</name>
         <value>0x839bf</value>
         <object_component_ref idref="oc-18b"/>
      </symbol>
      <symbol id="sm-658">
         <name>_main</name>
         <value>0x83f7a</value>
         <object_component_ref idref="oc-18e"/>
      </symbol>
      <symbol id="sm-659">
         <name>_SysTickHandler</name>
         <value>0x83fb8</value>
         <object_component_ref idref="oc-132"/>
      </symbol>
      <symbol id="sm-68e">
         <name>_SysCtlLowSpeedClockGet</name>
         <value>0x84116</value>
         <object_component_ref idref="oc-195"/>
      </symbol>
      <symbol id="sm-68f">
         <name>_SysCtlUSBPLLEnable</name>
         <value>0x84271</value>
         <object_component_ref idref="oc-195"/>
      </symbol>
      <symbol id="sm-690">
         <name>_SysCtlPeripheralPresent</name>
         <value>0x84000</value>
         <object_component_ref idref="oc-195"/>
      </symbol>
      <symbol id="sm-691">
         <name>_SysCtlAuxClockSet</name>
         <value>0x841df</value>
         <object_component_ref idref="oc-195"/>
      </symbol>
      <symbol id="sm-692">
         <name>_SysCtlClockSet</name>
         <value>0x8412d</value>
         <object_component_ref idref="oc-195"/>
      </symbol>
      <symbol id="sm-693">
         <name>_SysCtlDelay</name>
         <value>0x803b</value>
         <object_component_ref idref="oc-139"/>
      </symbol>
      <symbol id="sm-694">
         <name>_SysCtlUSBPLLDisable</name>
         <value>0x84272</value>
         <object_component_ref idref="oc-195"/>
      </symbol>
      <symbol id="sm-695">
         <name>_SysCtlReset</name>
         <value>0x840c1</value>
         <object_component_ref idref="oc-195"/>
      </symbol>
      <symbol id="sm-696">
         <name>_SysCtlPeripheralEnable</name>
         <value>0x84088</value>
         <object_component_ref idref="oc-195"/>
      </symbol>
      <symbol id="sm-697">
         <name>_SysCtlPeripheralReady</name>
         <value>0x84021</value>
         <object_component_ref idref="oc-195"/>
      </symbol>
      <symbol id="sm-698">
         <name>_SysCtlPeripheralReset</name>
         <value>0x8405a</value>
         <object_component_ref idref="oc-195"/>
      </symbol>
      <symbol id="sm-699">
         <name>_SysCtlPeripheralDisable</name>
         <value>0x840a4</value>
         <object_component_ref idref="oc-195"/>
      </symbol>
      <symbol id="sm-69a">
         <name>_SysCtlClockGet</name>
         <value>0x840cb</value>
         <object_component_ref idref="oc-195"/>
      </symbol>
      <symbol id="sm-6a7">
         <name>_SysTickIntDisable</name>
         <value>0x83f1b</value>
         <object_component_ref idref="oc-194"/>
      </symbol>
      <symbol id="sm-6a8">
         <name>_SysTickPeriodGet</name>
         <value>0x83f2c</value>
         <object_component_ref idref="oc-194"/>
      </symbol>
      <symbol id="sm-6a9">
         <name>_SysTickInit</name>
         <value>0x83edf</value>
         <object_component_ref idref="oc-194"/>
      </symbol>
      <symbol id="sm-6aa">
         <name>_SysTickIntUnregister</name>
         <value>0x83f06</value>
         <object_component_ref idref="oc-194"/>
      </symbol>
      <symbol id="sm-6ab">
         <name>_SysTickIntEnable</name>
         <value>0x83f11</value>
         <object_component_ref idref="oc-194"/>
      </symbol>
      <symbol id="sm-6ac">
         <name>_SysTickEnable</name>
         <value>0x83eeb</value>
         <object_component_ref idref="oc-194"/>
      </symbol>
      <symbol id="sm-6ad">
         <name>_SysTickValueGet</name>
         <value>0x83f30</value>
         <object_component_ref idref="oc-194"/>
      </symbol>
      <symbol id="sm-6ae">
         <name>_SysTickDisable</name>
         <value>0x83ef2</value>
         <object_component_ref idref="oc-194"/>
      </symbol>
      <symbol id="sm-6af">
         <name>_SysTickPeriodSet</name>
         <value>0x83f25</value>
         <object_component_ref idref="oc-194"/>
      </symbol>
      <symbol id="sm-6b0">
         <name>_SysTickIntRegister</name>
         <value>0x83ef7</value>
         <object_component_ref idref="oc-194"/>
      </symbol>
      <symbol id="sm-705">
         <name>_c_int00</name>
         <value>0x83f34</value>
         <object_component_ref idref="oc-15a"/>
      </symbol>
      <symbol id="sm-706">
         <name>__stack</name>
         <value>0x400</value>
         <object_component_ref idref="oc-15b"/>
      </symbol>
      <symbol id="sm-71a">
         <name>C$$EXIT</name>
         <value>0x8471b</value>
         <object_component_ref idref="oc-18d"/>
      </symbol>
      <symbol id="sm-71b">
         <name>_exit</name>
         <value>0x8471d</value>
         <object_component_ref idref="oc-18d"/>
      </symbol>
      <symbol id="sm-71c">
         <name>___TI_cleanup_ptr</name>
         <value>0xac76</value>
         <object_component_ref idref="oc-163"/>
      </symbol>
      <symbol id="sm-71d">
         <name>_abort</name>
         <value>0x8471b</value>
         <object_component_ref idref="oc-18d"/>
      </symbol>
      <symbol id="sm-71e">
         <name>___TI_dtors_ptr</name>
         <value>0xac78</value>
         <object_component_ref idref="oc-163"/>
      </symbol>
      <symbol id="sm-72f">
         <name>FS$$DIV</name>
         <value>0x83e57</value>
         <object_component_ref idref="oc-168"/>
      </symbol>
      <symbol id="sm-73f">
         <name>_memcmp</name>
         <value>0x83fe9</value>
         <object_component_ref idref="oc-19d"/>
      </symbol>
      <symbol id="sm-751">
         <name>_memcpy</name>
         <value>0x846e4</value>
         <object_component_ref idref="oc-19a"/>
      </symbol>
      <symbol id="sm-760">
         <name>_memset</name>
         <value>0x84743</value>
         <object_component_ref idref="oc-19e"/>
      </symbol>
      <symbol id="sm-77f">
         <name>__unlock</name>
         <value>0xac80</value>
         <object_component_ref idref="oc-19f"/>
      </symbol>
      <symbol id="sm-780">
         <name>__lock</name>
         <value>0xac7e</value>
         <object_component_ref idref="oc-18f"/>
      </symbol>
      <symbol id="sm-781">
         <name>__register_lock</name>
         <value>0x84753</value>
         <object_component_ref idref="oc-198"/>
      </symbol>
      <symbol id="sm-782">
         <name>__nop</name>
         <value>0x84757</value>
         <object_component_ref idref="oc-198"/>
      </symbol>
      <symbol id="sm-783">
         <name>__register_unlock</name>
         <value>0x8474f</value>
         <object_component_ref idref="oc-198"/>
      </symbol>
      <symbol id="sm-793">
         <name>__args_main</name>
         <value>0x84702</value>
         <object_component_ref idref="oc-18c"/>
      </symbol>
   </symbol_table>
   <title>Link successful</title>
</link_info>
