******************************************************************************
             TMS320C2000 Linker Unix v6.4.11                   
******************************************************************************
>> Linked Wed Jan 11 15:55:29 2017

OUTPUT FILE NAME:   <sd_card_jason.out>
ENTRY POINT SYMBOL: "code_start"  address: 00080000


MEMORY CONFIGURATION

         name            origin    length      used     unused   attr    fill
----------------------  --------  ---------  --------  --------  ----  --------
PAGE 0:
  RAMM0                 00000122   000002de  00000000  000002de  RWIX
  RAMLS0                00008000   00000800  0000003f  000007c1  RWIX
  RAMLS1                00008800   00000800  00000000  00000800  RWIX
  RAMLS2                00009000   00000800  00000000  00000800  RWIX
  RAMLS3                00009800   00000800  00000000  00000800  RWIX
  RAMLS4                0000a000   00000800  00000000  00000800  RWIX
  RAMD0                 0000b000   00000800  00000000  00000800  RWIX
  RAMGS14               0001a000   00001000  00000000  00001000  RWIX
  RAMGS15               0001b000   00001000  00000000  00001000  RWIX
  BEGIN                 00080000   00000002  00000002  00000000  RWIX
  FLASHA                00080002   00001ffe  00000000  00001ffe  RWIX
  FLASHB                00082000   00002000  00001ffd  00000003  RWIX
  FLASHC                00084000   00002000  00000760  000018a0  RWIX
  FLASHD                00086000   00002000  0000003f  00001fc1  RWIX
  FLASHE                00088000   00008000  00000000  00008000  RWIX
  FLASHF                00090000   00008000  00000218  00007de8  RWIX
  FLASHG                00098000   00008000  00000000  00008000  RWIX
  FLASHH                000a0000   00008000  00000000  00008000  RWIX
  FLASHI                000a8000   00008000  00000000  00008000  RWIX
  FLASHJ                000b0000   00008000  00000000  00008000  RWIX
  FLASHK                000b8000   00002000  00000000  00002000  RWIX
  FLASHL                000ba000   00002000  00000000  00002000  RWIX
  FLASHM                000bc000   00002000  00000000  00002000  RWIX
  FLASHN                000be000   00002000  00000000  00002000  RWIX
  RESET                 003fffc0   00000002  00000000  00000002  RWIX

PAGE 1:
  BOOT_RSVD             00000002   00000120  00000000  00000120  RWIX
  RAMM1                 00000400   00000400  00000100  00000300  RWIX
  ADCA_RESULT           00000b00   00000020  00000018  00000008  RWIX
  ADCB_RESULT           00000b20   00000020  00000018  00000008  RWIX
  ADCC_RESULT           00000b40   00000020  00000018  00000008  RWIX
  ADCD_RESULT           00000b60   00000020  00000018  00000008  RWIX
  CPU_TIMER0            00000c00   00000008  00000008  00000000  RWIX
  CPU_TIMER1            00000c08   00000008  00000008  00000000  RWIX
  CPU_TIMER2            00000c10   00000008  00000008  00000000  RWIX
  PIE_CTRL              00000ce0   00000020  0000001a  00000006  RWIX
  PIE_VECT              00000d00   00000200  000001c0  00000040  RWIX
  DMA                   00001000   00000200  000000e0  00000120  RWIX
  CLA1                  00001400   00000040  0000003e  00000002  RWIX
  EPWM1                 00004000   00000100  00000100  00000000  RWIX
  EPWM2                 00004100   00000100  00000100  00000000  RWIX
  EPWM3                 00004200   00000100  00000100  00000000  RWIX
  EPWM4                 00004300   00000100  00000100  00000000  RWIX
  EPWM5                 00004400   00000100  00000100  00000000  RWIX
  EPWM6                 00004500   00000100  00000100  00000000  RWIX
  EPWM7                 00004600   00000100  00000100  00000000  RWIX
  EPWM8                 00004700   00000100  00000100  00000000  RWIX
  EPWM9                 00004800   00000100  00000100  00000000  RWIX
  EPWM10                00004900   00000100  00000100  00000000  RWIX
  EPWM11                00004a00   00000100  00000100  00000000  RWIX
  EPWM12                00004b00   00000100  00000100  00000000  RWIX
  ECAP1                 00005000   00000020  00000020  00000000  RWIX
  ECAP2                 00005020   00000020  00000020  00000000  RWIX
  ECAP3                 00005040   00000020  00000020  00000000  RWIX
  ECAP4                 00005060   00000020  00000020  00000000  RWIX
  ECAP5                 00005080   00000020  00000020  00000000  RWIX
  ECAP6                 000050a0   00000020  00000020  00000000  RWIX
  EQEP1                 00005100   00000040  00000022  0000001e  RWIX
  EQEP2                 00005140   00000040  00000022  0000001e  RWIX
  EQEP3                 00005180   00000040  00000022  0000001e  RWIX
  DACA                  00005c00   00000010  00000008  00000008  RWIX
  DACB                  00005c10   00000010  00000008  00000008  RWIX
  DACC                  00005c20   00000010  00000008  00000008  RWIX
  CMPSS1                00005c80   00000020  00000020  00000000  RWIX
  CMPSS2                00005ca0   00000020  00000020  00000000  RWIX
  CMPSS3                00005cc0   00000020  00000020  00000000  RWIX
  CMPSS4                00005ce0   00000020  00000020  00000000  RWIX
  CMPSS5                00005d00   00000020  00000020  00000000  RWIX
  CMPSS6                00005d20   00000020  00000020  00000000  RWIX
  CMPSS7                00005d40   00000020  00000020  00000000  RWIX
  CMPSS8                00005d60   00000020  00000020  00000000  RWIX
  SDFM1                 00005e00   00000080  00000080  00000000  RWIX
  SDFM2                 00005e80   00000080  00000080  00000000  RWIX
  MCBSPA                00006000   00000040  00000024  0000001c  RWIX
  MCBSPB                00006040   00000040  00000024  0000001c  RWIX
  SPIA                  00006100   00000010  00000010  00000000  RWIX
  SPIB                  00006110   00000010  00000010  00000000  RWIX
  SPIC                  00006120   00000010  00000010  00000000  RWIX
  SPID                  00006130   00000010  00000000  00000010  RWIX
  UPP                   00006200   00000100  00000048  000000b8  RWIX
  WD                    00007000   00000040  0000002b  00000015  RWIX
  NMIINTRUPT            00007060   00000010  00000007  00000009  RWIX
  XINT                  00007070   00000010  0000000b  00000005  RWIX
  SCIA                  00007200   00000010  00000010  00000000  RWIX
  SCIB                  00007210   00000010  00000010  00000000  RWIX
  SCIC                  00007220   00000010  00000010  00000000  RWIX
  SCID                  00007230   00000010  00000010  00000000  RWIX
  I2CA                  00007300   00000040  00000022  0000001e  RWIX
  I2CB                  00007340   00000040  00000022  0000001e  RWIX
  ADCA                  00007400   00000080  00000080  00000000  RWIX
  ADCB                  00007480   00000080  00000080  00000000  RWIX
  ADCC                  00007500   00000080  00000080  00000000  RWIX
  ADCD                  00007580   00000080  00000080  00000000  RWIX
  INPUT_XBAR            00007900   00000020  00000020  00000000  RWIX
  XBAR                  00007920   00000020  00000020  00000000  RWIX
  SYNC_SOC              00007940   00000010  00000006  0000000a  RWIX
  DMACLASRCSEL          00007980   00000040  0000001a  00000026  RWIX
  EPWM_XBAR             00007a00   00000040  00000040  00000000  RWIX
  CLB_XBAR              00007a40   00000040  00000000  00000040  RWIX
  OUTPUT_XBAR           00007a80   00000040  00000040  00000000  RWIX
  GPIOCTRL              00007c00   00000180  00000180  00000000  RWIX
  GPIODAT               00007f00   00000030  00000030  00000000  RWIX
  RAMLS5                0000a800   00000800  00000482  0000037e  RWIX
  RAMD1                 0000b800   00000800  00000000  00000800  RWIX
  RAMGS0                0000c000   00001000  00000000  00001000  RWIX
  RAMGS1                0000d000   00001000  00000000  00001000  RWIX
  RAMGS2                0000e000   00001000  00000000  00001000  RWIX
  RAMGS3                0000f000   00001000  00000000  00001000  RWIX
  RAMGS4                00010000   00001000  00000000  00001000  RWIX
  RAMGS5                00011000   00001000  00000000  00001000  RWIX
  RAMGS6                00012000   00001000  00000000  00001000  RWIX
  RAMGS7                00013000   00001000  00000000  00001000  RWIX
  RAMGS8                00014000   00001000  00000000  00001000  RWIX
  RAMGS9                00015000   00001000  00000000  00001000  RWIX
  RAMGS10               00016000   00001000  00000000  00001000  RWIX
  RAMGS11               00017000   00001000  00000000  00001000  RWIX
  RAMGS12               00018000   00001000  00000000  00001000  RWIX
  RAMGS13               00019000   00001000  00000000  00001000  RWIX
  CPU2TOCPU1RAM         0003f800   00000400  00000000  00000400  RWIX
  CPU1TOCPU2RAM         0003fc00   00000400  00000000  00000400  RWIX
  EMIF1                 00047000   00000800  00000070  00000790  RWIX
  EMIF2                 00047800   00000800  00000070  00000790  RWIX
  IPC                   00050000   00000024  00000024  00000000  RWIX
  FLASHPUMPSEMAPHORE    00050024   00000002  00000002  00000000  RWIX
  DEV_CFG               0005d000   00000180  0000012e  00000052  RWIX
  ANALOG_SUBSYS         0005d180   00000080  00000048  00000038  RWIX
  CLK_CFG               0005d200   00000100  00000032  000000ce  RWIX
  CPU_SYS               0005d300   00000100  00000082  0000007e  RWIX
  ROMPREFETCH           0005e608   00000002  00000002  00000000  RWIX
  DCSM_Z1               0005f000   00000030  00000024  0000000c  RWIX
  DCSM_Z2               0005f040   00000030  00000024  0000000c  RWIX
  DCSM_COMMON           0005f070   00000010  00000008  00000008  RWIX
  MEMCFG                0005f400   00000080  00000080  00000000  RWIX
  EMIF1CONFIG           0005f480   00000020  00000020  00000000  RWIX
  EMIF2CONFIG           0005f4a0   00000020  00000020  00000000  RWIX
  ACCESSPROTECTION      0005f4c0   00000040  00000040  00000000  RWIX
  MEMORYERROR           0005f500   00000040  00000040  00000000  RWIX
  ROMWAITSTATE          0005f540   00000002  00000002  00000000  RWIX
  FLASH0_CTRL           0005f800   00000300  00000182  0000017e  RWIX
  FLASH0_ECC            0005fb00   00000040  00000028  00000018  RWIX
  DCSM_Z1_OTP           00078000   00000020  00000020  00000000  RWIX
  DCSM_Z2_OTP           00078200   00000020  00000020  00000000  RWIX


SECTION ALLOCATION MAP

 output                                  attributes/
section   page    origin      length       input sections
--------  ----  ----------  ----------   ----------------
.cinit     0    00082000    0000002b     
                  00082000    0000000a     rts2800_fpu32.lib : exit.obj (.cinit)
                  0008200a    00000009     uartstdio.obj (.cinit)
                  00082013    00000008     mmc-F2837x.obj (.cinit)
                  0008201b    00000005     rts2800_fpu32.lib : _lock.obj (.cinit:__lock)
                  00082020    00000005                       : _lock.obj (.cinit:__unlock)
                  00082025    00000004     ustdlib.obj (.cinit)
                  00082029    00000002     --HOLE-- [fill = 0]

.pinit     0    00082000    00000000     UNINITIALIZED

codestart 
*          0    00080000    00000002     
                  00080000    00000002     F2837xD_CodeStartBranch.obj (codestart)

ramfuncs   0    00086000    0000003f     RUN ADDR = 00008000
                  00086000    00000037     F2837xD_SysCtrl.obj (ramfuncs)
                  00086037    00000004     F2837xD_usDelay.obj (ramfuncs)
                  0008603b    00000004     sysctl.obj (ramfuncs)

.stack     1    00000400    00000100     UNINITIALIZED
                  00000400    00000100     --HOLE--

.reset     0    003fffc0    00000002     DSECT
                  003fffc0    00000002     rts2800_fpu32.lib : boot.obj (.reset)

GETBUFFER 
*          0    0003f800    00000000     DSECT

GETWRITEIDX 
*          0    0003f800    00000000     DSECT

PUTREADIDX 
*          0    0003f800    00000000     DSECT

.econst    0    00090000    00000218     
                  00090000    000001c0     F2837xD_PieVect.obj (.econst)
                  000901c0    00000022     uartstdio.obj (.econst:.string)
                  000901e2    00000018     ustdlib.obj (.econst:.string)
                  000901fa    0000000f     sd_card.obj (.econst:.string)
                  00090209    00000001     --HOLE-- [fill = 0]
                  0009020a    0000000a     ff.obj (.econst:.string)
                  00090214    00000002     uartstdio.obj (.econst)
                  00090216    00000002     ustdlib.obj (.econst)

AdcaResultFile 
*          1    00000b00    00000018     UNINITIALIZED
                  00000b00    00000018     F2837xD_GlobalVariableDefs.obj (AdcaResultFile)

AdcbResultFile 
*          1    00000b20    00000018     UNINITIALIZED
                  00000b20    00000018     F2837xD_GlobalVariableDefs.obj (AdcbResultFile)

AdccResultFile 
*          1    00000b40    00000018     UNINITIALIZED
                  00000b40    00000018     F2837xD_GlobalVariableDefs.obj (AdccResultFile)

AdcdResultFile 
*          1    00000b60    00000018     UNINITIALIZED
                  00000b60    00000018     F2837xD_GlobalVariableDefs.obj (AdcdResultFile)

CpuTimer0RegsFile 
*          1    00000c00    00000008     UNINITIALIZED
                  00000c00    00000008     F2837xD_GlobalVariableDefs.obj (CpuTimer0RegsFile)

CpuTimer1RegsFile 
*          1    00000c08    00000008     UNINITIALIZED
                  00000c08    00000008     F2837xD_GlobalVariableDefs.obj (CpuTimer1RegsFile)

CpuTimer2RegsFile 
*          1    00000c10    00000008     UNINITIALIZED
                  00000c10    00000008     F2837xD_GlobalVariableDefs.obj (CpuTimer2RegsFile)

PieCtrlRegsFile 
*          1    00000ce0    0000001a     UNINITIALIZED
                  00000ce0    0000001a     F2837xD_GlobalVariableDefs.obj (PieCtrlRegsFile)

PieVectTableFile 
*          1    00000d00    000001c0     UNINITIALIZED
                  00000d00    000001c0     F2837xD_GlobalVariableDefs.obj (PieVectTableFile)

EmuKeyVar 
*          1    00000d00    00000001     UNINITIALIZED
                  00000d00    00000001     F2837xD_GlobalVariableDefs.obj (EmuKeyVar)

EmuBModeVar 
*          1    00000d01    00000001     UNINITIALIZED
                  00000d01    00000001     F2837xD_GlobalVariableDefs.obj (EmuBModeVar)

FlashCallbackVar 
*          1    00000d02    00000000     UNINITIALIZED

FlashScalingVar 
*          1    00000d02    00000000     UNINITIALIZED

DmaRegsFile 
*          1    00001000    000000e0     UNINITIALIZED
                  00001000    000000e0     F2837xD_GlobalVariableDefs.obj (DmaRegsFile)

Cla1RegsFile 
*          1    00001400    0000003e     UNINITIALIZED
                  00001400    0000003e     F2837xD_GlobalVariableDefs.obj (Cla1RegsFile)

EPwm1RegsFile 
*          1    00004000    00000100     UNINITIALIZED
                  00004000    00000100     F2837xD_GlobalVariableDefs.obj (EPwm1RegsFile)

EPwm2RegsFile 
*          1    00004100    00000100     UNINITIALIZED
                  00004100    00000100     F2837xD_GlobalVariableDefs.obj (EPwm2RegsFile)

EPwm3RegsFile 
*          1    00004200    00000100     UNINITIALIZED
                  00004200    00000100     F2837xD_GlobalVariableDefs.obj (EPwm3RegsFile)

EPwm4RegsFile 
*          1    00004300    00000100     UNINITIALIZED
                  00004300    00000100     F2837xD_GlobalVariableDefs.obj (EPwm4RegsFile)

EPwm5RegsFile 
*          1    00004400    00000100     UNINITIALIZED
                  00004400    00000100     F2837xD_GlobalVariableDefs.obj (EPwm5RegsFile)

EPwm6RegsFile 
*          1    00004500    00000100     UNINITIALIZED
                  00004500    00000100     F2837xD_GlobalVariableDefs.obj (EPwm6RegsFile)

EPwm7RegsFile 
*          1    00004600    00000100     UNINITIALIZED
                  00004600    00000100     F2837xD_GlobalVariableDefs.obj (EPwm7RegsFile)

EPwm8RegsFile 
*          1    00004700    00000100     UNINITIALIZED
                  00004700    00000100     F2837xD_GlobalVariableDefs.obj (EPwm8RegsFile)

EPwm9RegsFile 
*          1    00004800    00000100     UNINITIALIZED
                  00004800    00000100     F2837xD_GlobalVariableDefs.obj (EPwm9RegsFile)

EPwm10RegsFile 
*          1    00004900    00000100     UNINITIALIZED
                  00004900    00000100     F2837xD_GlobalVariableDefs.obj (EPwm10RegsFile)

EPwm11RegsFile 
*          1    00004a00    00000100     UNINITIALIZED
                  00004a00    00000100     F2837xD_GlobalVariableDefs.obj (EPwm11RegsFile)

EPwm12RegsFile 
*          1    00004b00    00000100     UNINITIALIZED
                  00004b00    00000100     F2837xD_GlobalVariableDefs.obj (EPwm12RegsFile)

ECap1RegsFile 
*          1    00005000    00000020     UNINITIALIZED
                  00005000    00000020     F2837xD_GlobalVariableDefs.obj (ECap1RegsFile)

ECap2RegsFile 
*          1    00005020    00000020     UNINITIALIZED
                  00005020    00000020     F2837xD_GlobalVariableDefs.obj (ECap2RegsFile)

ECap3RegsFile 
*          1    00005040    00000020     UNINITIALIZED
                  00005040    00000020     F2837xD_GlobalVariableDefs.obj (ECap3RegsFile)

ECap4RegsFile 
*          1    00005060    00000020     UNINITIALIZED
                  00005060    00000020     F2837xD_GlobalVariableDefs.obj (ECap4RegsFile)

ECap5RegsFile 
*          1    00005080    00000020     UNINITIALIZED
                  00005080    00000020     F2837xD_GlobalVariableDefs.obj (ECap5RegsFile)

ECap6RegsFile 
*          1    000050a0    00000020     UNINITIALIZED
                  000050a0    00000020     F2837xD_GlobalVariableDefs.obj (ECap6RegsFile)

EQep1RegsFile 
*          1    00005100    00000022     UNINITIALIZED
                  00005100    00000022     F2837xD_GlobalVariableDefs.obj (EQep1RegsFile)

EQep2RegsFile 
*          1    00005140    00000022     UNINITIALIZED
                  00005140    00000022     F2837xD_GlobalVariableDefs.obj (EQep2RegsFile)

EQep3RegsFile 
*          1    00005180    00000022     UNINITIALIZED
                  00005180    00000022     F2837xD_GlobalVariableDefs.obj (EQep3RegsFile)

DacaRegsFile 
*          1    00005c00    00000008     UNINITIALIZED
                  00005c00    00000008     F2837xD_GlobalVariableDefs.obj (DacaRegsFile)

DacbRegsFile 
*          1    00005c10    00000008     UNINITIALIZED
                  00005c10    00000008     F2837xD_GlobalVariableDefs.obj (DacbRegsFile)

DaccRegsFile 
*          1    00005c20    00000008     UNINITIALIZED
                  00005c20    00000008     F2837xD_GlobalVariableDefs.obj (DaccRegsFile)

I2caRegsFile 
*          1    00007300    00000022     UNINITIALIZED
                  00007300    00000022     F2837xD_GlobalVariableDefs.obj (I2caRegsFile)

I2cbRegsFile 
*          1    00007340    00000022     UNINITIALIZED
                  00007340    00000022     F2837xD_GlobalVariableDefs.obj (I2cbRegsFile)

AdcaRegsFile 
*          1    00007400    00000080     UNINITIALIZED
                  00007400    00000080     F2837xD_GlobalVariableDefs.obj (AdcaRegsFile)

AdcbRegsFile 
*          1    00007480    00000080     UNINITIALIZED
                  00007480    00000080     F2837xD_GlobalVariableDefs.obj (AdcbRegsFile)

AdccRegsFile 
*          1    00007500    00000080     UNINITIALIZED
                  00007500    00000080     F2837xD_GlobalVariableDefs.obj (AdccRegsFile)

AdcdRegsFile 
*          1    00007580    00000080     UNINITIALIZED
                  00007580    00000080     F2837xD_GlobalVariableDefs.obj (AdcdRegsFile)

AnalogSubsysRegsFile 
*          1    0005d180    00000048     UNINITIALIZED
                  0005d180    00000048     F2837xD_GlobalVariableDefs.obj (AnalogSubsysRegsFile)

Cla1SoftIntRegsFile 
*          1    00000ce0    00000004     DSECT
                  00000ce0    00000004     F2837xD_GlobalVariableDefs.obj (Cla1SoftIntRegsFile)

Cmpss1RegsFile 
*          1    00005c80    00000020     UNINITIALIZED
                  00005c80    00000020     F2837xD_GlobalVariableDefs.obj (Cmpss1RegsFile)

Cmpss2RegsFile 
*          1    00005ca0    00000020     UNINITIALIZED
                  00005ca0    00000020     F2837xD_GlobalVariableDefs.obj (Cmpss2RegsFile)

Cmpss3RegsFile 
*          1    00005cc0    00000020     UNINITIALIZED
                  00005cc0    00000020     F2837xD_GlobalVariableDefs.obj (Cmpss3RegsFile)

Cmpss4RegsFile 
*          1    00005ce0    00000020     UNINITIALIZED
                  00005ce0    00000020     F2837xD_GlobalVariableDefs.obj (Cmpss4RegsFile)

Cmpss5RegsFile 
*          1    00005d00    00000020     UNINITIALIZED
                  00005d00    00000020     F2837xD_GlobalVariableDefs.obj (Cmpss5RegsFile)

Cmpss6RegsFile 
*          1    00005d20    00000020     UNINITIALIZED
                  00005d20    00000020     F2837xD_GlobalVariableDefs.obj (Cmpss6RegsFile)

Cmpss7RegsFile 
*          1    00005d40    00000020     UNINITIALIZED
                  00005d40    00000020     F2837xD_GlobalVariableDefs.obj (Cmpss7RegsFile)

Cmpss8RegsFile 
*          1    00005d60    00000020     UNINITIALIZED
                  00005d60    00000020     F2837xD_GlobalVariableDefs.obj (Cmpss8RegsFile)

Sdfm1RegsFile 
*          1    00005e00    00000080     UNINITIALIZED
                  00005e00    00000080     F2837xD_GlobalVariableDefs.obj (Sdfm1RegsFile)

Sdfm2RegsFile 
*          1    00005e80    00000080     UNINITIALIZED
                  00005e80    00000080     F2837xD_GlobalVariableDefs.obj (Sdfm2RegsFile)

McbspaRegsFile 
*          1    00006000    00000024     UNINITIALIZED
                  00006000    00000024     F2837xD_GlobalVariableDefs.obj (McbspaRegsFile)

McbspbRegsFile 
*          1    00006040    00000024     UNINITIALIZED
                  00006040    00000024     F2837xD_GlobalVariableDefs.obj (McbspbRegsFile)

SpiaRegsFile 
*          1    00006100    00000010     UNINITIALIZED
                  00006100    00000010     F2837xD_GlobalVariableDefs.obj (SpiaRegsFile)

SpibRegsFile 
*          1    00006110    00000010     UNINITIALIZED
                  00006110    00000010     F2837xD_GlobalVariableDefs.obj (SpibRegsFile)

SpicRegsFile 
*          1    00006120    00000010     UNINITIALIZED
                  00006120    00000010     F2837xD_GlobalVariableDefs.obj (SpicRegsFile)

UppRegsFile 
*          1    00006200    00000048     UNINITIALIZED
                  00006200    00000048     F2837xD_GlobalVariableDefs.obj (UppRegsFile)

WdRegsFile 
*          1    00007000    0000002b     UNINITIALIZED
                  00007000    0000002b     F2837xD_GlobalVariableDefs.obj (WdRegsFile)

NmiIntruptRegsFile 
*          1    00007060    00000007     UNINITIALIZED
                  00007060    00000007     F2837xD_GlobalVariableDefs.obj (NmiIntruptRegsFile)

XintRegsFile 
*          1    00007070    0000000b     UNINITIALIZED
                  00007070    0000000b     F2837xD_GlobalVariableDefs.obj (XintRegsFile)

SciaRegsFile 
*          1    00007200    00000010     UNINITIALIZED
                  00007200    00000010     F2837xD_GlobalVariableDefs.obj (SciaRegsFile)

ScibRegsFile 
*          1    00007210    00000010     UNINITIALIZED
                  00007210    00000010     F2837xD_GlobalVariableDefs.obj (ScibRegsFile)

ScicRegsFile 
*          1    00007220    00000010     UNINITIALIZED
                  00007220    00000010     F2837xD_GlobalVariableDefs.obj (ScicRegsFile)

ScidRegsFile 
*          1    00007230    00000010     UNINITIALIZED
                  00007230    00000010     F2837xD_GlobalVariableDefs.obj (ScidRegsFile)

InputXbarRegsFile 
*          1    00007900    00000020     UNINITIALIZED
                  00007900    00000020     F2837xD_GlobalVariableDefs.obj (InputXbarRegsFile)

XbarRegsFile 
*          1    00007920    00000020     UNINITIALIZED
                  00007920    00000020     F2837xD_GlobalVariableDefs.obj (XbarRegsFile)

SyncSocRegsFile 
*          1    00007940    00000006     UNINITIALIZED
                  00007940    00000006     F2837xD_GlobalVariableDefs.obj (SyncSocRegsFile)

DmaClaSrcSelRegsFile 
*          1    00007980    0000001a     UNINITIALIZED
                  00007980    0000001a     F2837xD_GlobalVariableDefs.obj (DmaClaSrcSelRegsFile)

EPwmXbarRegsFile 
*          1    00007a00    00000040     UNINITIALIZED
                  00007a00    00000040     F2837xD_GlobalVariableDefs.obj (EPwmXbarRegsFile)

OutputXbarRegsFile 
*          1    00007a80    00000040     UNINITIALIZED
                  00007a80    00000040     F2837xD_GlobalVariableDefs.obj (OutputXbarRegsFile)

GpioCtrlRegsFile 
*          1    00007c00    00000180     UNINITIALIZED
                  00007c00    00000180     F2837xD_GlobalVariableDefs.obj (GpioCtrlRegsFile)

GpioDataRegsFile 
*          1    00007f00    00000030     UNINITIALIZED
                  00007f00    00000030     F2837xD_GlobalVariableDefs.obj (GpioDataRegsFile)

Emif1RegsFile 
*          1    00047000    00000070     UNINITIALIZED
                  00047000    00000070     F2837xD_GlobalVariableDefs.obj (Emif1RegsFile)

Emif2RegsFile 
*          1    00047800    00000070     UNINITIALIZED
                  00047800    00000070     F2837xD_GlobalVariableDefs.obj (Emif2RegsFile)

IpcRegsFile 
*          1    00050000    00000024     UNINITIALIZED
                  00050000    00000024     F2837xD_GlobalVariableDefs.obj (IpcRegsFile)

FlashPumpSemaphoreRegsFile 
*          1    00050024    00000002     UNINITIALIZED
                  00050024    00000002     F2837xD_GlobalVariableDefs.obj (FlashPumpSemaphoreRegsFile)

RomPrefetchRegsFile 
*          1    0005e608    00000002     UNINITIALIZED
                  0005e608    00000002     F2837xD_GlobalVariableDefs.obj (RomPrefetchRegsFile)

DcsmZ1RegsFile 
*          1    0005f000    00000024     UNINITIALIZED
                  0005f000    00000024     F2837xD_GlobalVariableDefs.obj (DcsmZ1RegsFile)

DcsmZ2RegsFile 
*          1    0005f040    00000024     UNINITIALIZED
                  0005f040    00000024     F2837xD_GlobalVariableDefs.obj (DcsmZ2RegsFile)

DcsmCommonRegsFile 
*          1    0005f070    00000008     UNINITIALIZED
                  0005f070    00000008     F2837xD_GlobalVariableDefs.obj (DcsmCommonRegsFile)

MemCfgRegsFile 
*          1    0005f400    00000080     UNINITIALIZED
                  0005f400    00000080     F2837xD_GlobalVariableDefs.obj (MemCfgRegsFile)

Emif1ConfigRegsFile 
*          1    0005f480    00000020     UNINITIALIZED
                  0005f480    00000020     F2837xD_GlobalVariableDefs.obj (Emif1ConfigRegsFile)

Emif2ConfigRegsFile 
*          1    0005f4a0    00000020     UNINITIALIZED
                  0005f4a0    00000020     F2837xD_GlobalVariableDefs.obj (Emif2ConfigRegsFile)

AccessProtectionRegsFile 
*          1    0005f4c0    00000040     UNINITIALIZED
                  0005f4c0    00000040     F2837xD_GlobalVariableDefs.obj (AccessProtectionRegsFile)

MemoryErrorRegsFile 
*          1    0005f500    00000040     UNINITIALIZED
                  0005f500    00000040     F2837xD_GlobalVariableDefs.obj (MemoryErrorRegsFile)

RomWaitStateRegsFile 
*          1    0005f540    00000002     UNINITIALIZED
                  0005f540    00000002     F2837xD_GlobalVariableDefs.obj (RomWaitStateRegsFile)

Flash0CtrlRegsFile 
*          1    0005f800    00000182     UNINITIALIZED
                  0005f800    00000182     F2837xD_GlobalVariableDefs.obj (Flash0CtrlRegsFile)

Flash0EccRegsFile 
*          1    0005fb00    00000028     UNINITIALIZED
                  0005fb00    00000028     F2837xD_GlobalVariableDefs.obj (Flash0EccRegsFile)

DcsmZ1OtpFile 
*          1    00078000    00000020     NOLOAD SECTION
                  00078000    00000020     F2837xD_GlobalVariableDefs.obj (DcsmZ1OtpFile)

DcsmZ2OtpFile 
*          1    00078200    00000020     NOLOAD SECTION
                  00078200    00000020     F2837xD_GlobalVariableDefs.obj (DcsmZ2OtpFile)

DevCfgRegsFile 
*          1    0005d000    0000012e     UNINITIALIZED
                  0005d000    0000012e     F2837xD_GlobalVariableDefs.obj (DevCfgRegsFile)

ClkCfgRegsFile 
*          1    0005d200    00000032     UNINITIALIZED
                  0005d200    00000032     F2837xD_GlobalVariableDefs.obj (ClkCfgRegsFile)

CpuSysRegsFile 
*          1    0005d300    00000082     UNINITIALIZED
                  0005d300    00000082     F2837xD_GlobalVariableDefs.obj (CpuSysRegsFile)

.text.1    0    0008202c    00001fd2     
                  0008202c    000010e6     ff.obj (.text)
                  00083112    00000585     F2837xD_DefaultISR.obj (.text:retain)
                  00083697    00000474     mmc-F2837x.obj (.text)
                  00083b0b    0000034c     F2837xD_SysCtrl.obj (.text)
                  00083e57    00000088     rts2800_fpu32.lib : fs_div.obj (.text)
                  00083edf    00000055     systick.obj (.text)
                  00083f34    00000046     rts2800_fpu32.lib : boot.obj (.text)
                  00083f7a    0000003e     sd_card.obj (.text)
                  00083fb8    00000031     sd_card.obj (.text:retain)
                  00083fe9    00000015     rts2800_fpu32.lib : memcmp.obj (.text)

.text.2    0    00084000    00000760     
                  00084000    00000273     sysctl.obj (.text)
                  00084273    0000024a     F2837xD_Gpio.obj (.text)
                  000844bd    000001d7     interrupt.obj (.text)
                  00084694    00000028     F2837xD_PieCtrl.obj (.text)
                  000846bc    00000028     F2837xD_PieVect.obj (.text)
                  000846e4    0000001e     rts2800_fpu32.lib : memcpy.obj (.text)
                  00084702    00000019                       : args_main.obj (.text)
                  0008471b    00000019                       : exit.obj (.text)
                  00084734    0000000f     interrupt.obj (.text:retain)
                  00084743    0000000c     rts2800_fpu32.lib : memset.obj (.text)
                  0008474f    00000009                       : _lock.obj (.text)
                  00084758    00000008     F2837xD_CodeStartBranch.obj (.text)

.ebss      1    0000a800    00000482     UNINITIALIZED
                  0000a800    00000458     sd_card.obj (.ebss)
                  0000ac58    00000012     cmdline.obj (.ebss)
                  0000ac6a    00000006     ff.obj (.ebss)
                  0000ac70    00000005     mmc-F2837x.obj (.ebss)
                  0000ac75    00000001     ustdlib.obj (.ebss)
                  0000ac76    00000004     rts2800_fpu32.lib : exit.obj (.ebss)
                  0000ac7a    00000004     uartstdio.obj (.ebss)
                  0000ac7e    00000002     rts2800_fpu32.lib : _lock.obj (.ebss:__lock)
                  0000ac80    00000002                       : _lock.obj (.ebss:__unlock)


GLOBAL DATA SYMBOLS: SORTED BY DATA PAGE

address     data page           name
--------    ----------------    ----
00000400      10 (00000400)     __stack

00000b00      2c (00000b00)     _AdcaResultRegs
00000b20      2c (00000b00)     _AdcbResultRegs

00000b40      2d (00000b40)     _AdccResultRegs
00000b60      2d (00000b40)     _AdcdResultRegs

00000c00      30 (00000c00)     _CpuTimer0Regs
00000c08      30 (00000c00)     _CpuTimer1Regs
00000c10      30 (00000c00)     _CpuTimer2Regs

00000ce0      33 (00000cc0)     _Cla1SoftIntRegs
00000ce0      33 (00000cc0)     _PieCtrlRegs

00000d00      34 (00000d00)     _EmuKey
00000d00      34 (00000d00)     _PieVectTable
00000d01      34 (00000d00)     _EmuBMode

00001000      40 (00001000)     _DmaRegs

00001400      50 (00001400)     _Cla1Regs

00004000     100 (00004000)     _EPwm1Regs

00004100     104 (00004100)     _EPwm2Regs

00004200     108 (00004200)     _EPwm3Regs

00004300     10c (00004300)     _EPwm4Regs

00004400     110 (00004400)     _EPwm5Regs

00004500     114 (00004500)     _EPwm6Regs

00004600     118 (00004600)     _EPwm7Regs

00004700     11c (00004700)     _EPwm8Regs

00004800     120 (00004800)     _EPwm9Regs

00004900     124 (00004900)     _EPwm10Regs

00004a00     128 (00004a00)     _EPwm11Regs

00004b00     12c (00004b00)     _EPwm12Regs

00005000     140 (00005000)     _ECap1Regs
00005020     140 (00005000)     _ECap2Regs

00005040     141 (00005040)     _ECap3Regs
00005060     141 (00005040)     _ECap4Regs

00005080     142 (00005080)     _ECap5Regs
000050a0     142 (00005080)     _ECap6Regs

00005100     144 (00005100)     _EQep1Regs

00005140     145 (00005140)     _EQep2Regs

00005180     146 (00005180)     _EQep3Regs

00005c00     170 (00005c00)     _DacaRegs
00005c10     170 (00005c00)     _DacbRegs
00005c20     170 (00005c00)     _DaccRegs

00005c80     172 (00005c80)     _Cmpss1Regs
00005ca0     172 (00005c80)     _Cmpss2Regs

00005cc0     173 (00005cc0)     _Cmpss3Regs
00005ce0     173 (00005cc0)     _Cmpss4Regs

00005d00     174 (00005d00)     _Cmpss5Regs
00005d20     174 (00005d00)     _Cmpss6Regs

00005d40     175 (00005d40)     _Cmpss7Regs
00005d60     175 (00005d40)     _Cmpss8Regs

00005e00     178 (00005e00)     _Sdfm1Regs

00005e80     17a (00005e80)     _Sdfm2Regs

00006000     180 (00006000)     _McbspaRegs

00006040     181 (00006040)     _McbspbRegs

00006100     184 (00006100)     _SpiaRegs
00006110     184 (00006100)     _SpibRegs
00006120     184 (00006100)     _SpicRegs

00006200     188 (00006200)     _UppRegs

00007000     1c0 (00007000)     _WdRegs

00007060     1c1 (00007040)     _NmiIntruptRegs
00007070     1c1 (00007040)     _XintRegs

00007200     1c8 (00007200)     _SciaRegs
00007210     1c8 (00007200)     _ScibRegs
00007220     1c8 (00007200)     _ScicRegs
00007230     1c8 (00007200)     _ScidRegs

00007300     1cc (00007300)     _I2caRegs

00007340     1cd (00007340)     _I2cbRegs

00007400     1d0 (00007400)     _AdcaRegs

00007480     1d2 (00007480)     _AdcbRegs

00007500     1d4 (00007500)     _AdccRegs

00007580     1d6 (00007580)     _AdcdRegs

00007900     1e4 (00007900)     _InputXbarRegs
00007920     1e4 (00007900)     _XbarRegs

00007940     1e5 (00007940)     _SyncSocRegs

00007980     1e6 (00007980)     _DmaClaSrcSelRegs

00007a00     1e8 (00007a00)     _EPwmXbarRegs

00007a80     1ea (00007a80)     _OutputXbarRegs

00007c00     1f0 (00007c00)     _GpioCtrlRegs

00007f00     1fc (00007f00)     _GpioDataRegs

0000ac76     2b1 (0000ac40)     ___TI_cleanup_ptr
0000ac78     2b1 (0000ac40)     ___TI_dtors_ptr
0000ac7e     2b1 (0000ac40)     __lock

0000ac80     2b2 (0000ac80)     __unlock

00047000    11c0 (00047000)     _Emif1Regs

00047800    11e0 (00047800)     _Emif2Regs

00050000    1400 (00050000)     _IpcRegs
00050024    1400 (00050000)     _FlashPumpSemaphoreRegs

0005d000    1740 (0005d000)     _DevCfgRegs

0005d180    1746 (0005d180)     _AnalogSubsysRegs

0005d200    1748 (0005d200)     _ClkCfgRegs

0005d300    174c (0005d300)     _CpuSysRegs

0005e608    1798 (0005e600)     _RomPrefetchRegs

0005f000    17c0 (0005f000)     _DcsmZ1Regs

0005f040    17c1 (0005f040)     _DcsmZ2Regs
0005f070    17c1 (0005f040)     _DcsmCommonRegs

0005f400    17d0 (0005f400)     _MemCfgRegs

0005f480    17d2 (0005f480)     _Emif1ConfigRegs
0005f4a0    17d2 (0005f480)     _Emif2ConfigRegs

0005f4c0    17d3 (0005f4c0)     _AccessProtectionRegs

0005f500    17d4 (0005f500)     _MemoryErrorRegs

0005f540    17d5 (0005f540)     _RomWaitStateRegs

0005f800    17e0 (0005f800)     _Flash0CtrlRegs

0005fb00    17ec (0005fb00)     _Flash0EccRegs

00078000    1e00 (00078000)     _DcsmZ1Otp

00078200    1e08 (00078200)     _DcsmZ2Otp

00090000    2400 (00090000)     _PieVectTableInit


GLOBAL SYMBOLS: SORTED ALPHABETICALLY BY Name 

page  address   name                                  
----  -------   ----                                  
abs   ffffffff  .text                                 
0     0008471b  C$$EXIT                               
0     00083e57  FS$$DIV                               
0     000831d0  _ADCA1_ISR                            
0     00083450  _ADCA2_ISR                            
0     0008345a  _ADCA3_ISR                            
0     00083464  _ADCA4_ISR                            
0     00083446  _ADCA_EVT_ISR                         
0     000831da  _ADCB1_ISR                            
0     00083478  _ADCB2_ISR                            
0     00083482  _ADCB3_ISR                            
0     0008348c  _ADCB4_ISR                            
0     0008346e  _ADCB_EVT_ISR                         
0     000831e4  _ADCC1_ISR                            
0     000835e0  _ADCC2_ISR                            
0     000835ea  _ADCC3_ISR                            
0     000835f4  _ADCC4_ISR                            
0     000835d6  _ADCC_EVT_ISR                         
0     00083202  _ADCD1_ISR                            
0     00083608  _ADCD2_ISR                            
0     00083612  _ADCD3_ISR                            
0     0008361c  _ADCD4_ISR                            
0     000835fe  _ADCD_EVT_ISR                         
0     00083658  _AUX_PLL_SLIP_ISR                     
1     0005f4c0  _AccessProtectionRegs                 
1     00007400  _AdcaRegs                             
1     00000b00  _AdcaResultRegs                       
1     00007480  _AdcbRegs                             
1     00000b20  _AdcbResultRegs                       
1     00007500  _AdccRegs                             
1     00000b40  _AdccResultRegs                       
1     00007580  _AdcdRegs                             
1     00000b60  _AdcdResultRegs                       
1     0005d180  _AnalogSubsysRegs                     
0     00083e03  _AuxAuxClkSel                         
0     00083ded  _AuxIntOsc2Sel                        
0     00083df7  _AuxXtalOscSel                        
0     0008341e  _CANA0_ISR                            
0     00083428  _CANA1_ISR                            
0     00083432  _CANB0_ISR                            
0     0008343c  _CANB1_ISR                            
0     00083496  _CLA1_1_ISR                           
0     000834a0  _CLA1_2_ISR                           
0     000834aa  _CLA1_3_ISR                           
0     000834b4  _CLA1_4_ISR                           
0     000834be  _CLA1_5_ISR                           
0     000834c8  _CLA1_6_ISR                           
0     000834d2  _CLA1_7_ISR                           
0     000834dc  _CLA1_8_ISR                           
0     00083662  _CLA_OVERFLOW_ISR                     
0     0008366c  _CLA_UNDERFLOW_ISR                    
1     00001400  _Cla1Regs                             
0     00000ce0  _Cla1SoftIntRegs                      
1     0005d200  _ClkCfgRegs                           
1     00005c80  _Cmpss1Regs                           
1     00005ca0  _Cmpss2Regs                           
1     00005cc0  _Cmpss3Regs                           
1     00005ce0  _Cmpss4Regs                           
1     00005d00  _Cmpss5Regs                           
1     00005d20  _Cmpss6Regs                           
1     00005d40  _Cmpss7Regs                           
1     00005d60  _Cmpss8Regs                           
1     0005d300  _CpuSysRegs                           
1     00000c00  _CpuTimer0Regs                        
1     00000c08  _CpuTimer1Regs                        
1     00000c10  _CpuTimer2Regs                        
0     00083dac  _CsmUnlock                            
0     00083126  _DATALOG_ISR                          
0     0008336a  _DMA_CH1_ISR                          
0     00083374  _DMA_CH2_ISR                          
0     0008337e  _DMA_CH3_ISR                          
0     00083388  _DMA_CH4_ISR                          
0     00083392  _DMA_CH5_ISR                          
0     0008339c  _DMA_CH6_ISR                          
1     00005c00  _DacaRegs                             
1     00005c10  _DacbRegs                             
1     00005c20  _DaccRegs                             
1     0005f070  _DcsmCommonRegs                       
1     00078000  _DcsmZ1Otp                            
1     0005f000  _DcsmZ1Regs                           
1     00078200  _DcsmZ2Otp                            
1     0005f040  _DcsmZ2Regs                           
1     0005d000  _DevCfgRegs                           
0     00083c0b  _DisableDog                           
0     00083bcc  _DisablePeripheralClocks              
1     00007980  _DmaClaSrcSelRegs                     
1     00001000  _DmaRegs                              
0     000832c0  _ECAP1_ISR                            
0     000832ca  _ECAP2_ISR                            
0     000832d4  _ECAP3_ISR                            
0     000832de  _ECAP4_ISR                            
0     000832e8  _ECAP5_ISR                            
0     000832f2  _ECAP6_ISR                            
1     00005000  _ECap1Regs                            
1     00005020  _ECap2Regs                            
1     00005040  _ECap3Regs                            
1     00005060  _ECap4Regs                            
1     00005080  _ECap5Regs                            
1     000050a0  _ECap6Regs                            
0     00083626  _EMIF_ERROR_ISR                       
0     00083680  _EMPTY_ISR                            
0     0008313a  _EMU_ISR                              
0     0008357c  _EPWM10_ISR                           
0     00083554  _EPWM10_TZ_ISR                        
0     00083586  _EPWM11_ISR                           
0     0008355e  _EPWM11_TZ_ISR                        
0     00083590  _EPWM12_ISR                           
0     00083568  _EPWM12_TZ_ISR                        
0     00083270  _EPWM1_ISR                            
0     00083220  _EPWM1_TZ_ISR                         
0     0008327a  _EPWM2_ISR                            
0     0008322a  _EPWM2_TZ_ISR                         
0     00083284  _EPWM3_ISR                            
0     00083234  _EPWM3_TZ_ISR                         
0     0008328e  _EPWM4_ISR                            
0     0008323e  _EPWM4_TZ_ISR                         
0     00083298  _EPWM5_ISR                            
0     00083248  _EPWM5_TZ_ISR                         
0     000832a2  _EPWM6_ISR                            
0     00083252  _EPWM6_TZ_ISR                         
0     000832ac  _EPWM7_ISR                            
0     0008325c  _EPWM7_TZ_ISR                         
0     000832b6  _EPWM8_ISR                            
0     00083266  _EPWM8_TZ_ISR                         
0     00083572  _EPWM9_ISR                            
0     0008354a  _EPWM9_TZ_ISR                         
1     00004900  _EPwm10Regs                           
1     00004a00  _EPwm11Regs                           
1     00004b00  _EPwm12Regs                           
1     00004000  _EPwm1Regs                            
1     00004100  _EPwm2Regs                            
1     00004200  _EPwm3Regs                            
1     00004300  _EPwm4Regs                            
1     00004400  _EPwm5Regs                            
1     00004500  _EPwm6Regs                            
1     00004600  _EPwm7Regs                            
1     00004700  _EPwm8Regs                            
1     00004800  _EPwm9Regs                            
1     00007a00  _EPwmXbarRegs                         
0     000832fc  _EQEP1_ISR                            
0     00083306  _EQEP2_ISR                            
0     00083310  _EQEP3_ISR                            
1     00005100  _EQep1Regs                            
1     00005140  _EQep2Regs                            
1     00005180  _EQep3Regs                            
1     0005f480  _Emif1ConfigRegs                      
1     00047000  _Emif1Regs                            
1     0005f4a0  _Emif2ConfigRegs                      
1     00047800  _Emif2Regs                            
1     00000d01  _EmuBMode                             
1     00000d00  _EmuKey                               
0     000846b3  _EnableInterrupts                     
0     00008037  _F28x_usDelay                         
0     0008363a  _FLASH_CORRECTABLE_ERROR_ISR          
0     0008350e  _FPU_OVERFLOW_ISR                     
0     00083518  _FPU_UNDERFLOW_ISR                    
1     0005f800  _Flash0CtrlRegs                       
1     0005fb00  _Flash0EccRegs                        
0     00008029  _FlashOff                             
1     00050024  _FlashPumpSemaphoreRegs               
0     00084472  _GPIO_EnableUnbondedIOPullups         
0     0008444d  _GPIO_EnableUnbondedIOPullupsFor100Pin
0     00084434  _GPIO_EnableUnbondedIOPullupsFor176Pin
0     00084488  _GPIO_ReadPin                         
0     000843d9  _GPIO_SetupLock                       
0     000842b7  _GPIO_SetupPinMux                     
0     00084345  _GPIO_SetupPinOptions                 
0     00084402  _GPIO_SetupXINT1Gpio                  
0     0008440c  _GPIO_SetupXINT2Gpio                  
0     00084416  _GPIO_SetupXINT3Gpio                  
0     00084420  _GPIO_SetupXINT4Gpio                  
0     0008442a  _GPIO_SetupXINT5Gpio                  
0     0008449f  _GPIO_WritePin                        
1     00007c00  _GpioCtrlRegs                         
1     00007f00  _GpioDataRegs                         
0     00083e21  _HALT                                 
0     00083e3a  _HIB                                  
0     000833b0  _I2CA_FIFO_ISR                        
0     000833a6  _I2CA_ISR                             
0     000833c4  _I2CB_FIFO_ISR                        
0     000833ba  _I2CB_ISR                             
1     00007300  _I2caRegs                             
1     00007340  _I2cbRegs                             
0     00083e0d  _IDLE                                 
0     0008314e  _ILLEGAL_ISR                          
0     00083522  _IPC0_ISR                             
0     0008352c  _IPC1_ISR                             
0     00083536  _IPC2_ISR                             
0     00083540  _IPC3_ISR                             
0     00083ce1  _InitAuxPll                           
0     00008000  _InitFlash                            
0     00084273  _InitGpio                             
0     00083b48  _InitPeripheralClocks                 
0     00084694  _InitPieCtrl                          
0     000846bc  _InitPieVectTable                     
0     00083b0b  _InitSysCtrl                          
0     00083c19  _InitSysPll                           
1     00007900  _InputXbarRegs                        
0     00084734  _IntDefaultHandler                    
0     0008458d  _IntDisable                           
0     000844f5  _IntEnable                            
0     00084612  _IntIFRClear                          
0     000844c5  _IntMasterDisable                     
0     000844bd  _IntMasterEnable                      
0     000844cd  _IntRegister                          
0     000844e0  _IntUnregister                        
1     00050000  _IpcRegs                              
0     00083342  _MCBSPA_RX_ISR                        
0     0008334c  _MCBSPA_TX_ISR                        
0     00083356  _MCBSPB_RX_ISR                        
0     00083360  _MCBSPB_TX_ISR                        
1     00006000  _McbspaRegs                           
1     00006040  _McbspbRegs                           
1     0005f400  _MemCfgRegs                           
1     0005f500  _MemoryErrorRegs                      
0     00083144  _NMI_ISR                              
0     0008368d  _NOTUSED_ISR                          
1     00007060  _NmiIntruptRegs                       
1     00007a80  _OutputXbarRegs                       
0     00083676  _PIE_RESERVED_ISR                     
1     00000ce0  _PieCtrlRegs                          
1     00000d00  _PieVectTable                         
0     00090000  _PieVectTableInit                     
0     00083644  _RAM_ACCESS_VIOLATION_ISR             
0     00083630  _RAM_CORRECTABLE_ERROR_ISR            
0     00083130  _RTOS_ISR                             
0     0008603f  _RamfuncsLoadEnd                      
abs   0000003f  _RamfuncsLoadSize                     
0     00086000  _RamfuncsLoadStart                    
0     0000803f  _RamfuncsRunEnd                       
abs   0000003f  _RamfuncsRunSize                      
0     00008000  _RamfuncsRunStart                     
0     00083bf3  _ReleaseFlashPump                     
1     0005e608  _RomPrefetchRegs                      
1     0005f540  _RomWaitStateRegs                     
0     000833f6  _SCIA_RX_ISR                          
0     00083400  _SCIA_TX_ISR                          
0     0008340a  _SCIB_RX_ISR                          
0     00083414  _SCIB_TX_ISR                          
0     000833ce  _SCIC_RX_ISR                          
0     000833d8  _SCIC_TX_ISR                          
0     000833e2  _SCID_RX_ISR                          
0     000833ec  _SCID_TX_ISR                          
0     0008359a  _SD1_ISR                              
0     000835a4  _SD2_ISR                              
0     0008331a  _SPIA_RX_ISR                          
0     00083324  _SPIA_TX_ISR                          
0     0008332e  _SPIB_RX_ISR                          
0     00083338  _SPIB_TX_ISR                          
0     000835ae  _SPIC_RX_ISR                          
0     000835b8  _SPIC_TX_ISR                          
0     00083e16  _STANDBY                              
0     0008364e  _SYS_PLL_SLIP_ISR                     
1     00007200  _SciaRegs                             
1     00007210  _ScibRegs                             
1     00007220  _ScicRegs                             
1     00007230  _ScidRegs                             
1     00005e00  _Sdfm1Regs                            
1     00005e80  _Sdfm2Regs                            
0     00083be4  _SeizeFlashPump                       
0     00083bfd  _ServiceDog                           
1     00006100  _SpiaRegs                             
1     00006110  _SpibRegs                             
1     00006120  _SpicRegs                             
1     00007940  _SyncSocRegs                          
0     000841df  _SysCtlAuxClockSet                    
0     000840cb  _SysCtlClockGet                       
0     0008412d  _SysCtlClockSet                       
0     0000803b  _SysCtlDelay                          
0     00084116  _SysCtlLowSpeedClockGet               
0     000840a4  _SysCtlPeripheralDisable              
0     00084088  _SysCtlPeripheralEnable               
0     00084000  _SysCtlPeripheralPresent              
0     00084021  _SysCtlPeripheralReady                
0     0008405a  _SysCtlPeripheralReset                
0     000840c1  _SysCtlReset                          
0     00084272  _SysCtlUSBPLLDisable                  
0     00084271  _SysCtlUSBPLLEnable                   
0     00083dcd  _SysIntOsc1Sel                        
0     00083dd7  _SysIntOsc2Sel                        
0     00083ef2  _SysTickDisable                       
0     00083eeb  _SysTickEnable                        
0     00083fb8  _SysTickHandler                       
0     00083edf  _SysTickInit                          
0     00083f1b  _SysTickIntDisable                    
0     00083f11  _SysTickIntEnable                     
0     00083ef7  _SysTickIntRegister                   
0     00083f06  _SysTickIntUnregister                 
0     00083f2c  _SysTickPeriodGet                     
0     00083f25  _SysTickPeriodSet                     
0     00083f30  _SysTickValueGet                      
0     00083de1  _SysXtalOscSel                        
0     0008320c  _TIMER0_ISR                           
0     00083112  _TIMER1_ISR                           
0     0008311c  _TIMER2_ISR                           
0     000835c2  _UPPA_ISR                             
0     000835cc  _USBA_ISR                             
0     000831b2  _USER10_ISR                           
0     000831bc  _USER11_ISR                           
0     000831c6  _USER12_ISR                           
0     00083158  _USER1_ISR                            
0     00083162  _USER2_ISR                            
0     0008316c  _USER3_ISR                            
0     00083176  _USER4_ISR                            
0     00083180  _USER5_ISR                            
0     0008318a  _USER6_ISR                            
0     00083194  _USER7_ISR                            
0     0008319e  _USER8_ISR                            
0     000831a8  _USER9_ISR                            
1     00006200  _UppRegs                              
0     00083504  _VCU_ISR                              
0     00083216  _WAKE_ISR                             
1     00007000  _WdRegs                               
0     000831ee  _XINT1_ISR                            
0     000831f8  _XINT2_ISR                            
0     000834e6  _XINT3_ISR                            
0     000834f0  _XINT4_ISR                            
0     000834fa  _XINT5_ISR                            
1     00007920  _XbarRegs                             
1     00007070  _XintRegs                             
1     00000500  __STACK_END                           
abs   00000100  __STACK_SIZE                          
1     0000ac76  ___TI_cleanup_ptr                     
1     0000ac78  ___TI_dtors_ptr                       
abs   ffffffff  ___binit__                            
abs   ffffffff  ___c_args__                           
0     00082000  ___cinit__                            
abs   ffffffff  ___etext__                            
abs   ffffffff  ___pinit__                            
abs   ffffffff  ___text__                             
0     00084702  __args_main                           
1     0000ac7e  __lock                                
0     00084757  __nop                                 
0     00084753  __register_lock                       
0     0008474f  __register_unlock                     
1     00000400  __stack                               
1     0000ac80  __unlock                              
0     0008471b  _abort                                
0     00083f34  _c_int00                              
0     000838a4  _disk_initialize                      
0     00083a1d  _disk_ioctl                           
0     00083975  _disk_read                            
0     0008396a  _disk_status                          
0     00083af5  _disk_timerproc                       
0     000839bf  _disk_write                           
0     0008471d  _exit                                 
0     0008305a  _f_chmod                              
0     00082c53  _f_close                              
0     00082e06  _f_getfree                            
0     00082c60  _f_lseek                              
0     00082f39  _f_mkdir                              
0     000827ff  _f_mount                              
0     0008282d  _f_open                               
0     00082d39  _f_opendir                            
0     0008299b  _f_read                               
0     00082d92  _f_readdir                            
0     00083099  _f_rename                             
0     00082dd8  _f_stat                               
0     00082b9f  _f_sync                               
0     00082ea3  _f_unlink                             
0     00082a85  _f_write                              
0     00083b06  _get_fattime                          
0     00083f7a  _main                                 
0     00083fe9  _memcmp                               
0     000846e4  _memcpy                               
0     00084743  _memset                               
abs   ffffffff  binit                                 
0     00082000  cinit                                 
0     00080000  code_start                            
abs   ffffffff  etext                                 
abs   ffffffff  pinit                                 


GLOBAL SYMBOLS: SORTED BY Symbol Address 

page  address   name                                  
----  -------   ----                                  
0     00000ce0  _Cla1SoftIntRegs                      
0     00008000  _InitFlash                            
0     00008000  _RamfuncsRunStart                     
0     00008029  _FlashOff                             
0     00008037  _F28x_usDelay                         
0     0000803b  _SysCtlDelay                          
0     0000803f  _RamfuncsRunEnd                       
0     00080000  code_start                            
0     00082000  ___cinit__                            
0     00082000  cinit                                 
0     000827ff  _f_mount                              
0     0008282d  _f_open                               
0     0008299b  _f_read                               
0     00082a85  _f_write                              
0     00082b9f  _f_sync                               
0     00082c53  _f_close                              
0     00082c60  _f_lseek                              
0     00082d39  _f_opendir                            
0     00082d92  _f_readdir                            
0     00082dd8  _f_stat                               
0     00082e06  _f_getfree                            
0     00082ea3  _f_unlink                             
0     00082f39  _f_mkdir                              
0     0008305a  _f_chmod                              
0     00083099  _f_rename                             
0     00083112  _TIMER1_ISR                           
0     0008311c  _TIMER2_ISR                           
0     00083126  _DATALOG_ISR                          
0     00083130  _RTOS_ISR                             
0     0008313a  _EMU_ISR                              
0     00083144  _NMI_ISR                              
0     0008314e  _ILLEGAL_ISR                          
0     00083158  _USER1_ISR                            
0     00083162  _USER2_ISR                            
0     0008316c  _USER3_ISR                            
0     00083176  _USER4_ISR                            
0     00083180  _USER5_ISR                            
0     0008318a  _USER6_ISR                            
0     00083194  _USER7_ISR                            
0     0008319e  _USER8_ISR                            
0     000831a8  _USER9_ISR                            
0     000831b2  _USER10_ISR                           
0     000831bc  _USER11_ISR                           
0     000831c6  _USER12_ISR                           
0     000831d0  _ADCA1_ISR                            
0     000831da  _ADCB1_ISR                            
0     000831e4  _ADCC1_ISR                            
0     000831ee  _XINT1_ISR                            
0     000831f8  _XINT2_ISR                            
0     00083202  _ADCD1_ISR                            
0     0008320c  _TIMER0_ISR                           
0     00083216  _WAKE_ISR                             
0     00083220  _EPWM1_TZ_ISR                         
0     0008322a  _EPWM2_TZ_ISR                         
0     00083234  _EPWM3_TZ_ISR                         
0     0008323e  _EPWM4_TZ_ISR                         
0     00083248  _EPWM5_TZ_ISR                         
0     00083252  _EPWM6_TZ_ISR                         
0     0008325c  _EPWM7_TZ_ISR                         
0     00083266  _EPWM8_TZ_ISR                         
0     00083270  _EPWM1_ISR                            
0     0008327a  _EPWM2_ISR                            
0     00083284  _EPWM3_ISR                            
0     0008328e  _EPWM4_ISR                            
0     00083298  _EPWM5_ISR                            
0     000832a2  _EPWM6_ISR                            
0     000832ac  _EPWM7_ISR                            
0     000832b6  _EPWM8_ISR                            
0     000832c0  _ECAP1_ISR                            
0     000832ca  _ECAP2_ISR                            
0     000832d4  _ECAP3_ISR                            
0     000832de  _ECAP4_ISR                            
0     000832e8  _ECAP5_ISR                            
0     000832f2  _ECAP6_ISR                            
0     000832fc  _EQEP1_ISR                            
0     00083306  _EQEP2_ISR                            
0     00083310  _EQEP3_ISR                            
0     0008331a  _SPIA_RX_ISR                          
0     00083324  _SPIA_TX_ISR                          
0     0008332e  _SPIB_RX_ISR                          
0     00083338  _SPIB_TX_ISR                          
0     00083342  _MCBSPA_RX_ISR                        
0     0008334c  _MCBSPA_TX_ISR                        
0     00083356  _MCBSPB_RX_ISR                        
0     00083360  _MCBSPB_TX_ISR                        
0     0008336a  _DMA_CH1_ISR                          
0     00083374  _DMA_CH2_ISR                          
0     0008337e  _DMA_CH3_ISR                          
0     00083388  _DMA_CH4_ISR                          
0     00083392  _DMA_CH5_ISR                          
0     0008339c  _DMA_CH6_ISR                          
0     000833a6  _I2CA_ISR                             
0     000833b0  _I2CA_FIFO_ISR                        
0     000833ba  _I2CB_ISR                             
0     000833c4  _I2CB_FIFO_ISR                        
0     000833ce  _SCIC_RX_ISR                          
0     000833d8  _SCIC_TX_ISR                          
0     000833e2  _SCID_RX_ISR                          
0     000833ec  _SCID_TX_ISR                          
0     000833f6  _SCIA_RX_ISR                          
0     00083400  _SCIA_TX_ISR                          
0     0008340a  _SCIB_RX_ISR                          
0     00083414  _SCIB_TX_ISR                          
0     0008341e  _CANA0_ISR                            
0     00083428  _CANA1_ISR                            
0     00083432  _CANB0_ISR                            
0     0008343c  _CANB1_ISR                            
0     00083446  _ADCA_EVT_ISR                         
0     00083450  _ADCA2_ISR                            
0     0008345a  _ADCA3_ISR                            
0     00083464  _ADCA4_ISR                            
0     0008346e  _ADCB_EVT_ISR                         
0     00083478  _ADCB2_ISR                            
0     00083482  _ADCB3_ISR                            
0     0008348c  _ADCB4_ISR                            
0     00083496  _CLA1_1_ISR                           
0     000834a0  _CLA1_2_ISR                           
0     000834aa  _CLA1_3_ISR                           
0     000834b4  _CLA1_4_ISR                           
0     000834be  _CLA1_5_ISR                           
0     000834c8  _CLA1_6_ISR                           
0     000834d2  _CLA1_7_ISR                           
0     000834dc  _CLA1_8_ISR                           
0     000834e6  _XINT3_ISR                            
0     000834f0  _XINT4_ISR                            
0     000834fa  _XINT5_ISR                            
0     00083504  _VCU_ISR                              
0     0008350e  _FPU_OVERFLOW_ISR                     
0     00083518  _FPU_UNDERFLOW_ISR                    
0     00083522  _IPC0_ISR                             
0     0008352c  _IPC1_ISR                             
0     00083536  _IPC2_ISR                             
0     00083540  _IPC3_ISR                             
0     0008354a  _EPWM9_TZ_ISR                         
0     00083554  _EPWM10_TZ_ISR                        
0     0008355e  _EPWM11_TZ_ISR                        
0     00083568  _EPWM12_TZ_ISR                        
0     00083572  _EPWM9_ISR                            
0     0008357c  _EPWM10_ISR                           
0     00083586  _EPWM11_ISR                           
0     00083590  _EPWM12_ISR                           
0     0008359a  _SD1_ISR                              
0     000835a4  _SD2_ISR                              
0     000835ae  _SPIC_RX_ISR                          
0     000835b8  _SPIC_TX_ISR                          
0     000835c2  _UPPA_ISR                             
0     000835cc  _USBA_ISR                             
0     000835d6  _ADCC_EVT_ISR                         
0     000835e0  _ADCC2_ISR                            
0     000835ea  _ADCC3_ISR                            
0     000835f4  _ADCC4_ISR                            
0     000835fe  _ADCD_EVT_ISR                         
0     00083608  _ADCD2_ISR                            
0     00083612  _ADCD3_ISR                            
0     0008361c  _ADCD4_ISR                            
0     00083626  _EMIF_ERROR_ISR                       
0     00083630  _RAM_CORRECTABLE_ERROR_ISR            
0     0008363a  _FLASH_CORRECTABLE_ERROR_ISR          
0     00083644  _RAM_ACCESS_VIOLATION_ISR             
0     0008364e  _SYS_PLL_SLIP_ISR                     
0     00083658  _AUX_PLL_SLIP_ISR                     
0     00083662  _CLA_OVERFLOW_ISR                     
0     0008366c  _CLA_UNDERFLOW_ISR                    
0     00083676  _PIE_RESERVED_ISR                     
0     00083680  _EMPTY_ISR                            
0     0008368d  _NOTUSED_ISR                          
0     000838a4  _disk_initialize                      
0     0008396a  _disk_status                          
0     00083975  _disk_read                            
0     000839bf  _disk_write                           
0     00083a1d  _disk_ioctl                           
0     00083af5  _disk_timerproc                       
0     00083b06  _get_fattime                          
0     00083b0b  _InitSysCtrl                          
0     00083b48  _InitPeripheralClocks                 
0     00083bcc  _DisablePeripheralClocks              
0     00083be4  _SeizeFlashPump                       
0     00083bf3  _ReleaseFlashPump                     
0     00083bfd  _ServiceDog                           
0     00083c0b  _DisableDog                           
0     00083c19  _InitSysPll                           
0     00083ce1  _InitAuxPll                           
0     00083dac  _CsmUnlock                            
0     00083dcd  _SysIntOsc1Sel                        
0     00083dd7  _SysIntOsc2Sel                        
0     00083de1  _SysXtalOscSel                        
0     00083ded  _AuxIntOsc2Sel                        
0     00083df7  _AuxXtalOscSel                        
0     00083e03  _AuxAuxClkSel                         
0     00083e0d  _IDLE                                 
0     00083e16  _STANDBY                              
0     00083e21  _HALT                                 
0     00083e3a  _HIB                                  
0     00083e57  FS$$DIV                               
0     00083edf  _SysTickInit                          
0     00083eeb  _SysTickEnable                        
0     00083ef2  _SysTickDisable                       
0     00083ef7  _SysTickIntRegister                   
0     00083f06  _SysTickIntUnregister                 
0     00083f11  _SysTickIntEnable                     
0     00083f1b  _SysTickIntDisable                    
0     00083f25  _SysTickPeriodSet                     
0     00083f2c  _SysTickPeriodGet                     
0     00083f30  _SysTickValueGet                      
0     00083f34  _c_int00                              
0     00083f7a  _main                                 
0     00083fb8  _SysTickHandler                       
0     00083fe9  _memcmp                               
0     00084000  _SysCtlPeripheralPresent              
0     00084021  _SysCtlPeripheralReady                
0     0008405a  _SysCtlPeripheralReset                
0     00084088  _SysCtlPeripheralEnable               
0     000840a4  _SysCtlPeripheralDisable              
0     000840c1  _SysCtlReset                          
0     000840cb  _SysCtlClockGet                       
0     00084116  _SysCtlLowSpeedClockGet               
0     0008412d  _SysCtlClockSet                       
0     000841df  _SysCtlAuxClockSet                    
0     00084271  _SysCtlUSBPLLEnable                   
0     00084272  _SysCtlUSBPLLDisable                  
0     00084273  _InitGpio                             
0     000842b7  _GPIO_SetupPinMux                     
0     00084345  _GPIO_SetupPinOptions                 
0     000843d9  _GPIO_SetupLock                       
0     00084402  _GPIO_SetupXINT1Gpio                  
0     0008440c  _GPIO_SetupXINT2Gpio                  
0     00084416  _GPIO_SetupXINT3Gpio                  
0     00084420  _GPIO_SetupXINT4Gpio                  
0     0008442a  _GPIO_SetupXINT5Gpio                  
0     00084434  _GPIO_EnableUnbondedIOPullupsFor176Pin
0     0008444d  _GPIO_EnableUnbondedIOPullupsFor100Pin
0     00084472  _GPIO_EnableUnbondedIOPullups         
0     00084488  _GPIO_ReadPin                         
0     0008449f  _GPIO_WritePin                        
0     000844bd  _IntMasterEnable                      
0     000844c5  _IntMasterDisable                     
0     000844cd  _IntRegister                          
0     000844e0  _IntUnregister                        
0     000844f5  _IntEnable                            
0     0008458d  _IntDisable                           
0     00084612  _IntIFRClear                          
0     00084694  _InitPieCtrl                          
0     000846b3  _EnableInterrupts                     
0     000846bc  _InitPieVectTable                     
0     000846e4  _memcpy                               
0     00084702  __args_main                           
0     0008471b  C$$EXIT                               
0     0008471b  _abort                                
0     0008471d  _exit                                 
0     00084734  _IntDefaultHandler                    
0     00084743  _memset                               
0     0008474f  __register_unlock                     
0     00084753  __register_lock                       
0     00084757  __nop                                 
0     00086000  _RamfuncsLoadStart                    
0     0008603f  _RamfuncsLoadEnd                      
0     00090000  _PieVectTableInit                     
1     00000400  __stack                               
1     00000500  __STACK_END                           
1     00000b00  _AdcaResultRegs                       
1     00000b20  _AdcbResultRegs                       
1     00000b40  _AdccResultRegs                       
1     00000b60  _AdcdResultRegs                       
1     00000c00  _CpuTimer0Regs                        
1     00000c08  _CpuTimer1Regs                        
1     00000c10  _CpuTimer2Regs                        
1     00000ce0  _PieCtrlRegs                          
1     00000d00  _EmuKey                               
1     00000d00  _PieVectTable                         
1     00000d01  _EmuBMode                             
1     00001000  _DmaRegs                              
1     00001400  _Cla1Regs                             
1     00004000  _EPwm1Regs                            
1     00004100  _EPwm2Regs                            
1     00004200  _EPwm3Regs                            
1     00004300  _EPwm4Regs                            
1     00004400  _EPwm5Regs                            
1     00004500  _EPwm6Regs                            
1     00004600  _EPwm7Regs                            
1     00004700  _EPwm8Regs                            
1     00004800  _EPwm9Regs                            
1     00004900  _EPwm10Regs                           
1     00004a00  _EPwm11Regs                           
1     00004b00  _EPwm12Regs                           
1     00005000  _ECap1Regs                            
1     00005020  _ECap2Regs                            
1     00005040  _ECap3Regs                            
1     00005060  _ECap4Regs                            
1     00005080  _ECap5Regs                            
1     000050a0  _ECap6Regs                            
1     00005100  _EQep1Regs                            
1     00005140  _EQep2Regs                            
1     00005180  _EQep3Regs                            
1     00005c00  _DacaRegs                             
1     00005c10  _DacbRegs                             
1     00005c20  _DaccRegs                             
1     00005c80  _Cmpss1Regs                           
1     00005ca0  _Cmpss2Regs                           
1     00005cc0  _Cmpss3Regs                           
1     00005ce0  _Cmpss4Regs                           
1     00005d00  _Cmpss5Regs                           
1     00005d20  _Cmpss6Regs                           
1     00005d40  _Cmpss7Regs                           
1     00005d60  _Cmpss8Regs                           
1     00005e00  _Sdfm1Regs                            
1     00005e80  _Sdfm2Regs                            
1     00006000  _McbspaRegs                           
1     00006040  _McbspbRegs                           
1     00006100  _SpiaRegs                             
1     00006110  _SpibRegs                             
1     00006120  _SpicRegs                             
1     00006200  _UppRegs                              
1     00007000  _WdRegs                               
1     00007060  _NmiIntruptRegs                       
1     00007070  _XintRegs                             
1     00007200  _SciaRegs                             
1     00007210  _ScibRegs                             
1     00007220  _ScicRegs                             
1     00007230  _ScidRegs                             
1     00007300  _I2caRegs                             
1     00007340  _I2cbRegs                             
1     00007400  _AdcaRegs                             
1     00007480  _AdcbRegs                             
1     00007500  _AdccRegs                             
1     00007580  _AdcdRegs                             
1     00007900  _InputXbarRegs                        
1     00007920  _XbarRegs                             
1     00007940  _SyncSocRegs                          
1     00007980  _DmaClaSrcSelRegs                     
1     00007a00  _EPwmXbarRegs                         
1     00007a80  _OutputXbarRegs                       
1     00007c00  _GpioCtrlRegs                         
1     00007f00  _GpioDataRegs                         
1     0000ac76  ___TI_cleanup_ptr                     
1     0000ac78  ___TI_dtors_ptr                       
1     0000ac7e  __lock                                
1     0000ac80  __unlock                              
1     00047000  _Emif1Regs                            
1     00047800  _Emif2Regs                            
1     00050000  _IpcRegs                              
1     00050024  _FlashPumpSemaphoreRegs               
1     0005d000  _DevCfgRegs                           
1     0005d180  _AnalogSubsysRegs                     
1     0005d200  _ClkCfgRegs                           
1     0005d300  _CpuSysRegs                           
1     0005e608  _RomPrefetchRegs                      
1     0005f000  _DcsmZ1Regs                           
1     0005f040  _DcsmZ2Regs                           
1     0005f070  _DcsmCommonRegs                       
1     0005f400  _MemCfgRegs                           
1     0005f480  _Emif1ConfigRegs                      
1     0005f4a0  _Emif2ConfigRegs                      
1     0005f4c0  _AccessProtectionRegs                 
1     0005f500  _MemoryErrorRegs                      
1     0005f540  _RomWaitStateRegs                     
1     0005f800  _Flash0CtrlRegs                       
1     0005fb00  _Flash0EccRegs                        
1     00078000  _DcsmZ1Otp                            
1     00078200  _DcsmZ2Otp                            
abs   0000003f  _RamfuncsLoadSize                     
abs   0000003f  _RamfuncsRunSize                      
abs   00000100  __STACK_SIZE                          
abs   ffffffff  .text                                 
abs   ffffffff  ___binit__                            
abs   ffffffff  ___c_args__                           
abs   ffffffff  ___etext__                            
abs   ffffffff  ___pinit__                            
abs   ffffffff  ___text__                             
abs   ffffffff  binit                                 
abs   ffffffff  etext                                 
abs   ffffffff  pinit                                 

[371 symbols]
