******************************************************************************
             TMS320C2000 Linker Unix v15.12.4                  
******************************************************************************
>> Linked Tue Dec  6 15:37:22 2016

OUTPUT FILE NAME:   <ADC_Logger.out>
ENTRY POINT SYMBOL: "_c_int00"  address: 00083fa8


MEMORY CONFIGURATION

         name            origin    length      used     unused   attr    fill
----------------------  --------  ---------  --------  --------  ----  --------
PAGE 0:
  RAMM0                 00000122   000002de  00000000  000002de  RWIX
  RAMLS0                00008000   00000800  0000004c  000007b4  RWIX
  RAMLS1                00008800   00000800  00000000  00000800  RWIX
  RAMLS2                00009000   00000800  00000000  00000800  RWIX
  RAMLS3                00009800   00000800  00000000  00000800  RWIX
  RAMLS4                0000a000   00000800  00000000  00000800  RWIX
  RAMD0                 0000b000   00000800  00000000  00000800  RWIX
  RAMGS14               0001a000   00001000  00000000  00001000  RWIX
  RAMGS15               0001b000   00001000  00000000  00001000  RWIX
  BEGIN                 00080000   00000002  00000002  00000000  RWIX
  FLASHA                00080002   00001ffe  00000000  00001ffe  RWIX
  FLASHB                00082000   00002000  00001ffd  00000003  RWIX
  FLASHC                00084000   00002000  00000a8b  00001575  RWIX
  FLASHD                00086000   00002000  0000004c  00001fb4  RWIX
  FLASHE                00088000   00008000  00000000  00008000  RWIX
  FLASHF                00090000   00008000  0000034a  00007cb6  RWIX
  FLASHG                00098000   00008000  00000000  00008000  RWIX
  FLASHH                000a0000   00008000  00000000  00008000  RWIX
  FLASHI                000a8000   00008000  00000000  00008000  RWIX
  FLASHJ                000b0000   00008000  00000000  00008000  RWIX
  FLASHK                000b8000   00002000  00000000  00002000  RWIX
  FLASHL                000ba000   00002000  00000000  00002000  RWIX
  FLASHM                000bc000   00002000  00000000  00002000  RWIX
  FLASHN                000be000   00002000  00000000  00002000  RWIX
  RESET                 003fffc0   00000002  00000000  00000002  RWIX

PAGE 1:
  BOOT_RSVD             00000002   00000120  00000000  00000120  RWIX
  RAMM1                 00000400   00000400  00000400  00000000  RWIX
  ADCA_RESULT           00000b00   00000020  00000018  00000008  RWIX
  ADCB_RESULT           00000b20   00000020  00000018  00000008  RWIX
  ADCC_RESULT           00000b40   00000020  00000018  00000008  RWIX
  ADCD_RESULT           00000b60   00000020  00000018  00000008  RWIX
  CPU_TIMER0            00000c00   00000008  00000008  00000000  RWIX
  CPU_TIMER1            00000c08   00000008  00000008  00000000  RWIX
  CPU_TIMER2            00000c10   00000008  00000008  00000000  RWIX
  PIE_CTRL              00000ce0   00000020  0000001a  00000006  RWIX
  PIE_VECT              00000d00   00000200  000001c0  00000040  RWIX
  DMA                   00001000   00000200  000000e0  00000120  RWIX
  CLA1                  00001400   00000040  0000003e  00000002  RWIX
  EPWM1                 00004000   00000100  00000100  00000000  RWIX
  EPWM2                 00004100   00000100  00000100  00000000  RWIX
  EPWM3                 00004200   00000100  00000100  00000000  RWIX
  EPWM4                 00004300   00000100  00000100  00000000  RWIX
  EPWM5                 00004400   00000100  00000100  00000000  RWIX
  EPWM6                 00004500   00000100  00000100  00000000  RWIX
  EPWM7                 00004600   00000100  00000100  00000000  RWIX
  EPWM8                 00004700   00000100  00000100  00000000  RWIX
  EPWM9                 00004800   00000100  00000100  00000000  RWIX
  EPWM10                00004900   00000100  00000100  00000000  RWIX
  EPWM11                00004a00   00000100  00000100  00000000  RWIX
  EPWM12                00004b00   00000100  00000100  00000000  RWIX
  ECAP1                 00005000   00000020  00000020  00000000  RWIX
  ECAP2                 00005020   00000020  00000020  00000000  RWIX
  ECAP3                 00005040   00000020  00000020  00000000  RWIX
  ECAP4                 00005060   00000020  00000020  00000000  RWIX
  ECAP5                 00005080   00000020  00000020  00000000  RWIX
  ECAP6                 000050a0   00000020  00000020  00000000  RWIX
  EQEP1                 00005100   00000040  00000022  0000001e  RWIX
  EQEP2                 00005140   00000040  00000022  0000001e  RWIX
  EQEP3                 00005180   00000040  00000022  0000001e  RWIX
  DACA                  00005c00   00000010  00000008  00000008  RWIX
  DACB                  00005c10   00000010  00000008  00000008  RWIX
  DACC                  00005c20   00000010  00000008  00000008  RWIX
  CMPSS1                00005c80   00000020  00000020  00000000  RWIX
  CMPSS2                00005ca0   00000020  00000020  00000000  RWIX
  CMPSS3                00005cc0   00000020  00000020  00000000  RWIX
  CMPSS4                00005ce0   00000020  00000020  00000000  RWIX
  CMPSS5                00005d00   00000020  00000020  00000000  RWIX
  CMPSS6                00005d20   00000020  00000020  00000000  RWIX
  CMPSS7                00005d40   00000020  00000020  00000000  RWIX
  CMPSS8                00005d60   00000020  00000020  00000000  RWIX
  SDFM1                 00005e00   00000080  00000080  00000000  RWIX
  SDFM2                 00005e80   00000080  00000080  00000000  RWIX
  MCBSPA                00006000   00000040  00000024  0000001c  RWIX
  MCBSPB                00006040   00000040  00000024  0000001c  RWIX
  SPIA                  00006100   00000010  00000010  00000000  RWIX
  SPIB                  00006110   00000010  00000010  00000000  RWIX
  SPIC                  00006120   00000010  00000010  00000000  RWIX
  SPID                  00006130   00000010  00000000  00000010  RWIX
  UPP                   00006200   00000100  00000048  000000b8  RWIX
  WD                    00007000   00000040  0000002b  00000015  RWIX
  NMIINTRUPT            00007060   00000010  00000007  00000009  RWIX
  XINT                  00007070   00000010  0000000b  00000005  RWIX
  SCIA                  00007200   00000010  00000010  00000000  RWIX
  SCIB                  00007210   00000010  00000010  00000000  RWIX
  SCIC                  00007220   00000010  00000010  00000000  RWIX
  SCID                  00007230   00000010  00000010  00000000  RWIX
  I2CA                  00007300   00000040  00000022  0000001e  RWIX
  I2CB                  00007340   00000040  00000022  0000001e  RWIX
  ADCA                  00007400   00000080  00000080  00000000  RWIX
  ADCB                  00007480   00000080  00000080  00000000  RWIX
  ADCC                  00007500   00000080  00000080  00000000  RWIX
  ADCD                  00007580   00000080  00000080  00000000  RWIX
  INPUT_XBAR            00007900   00000020  00000020  00000000  RWIX
  XBAR                  00007920   00000020  00000020  00000000  RWIX
  SYNC_SOC              00007940   00000010  00000006  0000000a  RWIX
  DMACLASRCSEL          00007980   00000040  0000001a  00000026  RWIX
  EPWM_XBAR             00007a00   00000040  00000040  00000000  RWIX
  CLB_XBAR              00007a40   00000040  00000000  00000040  RWIX
  OUTPUT_XBAR           00007a80   00000040  00000040  00000000  RWIX
  GPIOCTRL              00007c00   00000180  00000180  00000000  RWIX
  GPIODAT               00007f00   00000030  00000030  00000000  RWIX
  RAMLS5                0000a800   00000800  00000325  000004db  RWIX
  RAMD1                 0000b800   00000800  00000000  00000800  RWIX
  RAMGS0                0000c000   00001000  00000000  00001000  RWIX
  RAMGS1                0000d000   00001000  00000000  00001000  RWIX
  RAMGS2                0000e000   00001000  00000000  00001000  RWIX
  RAMGS3                0000f000   00001000  00001000  00000000  RWIX
  RAMGS4                00010000   00001000  00000000  00001000  RWIX
  RAMGS5                00011000   00001000  00000000  00001000  RWIX
  RAMGS6                00012000   00001000  00000000  00001000  RWIX
  RAMGS7                00013000   00001000  00000000  00001000  RWIX
  RAMGS8                00014000   00001000  00000000  00001000  RWIX
  RAMGS9                00015000   00001000  00000000  00001000  RWIX
  RAMGS10               00016000   00001000  00000000  00001000  RWIX
  RAMGS11               00017000   00001000  00000000  00001000  RWIX
  RAMGS12               00018000   00001000  00000000  00001000  RWIX
  RAMGS13               00019000   00001000  00000000  00001000  RWIX
  CPU2TOCPU1RAM         0003f800   00000400  00000000  00000400  RWIX
  CPU1TOCPU2RAM         0003fc00   00000400  00000000  00000400  RWIX
  EMIF1                 00047000   00000800  00000070  00000790  RWIX
  EMIF2                 00047800   00000800  00000070  00000790  RWIX
  CANA                  00048000   00000800  00000000  00000800  RWIX
  CANB                  0004a000   00000800  00000000  00000800  RWIX
  IPC                   00050000   00000024  00000024  00000000  RWIX
  FLASHPUMPSEMAPHORE    00050024   00000002  00000002  00000000  RWIX
  DEV_CFG               0005d000   00000180  0000012e  00000052  RWIX
  ANALOG_SUBSYS         0005d180   00000080  00000048  00000038  RWIX
  CLK_CFG               0005d200   00000100  00000032  000000ce  RWIX
  CPU_SYS               0005d300   00000100  00000082  0000007e  RWIX
  ROMPREFETCH           0005e608   00000002  00000002  00000000  RWIX
  DCSM_Z1               0005f000   00000030  00000024  0000000c  RWIX
  DCSM_Z2               0005f040   00000030  00000024  0000000c  RWIX
  DCSM_COMMON           0005f070   00000010  00000008  00000008  RWIX
  MEMCFG                0005f400   00000080  00000080  00000000  RWIX
  EMIF1CONFIG           0005f480   00000020  00000020  00000000  RWIX
  EMIF2CONFIG           0005f4a0   00000020  00000020  00000000  RWIX
  ACCESSPROTECTION      0005f4c0   00000040  00000040  00000000  RWIX
  MEMORYERROR           0005f500   00000040  00000040  00000000  RWIX
  ROMWAITSTATE          0005f540   00000002  00000002  00000000  RWIX
  FLASH0_CTRL           0005f800   00000300  00000182  0000017e  RWIX
  FLASH0_ECC            0005fb00   00000040  00000028  00000018  RWIX
  DCSM_Z1_OTP           00078000   00000020  00000020  00000000  RWIX
  DCSM_Z2_OTP           00078200   00000020  00000020  00000000  RWIX


SECTION ALLOCATION MAP

 output                                  attributes/
section   page    origin      length       input sections
--------  ----  ----------  ----------   ----------------
.cinit     0    00082000    00000085     
                  00082000    00000031     rts2800_fpu32.lib : lowlev.obj (.cinit)
                  00082031    0000002a                       : defs.obj (.cinit)
                  0008205b    0000000e                       : exit.obj (.cinit)
                  00082069    00000005                       : _lock.obj (.cinit:__lock)
                  0008206e    00000005                       : _lock.obj (.cinit:__unlock)
                  00082073    00000004                       : errno.obj (.cinit)
                  00082077    00000004                       : fopen.obj (.cinit)
                  0008207b    00000004                       : memory.obj (.cinit)
                  0008207f    00000004     sci_io.obj (.cinit)
                  00082083    00000002     --HOLE-- [fill = 0]

.pinit     0    00082000    00000000     UNINITIALIZED

codestart 
*          0    00080000    00000002     
                  00080000    00000002     F2837xD_CodeStartBranch.obj (codestart)

.TI.ramfunc 
*          0    00086000    0000004c     RUN ADDR = 00008000
                  00086000    00000048     F2837xD_SysCtrl.obj (.TI.ramfunc)
                  00086048    00000004     F2837xD_usDelay.obj (.TI.ramfunc)

.stack     1    00000400    00000400     UNINITIALIZED
                  00000400    00000400     --HOLE--

.esysmem   1    0000f000    00001000     UNINITIALIZED
                  0000f000    00000001     rts2800_fpu32.lib : memory.obj (.esysmem)
                  0000f001    00000fff     --HOLE--

.reset     0    003fffc0    00000002     DSECT
                  003fffc0    00000002     rts2800_fpu32.lib : boot.obj (.reset)

GETBUFFER 
*          0    0003f800    00000000     DSECT

GETWRITEIDX 
*          0    0003f800    00000000     DSECT

PUTREADIDX 
*          0    0003f800    00000000     DSECT

.econst    0    00090000    0000034a     
                  00090000    000001c0     F2837xD_PieVect.obj (.econst:_PieVectTableInit)
                  000901c0    00000101     rts2800_fpu32.lib : ctype.obj (.econst:.string:__ctypes_)
                  000902c1    00000001     --HOLE-- [fill = 0]
                  000902c2    00000026                       : _printfi.obj (.econst:.string)
                  000902e8    00000020     main.obj (.econst:.string)
                  00090308    0000001c     rts2800_fpu32.lib : _printfi.obj (.econst)
                  00090324    0000001c                       : s_scalbn.obj (.econst)
                  00090340    00000008                       : s_frexp.obj (.econst)
                  00090348    00000002                       : fputs.obj (.econst:.string)

AdcaResultFile 
*          1    00000b00    00000018     UNINITIALIZED
                  00000b00    00000018     F2837xD_GlobalVariableDefs.obj (AdcaResultFile)

AdcbResultFile 
*          1    00000b20    00000018     UNINITIALIZED
                  00000b20    00000018     F2837xD_GlobalVariableDefs.obj (AdcbResultFile)

AdccResultFile 
*          1    00000b40    00000018     UNINITIALIZED
                  00000b40    00000018     F2837xD_GlobalVariableDefs.obj (AdccResultFile)

AdcdResultFile 
*          1    00000b60    00000018     UNINITIALIZED
                  00000b60    00000018     F2837xD_GlobalVariableDefs.obj (AdcdResultFile)

CpuTimer0RegsFile 
*          1    00000c00    00000008     UNINITIALIZED
                  00000c00    00000008     F2837xD_GlobalVariableDefs.obj (CpuTimer0RegsFile)

CpuTimer1RegsFile 
*          1    00000c08    00000008     UNINITIALIZED
                  00000c08    00000008     F2837xD_GlobalVariableDefs.obj (CpuTimer1RegsFile)

CpuTimer2RegsFile 
*          1    00000c10    00000008     UNINITIALIZED
                  00000c10    00000008     F2837xD_GlobalVariableDefs.obj (CpuTimer2RegsFile)

PieCtrlRegsFile 
*          1    00000ce0    0000001a     UNINITIALIZED
                  00000ce0    0000001a     F2837xD_GlobalVariableDefs.obj (PieCtrlRegsFile)

PieVectTableFile 
*          1    00000d00    000001c0     UNINITIALIZED
                  00000d00    000001c0     F2837xD_GlobalVariableDefs.obj (PieVectTableFile)

EmuKeyVar 
*          1    00000d00    00000001     UNINITIALIZED
                  00000d00    00000001     F2837xD_GlobalVariableDefs.obj (EmuKeyVar)

EmuBModeVar 
*          1    00000d01    00000001     UNINITIALIZED
                  00000d01    00000001     F2837xD_GlobalVariableDefs.obj (EmuBModeVar)

FlashCallbackVar 
*          1    00000d02    00000000     UNINITIALIZED

FlashScalingVar 
*          1    00000d02    00000000     UNINITIALIZED

DmaRegsFile 
*          1    00001000    000000e0     UNINITIALIZED
                  00001000    000000e0     F2837xD_GlobalVariableDefs.obj (DmaRegsFile)

AdcaRegsFile 
*          1    00007400    00000080     UNINITIALIZED
                  00007400    00000080     F2837xD_GlobalVariableDefs.obj (AdcaRegsFile)

AdcbRegsFile 
*          1    00007480    00000080     UNINITIALIZED
                  00007480    00000080     F2837xD_GlobalVariableDefs.obj (AdcbRegsFile)

AdccRegsFile 
*          1    00007500    00000080     UNINITIALIZED
                  00007500    00000080     F2837xD_GlobalVariableDefs.obj (AdccRegsFile)

AdcdRegsFile 
*          1    00007580    00000080     UNINITIALIZED
                  00007580    00000080     F2837xD_GlobalVariableDefs.obj (AdcdRegsFile)

AnalogSubsysRegsFile 
*          1    0005d180    00000048     UNINITIALIZED
                  0005d180    00000048     F2837xD_GlobalVariableDefs.obj (AnalogSubsysRegsFile)

Cla1RegsFile 
*          1    00001400    0000003e     UNINITIALIZED
                  00001400    0000003e     F2837xD_GlobalVariableDefs.obj (Cla1RegsFile)

Cla1SoftIntRegsFile 
*          1    00000ce0    00000004     DSECT
                  00000ce0    00000004     F2837xD_GlobalVariableDefs.obj (Cla1SoftIntRegsFile)

EPwm1RegsFile 
*          1    00004000    00000100     UNINITIALIZED
                  00004000    00000100     F2837xD_GlobalVariableDefs.obj (EPwm1RegsFile)

EPwm2RegsFile 
*          1    00004100    00000100     UNINITIALIZED
                  00004100    00000100     F2837xD_GlobalVariableDefs.obj (EPwm2RegsFile)

EPwm3RegsFile 
*          1    00004200    00000100     UNINITIALIZED
                  00004200    00000100     F2837xD_GlobalVariableDefs.obj (EPwm3RegsFile)

EPwm4RegsFile 
*          1    00004300    00000100     UNINITIALIZED
                  00004300    00000100     F2837xD_GlobalVariableDefs.obj (EPwm4RegsFile)

EPwm5RegsFile 
*          1    00004400    00000100     UNINITIALIZED
                  00004400    00000100     F2837xD_GlobalVariableDefs.obj (EPwm5RegsFile)

EPwm6RegsFile 
*          1    00004500    00000100     UNINITIALIZED
                  00004500    00000100     F2837xD_GlobalVariableDefs.obj (EPwm6RegsFile)

EPwm7RegsFile 
*          1    00004600    00000100     UNINITIALIZED
                  00004600    00000100     F2837xD_GlobalVariableDefs.obj (EPwm7RegsFile)

EPwm8RegsFile 
*          1    00004700    00000100     UNINITIALIZED
                  00004700    00000100     F2837xD_GlobalVariableDefs.obj (EPwm8RegsFile)

EPwm9RegsFile 
*          1    00004800    00000100     UNINITIALIZED
                  00004800    00000100     F2837xD_GlobalVariableDefs.obj (EPwm9RegsFile)

EPwm10RegsFile 
*          1    00004900    00000100     UNINITIALIZED
                  00004900    00000100     F2837xD_GlobalVariableDefs.obj (EPwm10RegsFile)

EPwm11RegsFile 
*          1    00004a00    00000100     UNINITIALIZED
                  00004a00    00000100     F2837xD_GlobalVariableDefs.obj (EPwm11RegsFile)

EPwm12RegsFile 
*          1    00004b00    00000100     UNINITIALIZED
                  00004b00    00000100     F2837xD_GlobalVariableDefs.obj (EPwm12RegsFile)

ECap1RegsFile 
*          1    00005000    00000020     UNINITIALIZED
                  00005000    00000020     F2837xD_GlobalVariableDefs.obj (ECap1RegsFile)

ECap2RegsFile 
*          1    00005020    00000020     UNINITIALIZED
                  00005020    00000020     F2837xD_GlobalVariableDefs.obj (ECap2RegsFile)

ECap3RegsFile 
*          1    00005040    00000020     UNINITIALIZED
                  00005040    00000020     F2837xD_GlobalVariableDefs.obj (ECap3RegsFile)

ECap4RegsFile 
*          1    00005060    00000020     UNINITIALIZED
                  00005060    00000020     F2837xD_GlobalVariableDefs.obj (ECap4RegsFile)

ECap5RegsFile 
*          1    00005080    00000020     UNINITIALIZED
                  00005080    00000020     F2837xD_GlobalVariableDefs.obj (ECap5RegsFile)

ECap6RegsFile 
*          1    000050a0    00000020     UNINITIALIZED
                  000050a0    00000020     F2837xD_GlobalVariableDefs.obj (ECap6RegsFile)

EQep1RegsFile 
*          1    00005100    00000022     UNINITIALIZED
                  00005100    00000022     F2837xD_GlobalVariableDefs.obj (EQep1RegsFile)

EQep2RegsFile 
*          1    00005140    00000022     UNINITIALIZED
                  00005140    00000022     F2837xD_GlobalVariableDefs.obj (EQep2RegsFile)

EQep3RegsFile 
*          1    00005180    00000022     UNINITIALIZED
                  00005180    00000022     F2837xD_GlobalVariableDefs.obj (EQep3RegsFile)

DacaRegsFile 
*          1    00005c00    00000008     UNINITIALIZED
                  00005c00    00000008     F2837xD_GlobalVariableDefs.obj (DacaRegsFile)

DacbRegsFile 
*          1    00005c10    00000008     UNINITIALIZED
                  00005c10    00000008     F2837xD_GlobalVariableDefs.obj (DacbRegsFile)

DaccRegsFile 
*          1    00005c20    00000008     UNINITIALIZED
                  00005c20    00000008     F2837xD_GlobalVariableDefs.obj (DaccRegsFile)

Cmpss1RegsFile 
*          1    00005c80    00000020     UNINITIALIZED
                  00005c80    00000020     F2837xD_GlobalVariableDefs.obj (Cmpss1RegsFile)

Cmpss2RegsFile 
*          1    00005ca0    00000020     UNINITIALIZED
                  00005ca0    00000020     F2837xD_GlobalVariableDefs.obj (Cmpss2RegsFile)

Cmpss3RegsFile 
*          1    00005cc0    00000020     UNINITIALIZED
                  00005cc0    00000020     F2837xD_GlobalVariableDefs.obj (Cmpss3RegsFile)

Cmpss4RegsFile 
*          1    00005ce0    00000020     UNINITIALIZED
                  00005ce0    00000020     F2837xD_GlobalVariableDefs.obj (Cmpss4RegsFile)

Cmpss5RegsFile 
*          1    00005d00    00000020     UNINITIALIZED
                  00005d00    00000020     F2837xD_GlobalVariableDefs.obj (Cmpss5RegsFile)

Cmpss6RegsFile 
*          1    00005d20    00000020     UNINITIALIZED
                  00005d20    00000020     F2837xD_GlobalVariableDefs.obj (Cmpss6RegsFile)

Cmpss7RegsFile 
*          1    00005d40    00000020     UNINITIALIZED
                  00005d40    00000020     F2837xD_GlobalVariableDefs.obj (Cmpss7RegsFile)

Cmpss8RegsFile 
*          1    00005d60    00000020     UNINITIALIZED
                  00005d60    00000020     F2837xD_GlobalVariableDefs.obj (Cmpss8RegsFile)

Sdfm1RegsFile 
*          1    00005e00    00000080     UNINITIALIZED
                  00005e00    00000080     F2837xD_GlobalVariableDefs.obj (Sdfm1RegsFile)

Sdfm2RegsFile 
*          1    00005e80    00000080     UNINITIALIZED
                  00005e80    00000080     F2837xD_GlobalVariableDefs.obj (Sdfm2RegsFile)

McbspaRegsFile 
*          1    00006000    00000024     UNINITIALIZED
                  00006000    00000024     F2837xD_GlobalVariableDefs.obj (McbspaRegsFile)

McbspbRegsFile 
*          1    00006040    00000024     UNINITIALIZED
                  00006040    00000024     F2837xD_GlobalVariableDefs.obj (McbspbRegsFile)

SpiaRegsFile 
*          1    00006100    00000010     UNINITIALIZED
                  00006100    00000010     F2837xD_GlobalVariableDefs.obj (SpiaRegsFile)

SpibRegsFile 
*          1    00006110    00000010     UNINITIALIZED
                  00006110    00000010     F2837xD_GlobalVariableDefs.obj (SpibRegsFile)

SpicRegsFile 
*          1    00006120    00000010     UNINITIALIZED
                  00006120    00000010     F2837xD_GlobalVariableDefs.obj (SpicRegsFile)

UppRegsFile 
*          1    00006200    00000048     UNINITIALIZED
                  00006200    00000048     F2837xD_GlobalVariableDefs.obj (UppRegsFile)

WdRegsFile 
*          1    00007000    0000002b     UNINITIALIZED
                  00007000    0000002b     F2837xD_GlobalVariableDefs.obj (WdRegsFile)

NmiIntruptRegsFile 
*          1    00007060    00000007     UNINITIALIZED
                  00007060    00000007     F2837xD_GlobalVariableDefs.obj (NmiIntruptRegsFile)

XintRegsFile 
*          1    00007070    0000000b     UNINITIALIZED
                  00007070    0000000b     F2837xD_GlobalVariableDefs.obj (XintRegsFile)

SciaRegsFile 
*          1    00007200    00000010     UNINITIALIZED
                  00007200    00000010     F2837xD_GlobalVariableDefs.obj (SciaRegsFile)

ScibRegsFile 
*          1    00007210    00000010     UNINITIALIZED
                  00007210    00000010     F2837xD_GlobalVariableDefs.obj (ScibRegsFile)

ScicRegsFile 
*          1    00007220    00000010     UNINITIALIZED
                  00007220    00000010     F2837xD_GlobalVariableDefs.obj (ScicRegsFile)

ScidRegsFile 
*          1    00007230    00000010     UNINITIALIZED
                  00007230    00000010     F2837xD_GlobalVariableDefs.obj (ScidRegsFile)

I2caRegsFile 
*          1    00007300    00000022     UNINITIALIZED
                  00007300    00000022     F2837xD_GlobalVariableDefs.obj (I2caRegsFile)

I2cbRegsFile 
*          1    00007340    00000022     UNINITIALIZED
                  00007340    00000022     F2837xD_GlobalVariableDefs.obj (I2cbRegsFile)

InputXbarRegsFile 
*          1    00007900    00000020     UNINITIALIZED
                  00007900    00000020     F2837xD_GlobalVariableDefs.obj (InputXbarRegsFile)

XbarRegsFile 
*          1    00007920    00000020     UNINITIALIZED
                  00007920    00000020     F2837xD_GlobalVariableDefs.obj (XbarRegsFile)

SyncSocRegsFile 
*          1    00007940    00000006     UNINITIALIZED
                  00007940    00000006     F2837xD_GlobalVariableDefs.obj (SyncSocRegsFile)

DmaClaSrcSelRegsFile 
*          1    00007980    0000001a     UNINITIALIZED
                  00007980    0000001a     F2837xD_GlobalVariableDefs.obj (DmaClaSrcSelRegsFile)

EPwmXbarRegsFile 
*          1    00007a00    00000040     UNINITIALIZED
                  00007a00    00000040     F2837xD_GlobalVariableDefs.obj (EPwmXbarRegsFile)

OutputXbarRegsFile 
*          1    00007a80    00000040     UNINITIALIZED
                  00007a80    00000040     F2837xD_GlobalVariableDefs.obj (OutputXbarRegsFile)

GpioCtrlRegsFile 
*          1    00007c00    00000180     UNINITIALIZED
                  00007c00    00000180     F2837xD_GlobalVariableDefs.obj (GpioCtrlRegsFile)

GpioDataRegsFile 
*          1    00007f00    00000030     UNINITIALIZED
                  00007f00    00000030     F2837xD_GlobalVariableDefs.obj (GpioDataRegsFile)

Emif1RegsFile 
*          1    00047000    00000070     UNINITIALIZED
                  00047000    00000070     F2837xD_GlobalVariableDefs.obj (Emif1RegsFile)

Emif2RegsFile 
*          1    00047800    00000070     UNINITIALIZED
                  00047800    00000070     F2837xD_GlobalVariableDefs.obj (Emif2RegsFile)

IpcRegsFile 
*          1    00050000    00000024     UNINITIALIZED
                  00050000    00000024     F2837xD_GlobalVariableDefs.obj (IpcRegsFile)

FlashPumpSemaphoreRegsFile 
*          1    00050024    00000002     UNINITIALIZED
                  00050024    00000002     F2837xD_GlobalVariableDefs.obj (FlashPumpSemaphoreRegsFile)

RomPrefetchRegsFile 
*          1    0005e608    00000002     UNINITIALIZED
                  0005e608    00000002     F2837xD_GlobalVariableDefs.obj (RomPrefetchRegsFile)

DcsmZ1RegsFile 
*          1    0005f000    00000024     UNINITIALIZED
                  0005f000    00000024     F2837xD_GlobalVariableDefs.obj (DcsmZ1RegsFile)

DcsmZ2RegsFile 
*          1    0005f040    00000024     UNINITIALIZED
                  0005f040    00000024     F2837xD_GlobalVariableDefs.obj (DcsmZ2RegsFile)

DcsmCommonRegsFile 
*          1    0005f070    00000008     UNINITIALIZED
                  0005f070    00000008     F2837xD_GlobalVariableDefs.obj (DcsmCommonRegsFile)

MemCfgRegsFile 
*          1    0005f400    00000080     UNINITIALIZED
                  0005f400    00000080     F2837xD_GlobalVariableDefs.obj (MemCfgRegsFile)

Emif1ConfigRegsFile 
*          1    0005f480    00000020     UNINITIALIZED
                  0005f480    00000020     F2837xD_GlobalVariableDefs.obj (Emif1ConfigRegsFile)

Emif2ConfigRegsFile 
*          1    0005f4a0    00000020     UNINITIALIZED
                  0005f4a0    00000020     F2837xD_GlobalVariableDefs.obj (Emif2ConfigRegsFile)

AccessProtectionRegsFile 
*          1    0005f4c0    00000040     UNINITIALIZED
                  0005f4c0    00000040     F2837xD_GlobalVariableDefs.obj (AccessProtectionRegsFile)

MemoryErrorRegsFile 
*          1    0005f500    00000040     UNINITIALIZED
                  0005f500    00000040     F2837xD_GlobalVariableDefs.obj (MemoryErrorRegsFile)

RomWaitStateRegsFile 
*          1    0005f540    00000002     UNINITIALIZED
                  0005f540    00000002     F2837xD_GlobalVariableDefs.obj (RomWaitStateRegsFile)

Flash0CtrlRegsFile 
*          1    0005f800    00000182     UNINITIALIZED
                  0005f800    00000182     F2837xD_GlobalVariableDefs.obj (Flash0CtrlRegsFile)

Flash0EccRegsFile 
*          1    0005fb00    00000028     UNINITIALIZED
                  0005fb00    00000028     F2837xD_GlobalVariableDefs.obj (Flash0EccRegsFile)

DcsmZ1OtpFile 
*          1    00078000    00000020     NOLOAD SECTION
                  00078000    00000020     F2837xD_GlobalVariableDefs.obj (DcsmZ1OtpFile)

DcsmZ2OtpFile 
*          1    00078200    00000020     NOLOAD SECTION
                  00078200    00000020     F2837xD_GlobalVariableDefs.obj (DcsmZ2OtpFile)

DevCfgRegsFile 
*          1    0005d000    0000012e     UNINITIALIZED
                  0005d000    0000012e     F2837xD_GlobalVariableDefs.obj (DevCfgRegsFile)

ClkCfgRegsFile 
*          1    0005d200    00000032     UNINITIALIZED
                  0005d200    00000032     F2837xD_GlobalVariableDefs.obj (ClkCfgRegsFile)

CpuSysRegsFile 
*          1    0005d300    00000082     UNINITIALIZED
                  0005d300    00000082     F2837xD_GlobalVariableDefs.obj (CpuSysRegsFile)

.text.1    0    00082088    00001f78     
                  00082088    00000bd9     rts2800_fpu32.lib : _printfi.obj (.text)
                  00082c61    00000585     F2837xD_DefaultISR.obj (.text:retain)
                  000831e6    00000385     F2837xD_SysCtrl.obj (.text)
                  0008356b    0000027c     rts2800_fpu32.lib : trgdrv.obj (.text)
                  000837e7    0000021b                       : lowlev.obj (.text)
                  00083a02    000001d4     F2837xD_Gpio.obj (.text)
                  00083bd6    000001d2     rts2800_fpu32.lib : memory.obj (.text)
                  00083da8    00000107                       : ll_div.obj (.text)
                  00083eaf    000000f9                       : fopen.obj (.text)
                  00083fa8    00000056                       : boot.obj (.text)
                  00083ffe    00000002                       : pre_init.obj (.text)

.text.2    0    00084000    00000a8b     
                  00084000    000000bc     rts2800_fpu32.lib : s_scalbn.obj (.text)
                  000840bc    000000b0                       : fputs.obj (.text)
                  0008416c    0000009c                       : fd_add.obj (.text)
                  00084208    00000094                       : trgmsg.obj (.text)
                  0008429c    0000008b                       : fd_div.obj (.text)
                  00084327    00000089                       : setvbuf.obj (.text)
                  000843b0    00000087     main.obj (.text)
                  00084437    00000083     rts2800_fpu32.lib : fd_mpy.obj (.text)
                  000844ba    00000073                       : fflush.obj (.text)
                  0008452d    00000067                       : _io_perm.obj (.text)
                  00084594    0000005f                       : fclose.obj (.text)
                  000845f3    0000005a                       : s_frexp.obj (.text)
                  0008464d    00000053                       : fputc.obj (.text)
                  000846a0    00000050     sci_io.obj (.text)
                  000846f0    00000046     rts2800_fpu32.lib : cpy_tbl.obj (.text)
                  00084736    0000003d                       : fseek.obj (.text)
                  00084773    00000034                       : printf.obj (.text)
                  000847a7    00000031                       : atoi.obj (.text)
                  000847d8    0000002e                       : ltoa.obj (.text)
                  00084806    0000002a                       : fd_cmp.obj (.text)
                  00084830    0000002a                       : l_div.obj (.text)
                  0008485a    00000029                       : exit.obj (.text)
                  00084883    00000028     F2837xD_PieCtrl.obj (.text)
                  000848ab    00000024     rts2800_fpu32.lib : s_copysign.obj (.text)
                  000848cf    00000021                       : fd_toi.obj (.text)
                  000848f0    0000001f                       : fd_tol.obj (.text)
                  0008490f    0000001e                       : ll_cmp.obj (.text)
                  0008492d    0000001e                       : memcpy.obj (.text)
                  0008494b    0000001e                       : strncpy.obj (.text)
                  00084969    0000001d                       : i_tofd.obj (.text)
                  00084986    0000001c                       : fs_tofd.obj (.text)
                  000849a2    0000001c                       : l_tofd.obj (.text)
                  000849be    0000001a                       : cpy_utils.obj (.text)
                  000849d8    00000019                       : args_main.obj (.text)
                  000849f1    00000018                       : ll_aox.obj (.text)
                  00084a09    00000011     F2837xD_PieVect.obj (.text)
                  00084a1a    00000011     rts2800_fpu32.lib : memchr.obj (.text)
                  00084a2b    0000000e                       : fd_sub.obj (.text)
                  00084a39    0000000d                       : memccpy.obj (.text)
                  00084a46    0000000c                       : memset.obj (.text)
                  00084a52    0000000c                       : strchr.obj (.text)
                  00084a5e    0000000a                       : strcmp.obj (.text)
                  00084a68    00000009                       : _lock.obj (.text)
                  00084a71    00000009                       : fd_neg.obj (.text)
                  00084a7a    00000008                       : strlen.obj (.text)
                  00084a82    00000005                       : strcpy.obj (.text)
                  00084a87    00000003                       : remove.obj (.text)
                  00084a8a    00000001                       : startup.obj (.text)

.ebss.1    1    0000a800    0000017d     UNINITIALIZED
                  0000a800    00000160     rts2800_fpu32.lib : defs.obj (.ebss)
                  0000a960    00000008                       : memory.obj (.ebss)
                  0000a968    00000008                       : trgdrv.obj (.ebss)
                  0000a970    00000006                       : exit.obj (.ebss)
                  0000a976    00000002                       : _lock.obj (.ebss:__lock)
                  0000a978    00000002                       : _lock.obj (.ebss:__unlock)
                  0000a97a    00000001                       : errno.obj (.ebss)
                  0000a97b    00000001                       : fopen.obj (.ebss)
                  0000a97c    00000001     sci_io.obj (.ebss)

.ebss.2    1    0000a980    00000088     UNINITIALIZED
                  0000a980    00000088     rts2800_fpu32.lib : lowlev.obj (.ebss)

.cio       1    0000aa40    00000120     UNINITIALIZED
                  0000aa40    00000120     rts2800_fpu32.lib : trgmsg.obj (.cio)

MODULE SUMMARY

       Module                           code    ro data   rw data
       ------                           ----    -------   -------
    ./
       F2837xD_GlobalVariableDefs.obj   0       0         8047   
       F2837xD_DefaultISR.obj           1413    0         0      
       F2837xD_SysCtrl.obj              1045    0         0      
       F2837xD_Gpio.obj                 468     0         0      
       F2837xD_PieVect.obj              17      0         448    
       main.obj                         135     0         32     
       sci_io.obj                       80      0         5      
       F2837xD_PieCtrl.obj              40      0         0      
       F2837xD_usDelay.obj              8       0         0      
       F2837xD_CodeStartBranch.obj      2       0         0      
    +--+--------------------------------+-------+---------+---------+
       Total:                           3208    0         8532   
                                                                 
    /home/jason/software/ti/ccsv6/tools/compiler/ti-cgt-c2000_15.12.4.LTS/lib/rts2800_fpu32.lib
       _printfi.obj                     3033    0         66     
       lowlev.obj                       539     0         185    
       trgdrv.obj                       636     0         8      
       memory.obj                       466     0         12     
       trgmsg.obj                       148     0         288    
       defs.obj                         0       0         394    
       ll_div.obj                       263     0         0      
       ctype.obj                        0       0         257    
       fopen.obj                        249     0         5      
       s_scalbn.obj                     188     0         28     
       fputs.obj                        176     0         2      
       fd_add.obj                       156     0         0      
       fd_div.obj                       139     0         0      
       setvbuf.obj                      137     0         0      
       fd_mpy.obj                       131     0         0      
       fflush.obj                       115     0         0      
       _io_perm.obj                     103     0         0      
       s_frexp.obj                      90      0         8      
       fclose.obj                       95      0         0      
       boot.obj                         86      0         0      
       fputc.obj                        83      0         0      
       cpy_tbl.obj                      70      0         0      
       exit.obj                         41      0         20     
       fseek.obj                        61      0         0      
       printf.obj                       52      0         0      
       atoi.obj                         49      0         0      
       ltoa.obj                         46      0         0      
       fd_cmp.obj                       42      0         0      
       l_div.obj                        42      0         0      
       s_copysign.obj                   36      0         0      
       fd_toi.obj                       33      0         0      
       fd_tol.obj                       31      0         0      
       ll_cmp.obj                       30      0         0      
       memcpy.obj                       30      0         0      
       strncpy.obj                      30      0         0      
       i_tofd.obj                       29      0         0      
       fs_tofd.obj                      28      0         0      
       l_tofd.obj                       28      0         0      
       cpy_utils.obj                    26      0         0      
       args_main.obj                    25      0         0      
       ll_aox.obj                       24      0         0      
       _lock.obj                        9       0         14     
       memchr.obj                       17      0         0      
       fd_sub.obj                       14      0         0      
       memccpy.obj                      13      0         0      
       memset.obj                       12      0         0      
       strchr.obj                       12      0         0      
       strcmp.obj                       10      0         0      
       fd_neg.obj                       9       0         0      
       strlen.obj                       8       0         0      
       errno.obj                        0       0         5      
       strcpy.obj                       5       0         0      
       remove.obj                       3       0         0      
       pre_init.obj                     2       0         0      
       startup.obj                      1       0         0      
    +--+--------------------------------+-------+---------+---------+
       Total:                           7701    0         1292   
                                                                 
       Heap:                            0       0         4096   
       Stack:                           0       0         1024   
    +--+--------------------------------+-------+---------+---------+
       Grand Total:                     10909   0         14944  


GLOBAL DATA SYMBOLS: SORTED BY DATA PAGE

address     data page           name
--------    ----------------    ----
00000400      10 (00000400)     __stack

00000b00      2c (00000b00)     _AdcaResultRegs
00000b20      2c (00000b00)     _AdcbResultRegs

00000b40      2d (00000b40)     _AdccResultRegs
00000b60      2d (00000b40)     _AdcdResultRegs

00000c00      30 (00000c00)     _CpuTimer0Regs
00000c08      30 (00000c00)     _CpuTimer1Regs
00000c10      30 (00000c00)     _CpuTimer2Regs

00000ce0      33 (00000cc0)     _Cla1SoftIntRegs
00000ce0      33 (00000cc0)     _PieCtrlRegs

00000d00      34 (00000d00)     _EmuKey
00000d00      34 (00000d00)     _PieVectTable
00000d01      34 (00000d00)     _EmuBMode

00001000      40 (00001000)     _DmaRegs

00001400      50 (00001400)     _Cla1Regs

00004000     100 (00004000)     _EPwm1Regs

00004100     104 (00004100)     _EPwm2Regs

00004200     108 (00004200)     _EPwm3Regs

00004300     10c (00004300)     _EPwm4Regs

00004400     110 (00004400)     _EPwm5Regs

00004500     114 (00004500)     _EPwm6Regs

00004600     118 (00004600)     _EPwm7Regs

00004700     11c (00004700)     _EPwm8Regs

00004800     120 (00004800)     _EPwm9Regs

00004900     124 (00004900)     _EPwm10Regs

00004a00     128 (00004a00)     _EPwm11Regs

00004b00     12c (00004b00)     _EPwm12Regs

00005000     140 (00005000)     _ECap1Regs
00005020     140 (00005000)     _ECap2Regs

00005040     141 (00005040)     _ECap3Regs
00005060     141 (00005040)     _ECap4Regs

00005080     142 (00005080)     _ECap5Regs
000050a0     142 (00005080)     _ECap6Regs

00005100     144 (00005100)     _EQep1Regs

00005140     145 (00005140)     _EQep2Regs

00005180     146 (00005180)     _EQep3Regs

00005c00     170 (00005c00)     _DacaRegs
00005c10     170 (00005c00)     _DacbRegs
00005c20     170 (00005c00)     _DaccRegs

00005c80     172 (00005c80)     _Cmpss1Regs
00005ca0     172 (00005c80)     _Cmpss2Regs

00005cc0     173 (00005cc0)     _Cmpss3Regs
00005ce0     173 (00005cc0)     _Cmpss4Regs

00005d00     174 (00005d00)     _Cmpss5Regs
00005d20     174 (00005d00)     _Cmpss6Regs

00005d40     175 (00005d40)     _Cmpss7Regs
00005d60     175 (00005d40)     _Cmpss8Regs

00005e00     178 (00005e00)     _Sdfm1Regs

00005e80     17a (00005e80)     _Sdfm2Regs

00006000     180 (00006000)     _McbspaRegs

00006040     181 (00006040)     _McbspbRegs

00006100     184 (00006100)     _SpiaRegs
00006110     184 (00006100)     _SpibRegs
00006120     184 (00006100)     _SpicRegs

00006200     188 (00006200)     _UppRegs

00007000     1c0 (00007000)     _WdRegs

00007060     1c1 (00007040)     _NmiIntruptRegs
00007070     1c1 (00007040)     _XintRegs

00007200     1c8 (00007200)     _SciaRegs
00007210     1c8 (00007200)     _ScibRegs
00007220     1c8 (00007200)     _ScicRegs
00007230     1c8 (00007200)     _ScidRegs

00007300     1cc (00007300)     _I2caRegs

00007340     1cd (00007340)     _I2cbRegs

00007400     1d0 (00007400)     _AdcaRegs

00007480     1d2 (00007480)     _AdcbRegs

00007500     1d4 (00007500)     _AdccRegs

00007580     1d6 (00007580)     _AdcdRegs

00007900     1e4 (00007900)     _InputXbarRegs
00007920     1e4 (00007900)     _XbarRegs

00007940     1e5 (00007940)     _SyncSocRegs

00007980     1e6 (00007980)     _DmaClaSrcSelRegs

00007a00     1e8 (00007a00)     _EPwmXbarRegs

00007a80     1ea (00007a80)     _OutputXbarRegs

00007c00     1f0 (00007c00)     _GpioCtrlRegs

00007f00     1fc (00007f00)     _GpioDataRegs

0000a800     2a0 (0000a800)     ___TI_ft_end

0000a840     2a1 (0000a840)     __ftable

0000a8c0     2a3 (0000a8c0)     ___TI_tmpnams

0000a970     2a5 (0000a940)     ___TI_enable_exit_profile_output
0000a972     2a5 (0000a940)     ___TI_cleanup_ptr
0000a974     2a5 (0000a940)     ___TI_dtors_ptr
0000a976     2a5 (0000a940)     __lock
0000a978     2a5 (0000a940)     __unlock
0000a97a     2a5 (0000a940)     _errno
0000a97c     2a5 (0000a940)     _deviceOpen

0000aa40     2a9 (0000aa40)     __CIOBUF_

0000f000     3c0 (0000f000)     __sys_memory

00047000    11c0 (00047000)     _Emif1Regs

00047800    11e0 (00047800)     _Emif2Regs

00050000    1400 (00050000)     _IpcRegs
00050024    1400 (00050000)     _FlashPumpSemaphoreRegs

0005d000    1740 (0005d000)     _DevCfgRegs

0005d180    1746 (0005d180)     _AnalogSubsysRegs

0005d200    1748 (0005d200)     _ClkCfgRegs

0005d300    174c (0005d300)     _CpuSysRegs

0005e608    1798 (0005e600)     _RomPrefetchRegs

0005f000    17c0 (0005f000)     _DcsmZ1Regs

0005f040    17c1 (0005f040)     _DcsmZ2Regs
0005f070    17c1 (0005f040)     _DcsmCommonRegs

0005f400    17d0 (0005f400)     _MemCfgRegs

0005f480    17d2 (0005f480)     _Emif1ConfigRegs
0005f4a0    17d2 (0005f480)     _Emif2ConfigRegs

0005f4c0    17d3 (0005f4c0)     _AccessProtectionRegs

0005f500    17d4 (0005f500)     _MemoryErrorRegs

0005f540    17d5 (0005f540)     _RomWaitStateRegs

0005f800    17e0 (0005f800)     _Flash0CtrlRegs

0005fb00    17ec (0005fb00)     _Flash0EccRegs

00078000    1e00 (00078000)     _DcsmZ1Otp

00078200    1e08 (00078200)     _DcsmZ2Otp

00090000    2400 (00090000)     _PieVectTableInit

000901c0    2407 (000901c0)     __ctypes_


GLOBAL SYMBOLS: SORTED ALPHABETICALLY BY Name 

page  address   name                                  
----  -------   ----                                  
abs   ffffffff  .text                                 
0     0008485a  C$$EXIT                               
0     0008425b  C$$IO$$                               
0     0008416c  FD$$ADD                               
0     00084806  FD$$CMP                               
0     0008429c  FD$$DIV                               
0     00084437  FD$$MPY                               
0     00084a71  FD$$NEG                               
0     00084a2b  FD$$SUB                               
0     000848cf  FD$$TOI                               
0     000848f0  FD$$TOL                               
0     00084986  FS$$TOFD                              
0     00084969  I$$TOFD                               
0     00084830  L$$DIV                                
0     0008483f  L$$MOD                                
0     000849a2  L$$TOFD                               
0     000849f1  LL$$AND                               
0     0008490f  LL$$CMP                               
0     00083da8  LL$$DIV                               
0     00083de4  LL$$MOD                               
0     000849f9  LL$$OR                                
0     00084a01  LL$$XOR                               
0     0008484d  UL$$DIV                               
0     00084854  UL$$MOD                               
0     00084921  ULL$$CMP                              
0     00083e1e  ULL$$DIV                              
0     00083e4d  ULL$$MOD                              
0     000831dc  _ADCA1_ISR                            
0     000831d2  _ADCA2_ISR                            
0     000831c8  _ADCA3_ISR                            
0     000831be  _ADCA4_ISR                            
0     000831b4  _ADCA_EVT_ISR                         
0     000831aa  _ADCB1_ISR                            
0     000831a0  _ADCB2_ISR                            
0     00083196  _ADCB3_ISR                            
0     0008318c  _ADCB4_ISR                            
0     00083182  _ADCB_EVT_ISR                         
0     00083178  _ADCC1_ISR                            
0     0008316e  _ADCC2_ISR                            
0     00083164  _ADCC3_ISR                            
0     0008315a  _ADCC4_ISR                            
0     00083150  _ADCC_EVT_ISR                         
0     00083146  _ADCD1_ISR                            
0     0008313c  _ADCD2_ISR                            
0     00083132  _ADCD3_ISR                            
0     00083128  _ADCD4_ISR                            
0     0008311e  _ADCD_EVT_ISR                         
0     00083114  _AUX_PLL_SLIP_ISR                     
1     0005f4c0  _AccessProtectionRegs                 
1     00007400  _AdcaRegs                             
1     00000b00  _AdcaResultRegs                       
1     00007480  _AdcbRegs                             
1     00000b20  _AdcbResultRegs                       
1     00007500  _AdccRegs                             
1     00000b40  _AdccResultRegs                       
1     00007580  _AdcdRegs                             
1     00000b60  _AdcdResultRegs                       
1     0005d180  _AnalogSubsysRegs                     
0     000833f4  _AuxAuxClkSel                         
0     0008340f  _AuxIntOsc2Sel                        
0     000833fe  _AuxXtalOscSel                        
0     0008310a  _CANA0_ISR                            
0     00083100  _CANA1_ISR                            
0     000830f6  _CANB0_ISR                            
0     000830ec  _CANB1_ISR                            
0     000830e2  _CLA1_1_ISR                           
0     000830d8  _CLA1_2_ISR                           
0     000830ce  _CLA1_3_ISR                           
0     000830c4  _CLA1_4_ISR                           
0     000830ba  _CLA1_5_ISR                           
0     000830b0  _CLA1_6_ISR                           
0     000830a6  _CLA1_7_ISR                           
0     0008309c  _CLA1_8_ISR                           
0     00083092  _CLA_OVERFLOW_ISR                     
0     00083088  _CLA_UNDERFLOW_ISR                    
1     00001400  _Cla1Regs                             
0     00000ce0  _Cla1SoftIntRegs                      
1     0005d200  _ClkCfgRegs                           
1     00005c80  _Cmpss1Regs                           
1     00005ca0  _Cmpss2Regs                           
1     00005cc0  _Cmpss3Regs                           
1     00005ce0  _Cmpss4Regs                           
1     00005d00  _Cmpss5Regs                           
1     00005d20  _Cmpss6Regs                           
1     00005d40  _Cmpss7Regs                           
1     00005d60  _Cmpss8Regs                           
1     0005d300  _CpuSysRegs                           
1     00000c00  _CpuTimer0Regs                        
1     00000c08  _CpuTimer1Regs                        
1     00000c10  _CpuTimer2Regs                        
0     0008354a  _CsmUnlock                            
0     0008307e  _DATALOG_ISR                          
0     00083074  _DMA_CH1_ISR                          
0     0008306a  _DMA_CH2_ISR                          
0     00083060  _DMA_CH3_ISR                          
0     00083056  _DMA_CH4_ISR                          
0     0008304c  _DMA_CH5_ISR                          
0     00083042  _DMA_CH6_ISR                          
1     00005c00  _DacaRegs                             
1     00005c10  _DacbRegs                             
1     00005c20  _DaccRegs                             
1     0005f070  _DcsmCommonRegs                       
1     00078000  _DcsmZ1Otp                            
1     0005f000  _DcsmZ1Regs                           
1     00078200  _DcsmZ2Otp                            
1     0005f040  _DcsmZ2Regs                           
1     0005d000  _DevCfgRegs                           
0     000832fa  _DisableDog                           
0     000834f1  _DisablePeripheralClocks              
1     00007980  _DmaClaSrcSelRegs                     
1     00001000  _DmaRegs                              
0     00083038  _ECAP1_ISR                            
0     0008302e  _ECAP2_ISR                            
0     00083024  _ECAP3_ISR                            
0     0008301a  _ECAP4_ISR                            
0     00083010  _ECAP5_ISR                            
0     00083006  _ECAP6_ISR                            
1     00005000  _ECap1Regs                            
1     00005020  _ECap2Regs                            
1     00005040  _ECap3Regs                            
1     00005060  _ECap4Regs                            
1     00005080  _ECap5Regs                            
1     000050a0  _ECap6Regs                            
0     00082ffc  _EMIF_ERROR_ISR                       
0     00082fef  _EMPTY_ISR                            
0     00082fe5  _EMU_ISR                              
0     00082fdb  _EPWM10_ISR                           
0     00082fd1  _EPWM10_TZ_ISR                        
0     00082fc7  _EPWM11_ISR                           
0     00082fbd  _EPWM11_TZ_ISR                        
0     00082fb3  _EPWM12_ISR                           
0     00082fa9  _EPWM12_TZ_ISR                        
0     00082f9f  _EPWM1_ISR                            
0     00082f95  _EPWM1_TZ_ISR                         
0     00082f8b  _EPWM2_ISR                            
0     00082f81  _EPWM2_TZ_ISR                         
0     00082f77  _EPWM3_ISR                            
0     00082f6d  _EPWM3_TZ_ISR                         
0     00082f63  _EPWM4_ISR                            
0     00082f59  _EPWM4_TZ_ISR                         
0     00082f4f  _EPWM5_ISR                            
0     00082f45  _EPWM5_TZ_ISR                         
0     00082f3b  _EPWM6_ISR                            
0     00082f31  _EPWM6_TZ_ISR                         
0     00082f27  _EPWM7_ISR                            
0     00082f1d  _EPWM7_TZ_ISR                         
0     00082f13  _EPWM8_ISR                            
0     00082f09  _EPWM8_TZ_ISR                         
0     00082eff  _EPWM9_ISR                            
0     00082ef5  _EPWM9_TZ_ISR                         
1     00004900  _EPwm10Regs                           
1     00004a00  _EPwm11Regs                           
1     00004b00  _EPwm12Regs                           
1     00004000  _EPwm1Regs                            
1     00004100  _EPwm2Regs                            
1     00004200  _EPwm3Regs                            
1     00004300  _EPwm4Regs                            
1     00004400  _EPwm5Regs                            
1     00004500  _EPwm6Regs                            
1     00004600  _EPwm7Regs                            
1     00004700  _EPwm8Regs                            
1     00004800  _EPwm9Regs                            
1     00007a00  _EPwmXbarRegs                         
0     00082eeb  _EQEP1_ISR                            
0     00082ee1  _EQEP2_ISR                            
0     00082ed7  _EQEP3_ISR                            
1     00005100  _EQep1Regs                            
1     00005140  _EQep2Regs                            
1     00005180  _EQep3Regs                            
1     0005f480  _Emif1ConfigRegs                      
1     00047000  _Emif1Regs                            
1     0005f4a0  _Emif2ConfigRegs                      
1     00047800  _Emif2Regs                            
1     00000d01  _EmuBMode                             
1     00000d00  _EmuKey                               
0     000848a2  _EnableInterrupts                     
0     00008048  _F28x_usDelay                         
0     00082ecd  _FLASH_CORRECTABLE_ERROR_ISR          
0     00082ec3  _FPU_OVERFLOW_ISR                     
0     00082eb9  _FPU_UNDERFLOW_ISR                    
1     0005f800  _Flash0CtrlRegs                       
1     0005fb00  _Flash0EccRegs                        
0     00008034  _FlashOff                             
1     00050024  _FlashPumpSemaphoreRegs               
0     00083bc6  _GPIO_EnableUnbondedIOPullups         
0     00083ba1  _GPIO_EnableUnbondedIOPullupsFor100Pin
0     00083b88  _GPIO_EnableUnbondedIOPullupsFor176Pin
0     00083b74  _GPIO_ReadPin                         
0     00083b52  _GPIO_SetupLock                       
0     00083afd  _GPIO_SetupPinMux                     
0     00083a76  _GPIO_SetupPinOptions                 
0     00083a6f  _GPIO_SetupXINT1Gpio                  
0     00083a68  _GPIO_SetupXINT2Gpio                  
0     00083a61  _GPIO_SetupXINT3Gpio                  
0     00083a5a  _GPIO_SetupXINT4Gpio                  
0     00083a53  _GPIO_SetupXINT5Gpio                  
0     00083a39  _GPIO_WritePin                        
1     00007c00  _GpioCtrlRegs                         
1     00007f00  _GpioDataRegs                         
0     00083531  _HALT                                 
0     0008350e  _HIB                                  
0     000837b1  _HOSTclock                            
0     00083788  _HOSTclose                            
0     00083760  _HOSTgetenv                           
0     000836ff  _HOSTlseek                            
0     000836bf  _HOSTopen                             
0     00083680  _HOSTread                             
0     00083642  _HOSTrename                           
0     0008360c  _HOSTtime                             
0     000835c7  _HOSTtime64                           
0     000835a3  _HOSTunlink                           
0     0008356b  _HOSTwrite                            
0     00082eaf  _I2CA_FIFO_ISR                        
0     00082ea5  _I2CA_ISR                             
0     00082e9b  _I2CB_FIFO_ISR                        
0     00082e91  _I2CB_ISR                             
1     00007300  _I2caRegs                             
1     00007340  _I2cbRegs                             
0     000834e8  _IDLE                                 
0     00082e87  _ILLEGAL_ISR                          
0     00082e7d  _IPC0_ISR                             
0     00082e73  _IPC1_ISR                             
0     00082e69  _IPC2_ISR                             
0     00082e5f  _IPC3_ISR                             
0     0008341c  _InitAuxPll                           
0     00008000  _InitFlash                            
0     00083a02  _InitGpio                             
0     00083307  _InitPeripheralClocks                 
0     00084883  _InitPieCtrl                          
0     00084a09  _InitPieVectTable                     
0     000833b0  _InitSysCtrl                          
0     0008323b  _InitSysPll                           
1     00007900  _InputXbarRegs                        
1     00050000  _IpcRegs                              
0     00082e55  _MCBSPA_RX_ISR                        
0     00082e4b  _MCBSPA_TX_ISR                        
0     00082e41  _MCBSPB_RX_ISR                        
0     00082e37  _MCBSPB_TX_ISR                        
1     00006000  _McbspaRegs                           
1     00006040  _McbspbRegs                           
1     0005f400  _MemCfgRegs                           
1     0005f500  _MemoryErrorRegs                      
0     00082e2d  _NMI_ISR                              
0     00082e23  _NOTUSED_ISR                          
1     00007060  _NmiIntruptRegs                       
1     00007a80  _OutputXbarRegs                       
0     00082e19  _PIE_RESERVED_ISR                     
1     00000ce0  _PieCtrlRegs                          
1     00000d00  _PieVectTable                         
0     00090000  _PieVectTableInit                     
0     00082e0f  _RAM_ACCESS_VIOLATION_ISR             
0     00082e05  _RAM_CORRECTABLE_ERROR_ISR            
0     00082dfb  _RTOS_ISR                             
0     0008604c  _RamfuncsLoadEnd                      
abs   0000004c  _RamfuncsLoadSize                     
0     00086000  _RamfuncsLoadStart                    
0     0000804c  _RamfuncsRunEnd                       
abs   0000004c  _RamfuncsRunSize                      
0     00008000  _RamfuncsRunStart                     
0     00083231  _ReleaseFlashPump                     
1     0005e608  _RomPrefetchRegs                      
1     0005f540  _RomWaitStateRegs                     
0     00082df1  _SCIA_RX_ISR                          
0     00082de7  _SCIA_TX_ISR                          
0     00082ddd  _SCIB_RX_ISR                          
0     00082dd3  _SCIB_TX_ISR                          
0     00082dc9  _SCIC_RX_ISR                          
0     00082dbf  _SCIC_TX_ISR                          
0     00082db5  _SCID_RX_ISR                          
0     00082dab  _SCID_TX_ISR                          
0     000846e4  _SCI_close                            
0     000846e2  _SCI_lseek                            
0     000846d7  _SCI_open                             
0     000846c6  _SCI_read                             
0     000846c4  _SCI_rename                           
0     000846c2  _SCI_unlink                           
0     000846b0  _SCI_write                            
0     00082da1  _SD1_ISR                              
0     00082d97  _SD2_ISR                              
0     00082d8d  _SPIA_RX_ISR                          
0     00082d83  _SPIA_TX_ISR                          
0     00082d79  _SPIB_RX_ISR                          
0     00082d6f  _SPIB_TX_ISR                          
0     00082d65  _SPIC_RX_ISR                          
0     00082d5b  _SPIC_TX_ISR                          
0     00083226  _STANDBY                              
0     00082d51  _SYS_PLL_SLIP_ISR                     
1     00007200  _SciaRegs                             
1     00007210  _ScibRegs                             
1     00007220  _ScicRegs                             
1     00007230  _ScidRegs                             
1     00005e00  _Sdfm1Regs                            
1     00005e80  _Sdfm2Regs                            
0     00083214  _SeizeFlashPump                       
0     00083206  _ServiceDog                           
1     00006100  _SpiaRegs                             
1     00006110  _SpibRegs                             
1     00006120  _SpicRegs                             
1     00007940  _SyncSocRegs                          
0     000831fc  _SysIntOsc1Sel                        
0     000831f2  _SysIntOsc2Sel                        
0     000831e6  _SysXtalOscSel                        
0     00082d47  _TIMER0_ISR                           
0     00082d3d  _TIMER1_ISR                           
0     00082d33  _TIMER2_ISR                           
0     00082d29  _UPPA_ISR                             
0     00082d1f  _USBA_ISR                             
0     00082d15  _USER10_ISR                           
0     00082d0b  _USER11_ISR                           
0     00082d01  _USER12_ISR                           
0     00082cf7  _USER1_ISR                            
0     00082ced  _USER2_ISR                            
0     00082ce3  _USER3_ISR                            
0     00082cd9  _USER4_ISR                            
0     00082ccf  _USER5_ISR                            
0     00082cc5  _USER6_ISR                            
0     00082cbb  _USER7_ISR                            
0     00082cb1  _USER8_ISR                            
0     00082ca7  _USER9_ISR                            
1     00006200  _UppRegs                              
0     00082c9d  _VCU_ISR                              
0     00082c93  _WAKE_ISR                             
1     00007000  _WdRegs                               
0     00082c89  _XINT1_ISR                            
0     00082c7f  _XINT2_ISR                            
0     00082c75  _XINT3_ISR                            
0     00082c6b  _XINT4_ISR                            
0     00082c61  _XINT5_ISR                            
1     00007920  _XbarRegs                             
1     00007070  _XintRegs                             
1     0000aa40  __CIOBUF_                             
1     00000800  __STACK_END                           
abs   00000400  __STACK_SIZE                          
abs   00001000  __SYSMEM_SIZE                         
0     00083f27  ___TI_cleanup                         
1     0000a972  ___TI_cleanup_ptr                     
0     00084594  ___TI_closefile                       
0     000844ba  ___TI_doflush                         
1     0000a974  ___TI_dtors_ptr                       
1     0000a970  ___TI_enable_exit_profile_output      
1     0000a800  ___TI_ft_end                          
abs   ffffffff  ___TI_pprof_out_hndl                  
0     00082b3c  ___TI_printfi                         
abs   ffffffff  ___TI_prof_data_size                  
abs   ffffffff  ___TI_prof_data_start                 
0     00084568  ___TI_rd_ok                           
0     00084260  ___TI_readmsg                         
1     0000a8c0  ___TI_tmpnams                         
0     00084208  ___TI_writemsg                        
0     0008452d  ___TI_wrt_ok                          
abs   ffffffff  ___binit__                            
abs   ffffffff  ___c_args__                           
0     00082000  ___cinit__                            
abs   ffffffff  ___etext__                            
abs   ffffffff  ___pinit__                            
abs   ffffffff  ___text__                             
0     000849d8  __args_main                           
0     000901c0  __ctypes_                             
1     0000a840  __ftable                              
1     0000a976  __lock                                
0     00084a70  __nop                                 
0     00084a6c  __register_lock                       
0     00084a68  __register_unlock                     
1     00000400  __stack                               
1     0000f000  __sys_memory                          
0     00084a8a  __system_post_cinit                   
0     00083ffe  __system_pre_init                     
1     0000a978  __unlock                              
0     0008485a  _abort                                
0     00083984  _add_device                           
0     000847a7  _atoi                                 
0     00083fa8  _c_int00                              
0     00083d91  _calloc                               
0     00083d8f  _chkheap                              
0     00083951  _close                                
0     000846f0  _copy_in                              
0     000848ab  _copysignl                            
0     000849be  _ddcopy                               
1     0000a97c  _deviceOpen                           
0     000849be  _dpcopy                               
1     0000a97a  _errno                                
0     0008485c  _exit                                 
0     000845d8  _fclose                               
0     000844e9  _fflush                               
0     00083f62  _fopen                                
0     0008464d  _fputc                                
0     000840bc  _fputs                                
0     00083bd6  _free                                 
0     00083d71  _free_memory                          
0     00083f44  _freopen                              
0     000845f3  _frexpl                               
0     00084736  _fseek                                
0     00084000  _ldexpl                               
0     00083939  _lseek                                
0     000847d8  _ltoa                                 
0     000843b0  _main                                 
0     00083c3f  _malloc                               
0     00083d4f  _max_free                             
0     00084a39  _memccpy                              
0     00084a1a  _memchr                               
0     0008492d  _memcpy                               
0     00084a46  _memset                               
0     00083c1a  _minit                                
0     000838c8  _open                                 
0     000849be  _pdcopy                               
0     000849be  _ppcopy                               
0     00084779  _printf                               
0     0008464d  _putc                                 
0     0008469b  _putchar                              
0     00084159  _puts                                 
0     000838af  _read                                 
0     00083c9d  _realloc                              
0     00084a87  _remove                               
0     00083895  _remove_device                        
0     00083867  _rename                               
0     00084000  _scalbnl                              
0     000846a0  _scia_init                            
0     00084327  _setvbuf                              
0     00084a52  _strchr                               
0     00084a5e  _strcmp                               
0     00084a82  _strcpy                               
0     00084a7a  _strlen                               
0     0008494b  _strncpy                              
0     0008384e  _unlink                               
0     000837e7  _write                                
abs   ffffffff  binit                                 
0     00082000  cinit                                 
0     00080000  code_start                            
abs   ffffffff  etext                                 
abs   ffffffff  pinit                                 


GLOBAL SYMBOLS: SORTED BY Symbol Address 

page  address   name                                  
----  -------   ----                                  
0     00000ce0  _Cla1SoftIntRegs                      
0     00008000  _InitFlash                            
0     00008000  _RamfuncsRunStart                     
0     00008034  _FlashOff                             
0     00008048  _F28x_usDelay                         
0     0000804c  _RamfuncsRunEnd                       
0     00080000  code_start                            
0     00082000  ___cinit__                            
0     00082000  cinit                                 
0     00082b3c  ___TI_printfi                         
0     00082c61  _XINT5_ISR                            
0     00082c6b  _XINT4_ISR                            
0     00082c75  _XINT3_ISR                            
0     00082c7f  _XINT2_ISR                            
0     00082c89  _XINT1_ISR                            
0     00082c93  _WAKE_ISR                             
0     00082c9d  _VCU_ISR                              
0     00082ca7  _USER9_ISR                            
0     00082cb1  _USER8_ISR                            
0     00082cbb  _USER7_ISR                            
0     00082cc5  _USER6_ISR                            
0     00082ccf  _USER5_ISR                            
0     00082cd9  _USER4_ISR                            
0     00082ce3  _USER3_ISR                            
0     00082ced  _USER2_ISR                            
0     00082cf7  _USER1_ISR                            
0     00082d01  _USER12_ISR                           
0     00082d0b  _USER11_ISR                           
0     00082d15  _USER10_ISR                           
0     00082d1f  _USBA_ISR                             
0     00082d29  _UPPA_ISR                             
0     00082d33  _TIMER2_ISR                           
0     00082d3d  _TIMER1_ISR                           
0     00082d47  _TIMER0_ISR                           
0     00082d51  _SYS_PLL_SLIP_ISR                     
0     00082d5b  _SPIC_TX_ISR                          
0     00082d65  _SPIC_RX_ISR                          
0     00082d6f  _SPIB_TX_ISR                          
0     00082d79  _SPIB_RX_ISR                          
0     00082d83  _SPIA_TX_ISR                          
0     00082d8d  _SPIA_RX_ISR                          
0     00082d97  _SD2_ISR                              
0     00082da1  _SD1_ISR                              
0     00082dab  _SCID_TX_ISR                          
0     00082db5  _SCID_RX_ISR                          
0     00082dbf  _SCIC_TX_ISR                          
0     00082dc9  _SCIC_RX_ISR                          
0     00082dd3  _SCIB_TX_ISR                          
0     00082ddd  _SCIB_RX_ISR                          
0     00082de7  _SCIA_TX_ISR                          
0     00082df1  _SCIA_RX_ISR                          
0     00082dfb  _RTOS_ISR                             
0     00082e05  _RAM_CORRECTABLE_ERROR_ISR            
0     00082e0f  _RAM_ACCESS_VIOLATION_ISR             
0     00082e19  _PIE_RESERVED_ISR                     
0     00082e23  _NOTUSED_ISR                          
0     00082e2d  _NMI_ISR                              
0     00082e37  _MCBSPB_TX_ISR                        
0     00082e41  _MCBSPB_RX_ISR                        
0     00082e4b  _MCBSPA_TX_ISR                        
0     00082e55  _MCBSPA_RX_ISR                        
0     00082e5f  _IPC3_ISR                             
0     00082e69  _IPC2_ISR                             
0     00082e73  _IPC1_ISR                             
0     00082e7d  _IPC0_ISR                             
0     00082e87  _ILLEGAL_ISR                          
0     00082e91  _I2CB_ISR                             
0     00082e9b  _I2CB_FIFO_ISR                        
0     00082ea5  _I2CA_ISR                             
0     00082eaf  _I2CA_FIFO_ISR                        
0     00082eb9  _FPU_UNDERFLOW_ISR                    
0     00082ec3  _FPU_OVERFLOW_ISR                     
0     00082ecd  _FLASH_CORRECTABLE_ERROR_ISR          
0     00082ed7  _EQEP3_ISR                            
0     00082ee1  _EQEP2_ISR                            
0     00082eeb  _EQEP1_ISR                            
0     00082ef5  _EPWM9_TZ_ISR                         
0     00082eff  _EPWM9_ISR                            
0     00082f09  _EPWM8_TZ_ISR                         
0     00082f13  _EPWM8_ISR                            
0     00082f1d  _EPWM7_TZ_ISR                         
0     00082f27  _EPWM7_ISR                            
0     00082f31  _EPWM6_TZ_ISR                         
0     00082f3b  _EPWM6_ISR                            
0     00082f45  _EPWM5_TZ_ISR                         
0     00082f4f  _EPWM5_ISR                            
0     00082f59  _EPWM4_TZ_ISR                         
0     00082f63  _EPWM4_ISR                            
0     00082f6d  _EPWM3_TZ_ISR                         
0     00082f77  _EPWM3_ISR                            
0     00082f81  _EPWM2_TZ_ISR                         
0     00082f8b  _EPWM2_ISR                            
0     00082f95  _EPWM1_TZ_ISR                         
0     00082f9f  _EPWM1_ISR                            
0     00082fa9  _EPWM12_TZ_ISR                        
0     00082fb3  _EPWM12_ISR                           
0     00082fbd  _EPWM11_TZ_ISR                        
0     00082fc7  _EPWM11_ISR                           
0     00082fd1  _EPWM10_TZ_ISR                        
0     00082fdb  _EPWM10_ISR                           
0     00082fe5  _EMU_ISR                              
0     00082fef  _EMPTY_ISR                            
0     00082ffc  _EMIF_ERROR_ISR                       
0     00083006  _ECAP6_ISR                            
0     00083010  _ECAP5_ISR                            
0     0008301a  _ECAP4_ISR                            
0     00083024  _ECAP3_ISR                            
0     0008302e  _ECAP2_ISR                            
0     00083038  _ECAP1_ISR                            
0     00083042  _DMA_CH6_ISR                          
0     0008304c  _DMA_CH5_ISR                          
0     00083056  _DMA_CH4_ISR                          
0     00083060  _DMA_CH3_ISR                          
0     0008306a  _DMA_CH2_ISR                          
0     00083074  _DMA_CH1_ISR                          
0     0008307e  _DATALOG_ISR                          
0     00083088  _CLA_UNDERFLOW_ISR                    
0     00083092  _CLA_OVERFLOW_ISR                     
0     0008309c  _CLA1_8_ISR                           
0     000830a6  _CLA1_7_ISR                           
0     000830b0  _CLA1_6_ISR                           
0     000830ba  _CLA1_5_ISR                           
0     000830c4  _CLA1_4_ISR                           
0     000830ce  _CLA1_3_ISR                           
0     000830d8  _CLA1_2_ISR                           
0     000830e2  _CLA1_1_ISR                           
0     000830ec  _CANB1_ISR                            
0     000830f6  _CANB0_ISR                            
0     00083100  _CANA1_ISR                            
0     0008310a  _CANA0_ISR                            
0     00083114  _AUX_PLL_SLIP_ISR                     
0     0008311e  _ADCD_EVT_ISR                         
0     00083128  _ADCD4_ISR                            
0     00083132  _ADCD3_ISR                            
0     0008313c  _ADCD2_ISR                            
0     00083146  _ADCD1_ISR                            
0     00083150  _ADCC_EVT_ISR                         
0     0008315a  _ADCC4_ISR                            
0     00083164  _ADCC3_ISR                            
0     0008316e  _ADCC2_ISR                            
0     00083178  _ADCC1_ISR                            
0     00083182  _ADCB_EVT_ISR                         
0     0008318c  _ADCB4_ISR                            
0     00083196  _ADCB3_ISR                            
0     000831a0  _ADCB2_ISR                            
0     000831aa  _ADCB1_ISR                            
0     000831b4  _ADCA_EVT_ISR                         
0     000831be  _ADCA4_ISR                            
0     000831c8  _ADCA3_ISR                            
0     000831d2  _ADCA2_ISR                            
0     000831dc  _ADCA1_ISR                            
0     000831e6  _SysXtalOscSel                        
0     000831f2  _SysIntOsc2Sel                        
0     000831fc  _SysIntOsc1Sel                        
0     00083206  _ServiceDog                           
0     00083214  _SeizeFlashPump                       
0     00083226  _STANDBY                              
0     00083231  _ReleaseFlashPump                     
0     0008323b  _InitSysPll                           
0     000832fa  _DisableDog                           
0     00083307  _InitPeripheralClocks                 
0     000833b0  _InitSysCtrl                          
0     000833f4  _AuxAuxClkSel                         
0     000833fe  _AuxXtalOscSel                        
0     0008340f  _AuxIntOsc2Sel                        
0     0008341c  _InitAuxPll                           
0     000834e8  _IDLE                                 
0     000834f1  _DisablePeripheralClocks              
0     0008350e  _HIB                                  
0     00083531  _HALT                                 
0     0008354a  _CsmUnlock                            
0     0008356b  _HOSTwrite                            
0     000835a3  _HOSTunlink                           
0     000835c7  _HOSTtime64                           
0     0008360c  _HOSTtime                             
0     00083642  _HOSTrename                           
0     00083680  _HOSTread                             
0     000836bf  _HOSTopen                             
0     000836ff  _HOSTlseek                            
0     00083760  _HOSTgetenv                           
0     00083788  _HOSTclose                            
0     000837b1  _HOSTclock                            
0     000837e7  _write                                
0     0008384e  _unlink                               
0     00083867  _rename                               
0     00083895  _remove_device                        
0     000838af  _read                                 
0     000838c8  _open                                 
0     00083939  _lseek                                
0     00083951  _close                                
0     00083984  _add_device                           
0     00083a02  _InitGpio                             
0     00083a39  _GPIO_WritePin                        
0     00083a53  _GPIO_SetupXINT5Gpio                  
0     00083a5a  _GPIO_SetupXINT4Gpio                  
0     00083a61  _GPIO_SetupXINT3Gpio                  
0     00083a68  _GPIO_SetupXINT2Gpio                  
0     00083a6f  _GPIO_SetupXINT1Gpio                  
0     00083a76  _GPIO_SetupPinOptions                 
0     00083afd  _GPIO_SetupPinMux                     
0     00083b52  _GPIO_SetupLock                       
0     00083b74  _GPIO_ReadPin                         
0     00083b88  _GPIO_EnableUnbondedIOPullupsFor176Pin
0     00083ba1  _GPIO_EnableUnbondedIOPullupsFor100Pin
0     00083bc6  _GPIO_EnableUnbondedIOPullups         
0     00083bd6  _free                                 
0     00083c1a  _minit                                
0     00083c3f  _malloc                               
0     00083c9d  _realloc                              
0     00083d4f  _max_free                             
0     00083d71  _free_memory                          
0     00083d8f  _chkheap                              
0     00083d91  _calloc                               
0     00083da8  LL$$DIV                               
0     00083de4  LL$$MOD                               
0     00083e1e  ULL$$DIV                              
0     00083e4d  ULL$$MOD                              
0     00083f27  ___TI_cleanup                         
0     00083f44  _freopen                              
0     00083f62  _fopen                                
0     00083fa8  _c_int00                              
0     00083ffe  __system_pre_init                     
0     00084000  _ldexpl                               
0     00084000  _scalbnl                              
0     000840bc  _fputs                                
0     00084159  _puts                                 
0     0008416c  FD$$ADD                               
0     00084208  ___TI_writemsg                        
0     0008425b  C$$IO$$                               
0     00084260  ___TI_readmsg                         
0     0008429c  FD$$DIV                               
0     00084327  _setvbuf                              
0     000843b0  _main                                 
0     00084437  FD$$MPY                               
0     000844ba  ___TI_doflush                         
0     000844e9  _fflush                               
0     0008452d  ___TI_wrt_ok                          
0     00084568  ___TI_rd_ok                           
0     00084594  ___TI_closefile                       
0     000845d8  _fclose                               
0     000845f3  _frexpl                               
0     0008464d  _fputc                                
0     0008464d  _putc                                 
0     0008469b  _putchar                              
0     000846a0  _scia_init                            
0     000846b0  _SCI_write                            
0     000846c2  _SCI_unlink                           
0     000846c4  _SCI_rename                           
0     000846c6  _SCI_read                             
0     000846d7  _SCI_open                             
0     000846e2  _SCI_lseek                            
0     000846e4  _SCI_close                            
0     000846f0  _copy_in                              
0     00084736  _fseek                                
0     00084779  _printf                               
0     000847a7  _atoi                                 
0     000847d8  _ltoa                                 
0     00084806  FD$$CMP                               
0     00084830  L$$DIV                                
0     0008483f  L$$MOD                                
0     0008484d  UL$$DIV                               
0     00084854  UL$$MOD                               
0     0008485a  C$$EXIT                               
0     0008485a  _abort                                
0     0008485c  _exit                                 
0     00084883  _InitPieCtrl                          
0     000848a2  _EnableInterrupts                     
0     000848ab  _copysignl                            
0     000848cf  FD$$TOI                               
0     000848f0  FD$$TOL                               
0     0008490f  LL$$CMP                               
0     00084921  ULL$$CMP                              
0     0008492d  _memcpy                               
0     0008494b  _strncpy                              
0     00084969  I$$TOFD                               
0     00084986  FS$$TOFD                              
0     000849a2  L$$TOFD                               
0     000849be  _ddcopy                               
0     000849be  _dpcopy                               
0     000849be  _pdcopy                               
0     000849be  _ppcopy                               
0     000849d8  __args_main                           
0     000849f1  LL$$AND                               
0     000849f9  LL$$OR                                
0     00084a01  LL$$XOR                               
0     00084a09  _InitPieVectTable                     
0     00084a1a  _memchr                               
0     00084a2b  FD$$SUB                               
0     00084a39  _memccpy                              
0     00084a46  _memset                               
0     00084a52  _strchr                               
0     00084a5e  _strcmp                               
0     00084a68  __register_unlock                     
0     00084a6c  __register_lock                       
0     00084a70  __nop                                 
0     00084a71  FD$$NEG                               
0     00084a7a  _strlen                               
0     00084a82  _strcpy                               
0     00084a87  _remove                               
0     00084a8a  __system_post_cinit                   
0     00086000  _RamfuncsLoadStart                    
0     0008604c  _RamfuncsLoadEnd                      
0     00090000  _PieVectTableInit                     
0     000901c0  __ctypes_                             
1     00000400  __stack                               
1     00000800  __STACK_END                           
1     00000b00  _AdcaResultRegs                       
1     00000b20  _AdcbResultRegs                       
1     00000b40  _AdccResultRegs                       
1     00000b60  _AdcdResultRegs                       
1     00000c00  _CpuTimer0Regs                        
1     00000c08  _CpuTimer1Regs                        
1     00000c10  _CpuTimer2Regs                        
1     00000ce0  _PieCtrlRegs                          
1     00000d00  _EmuKey                               
1     00000d00  _PieVectTable                         
1     00000d01  _EmuBMode                             
1     00001000  _DmaRegs                              
1     00001400  _Cla1Regs                             
1     00004000  _EPwm1Regs                            
1     00004100  _EPwm2Regs                            
1     00004200  _EPwm3Regs                            
1     00004300  _EPwm4Regs                            
1     00004400  _EPwm5Regs                            
1     00004500  _EPwm6Regs                            
1     00004600  _EPwm7Regs                            
1     00004700  _EPwm8Regs                            
1     00004800  _EPwm9Regs                            
1     00004900  _EPwm10Regs                           
1     00004a00  _EPwm11Regs                           
1     00004b00  _EPwm12Regs                           
1     00005000  _ECap1Regs                            
1     00005020  _ECap2Regs                            
1     00005040  _ECap3Regs                            
1     00005060  _ECap4Regs                            
1     00005080  _ECap5Regs                            
1     000050a0  _ECap6Regs                            
1     00005100  _EQep1Regs                            
1     00005140  _EQep2Regs                            
1     00005180  _EQep3Regs                            
1     00005c00  _DacaRegs                             
1     00005c10  _DacbRegs                             
1     00005c20  _DaccRegs                             
1     00005c80  _Cmpss1Regs                           
1     00005ca0  _Cmpss2Regs                           
1     00005cc0  _Cmpss3Regs                           
1     00005ce0  _Cmpss4Regs                           
1     00005d00  _Cmpss5Regs                           
1     00005d20  _Cmpss6Regs                           
1     00005d40  _Cmpss7Regs                           
1     00005d60  _Cmpss8Regs                           
1     00005e00  _Sdfm1Regs                            
1     00005e80  _Sdfm2Regs                            
1     00006000  _McbspaRegs                           
1     00006040  _McbspbRegs                           
1     00006100  _SpiaRegs                             
1     00006110  _SpibRegs                             
1     00006120  _SpicRegs                             
1     00006200  _UppRegs                              
1     00007000  _WdRegs                               
1     00007060  _NmiIntruptRegs                       
1     00007070  _XintRegs                             
1     00007200  _SciaRegs                             
1     00007210  _ScibRegs                             
1     00007220  _ScicRegs                             
1     00007230  _ScidRegs                             
1     00007300  _I2caRegs                             
1     00007340  _I2cbRegs                             
1     00007400  _AdcaRegs                             
1     00007480  _AdcbRegs                             
1     00007500  _AdccRegs                             
1     00007580  _AdcdRegs                             
1     00007900  _InputXbarRegs                        
1     00007920  _XbarRegs                             
1     00007940  _SyncSocRegs                          
1     00007980  _DmaClaSrcSelRegs                     
1     00007a00  _EPwmXbarRegs                         
1     00007a80  _OutputXbarRegs                       
1     00007c00  _GpioCtrlRegs                         
1     00007f00  _GpioDataRegs                         
1     0000a800  ___TI_ft_end                          
1     0000a840  __ftable                              
1     0000a8c0  ___TI_tmpnams                         
1     0000a970  ___TI_enable_exit_profile_output      
1     0000a972  ___TI_cleanup_ptr                     
1     0000a974  ___TI_dtors_ptr                       
1     0000a976  __lock                                
1     0000a978  __unlock                              
1     0000a97a  _errno                                
1     0000a97c  _deviceOpen                           
1     0000aa40  __CIOBUF_                             
1     0000f000  __sys_memory                          
1     00047000  _Emif1Regs                            
1     00047800  _Emif2Regs                            
1     00050000  _IpcRegs                              
1     00050024  _FlashPumpSemaphoreRegs               
1     0005d000  _DevCfgRegs                           
1     0005d180  _AnalogSubsysRegs                     
1     0005d200  _ClkCfgRegs                           
1     0005d300  _CpuSysRegs                           
1     0005e608  _RomPrefetchRegs                      
1     0005f000  _DcsmZ1Regs                           
1     0005f040  _DcsmZ2Regs                           
1     0005f070  _DcsmCommonRegs                       
1     0005f400  _MemCfgRegs                           
1     0005f480  _Emif1ConfigRegs                      
1     0005f4a0  _Emif2ConfigRegs                      
1     0005f4c0  _AccessProtectionRegs                 
1     0005f500  _MemoryErrorRegs                      
1     0005f540  _RomWaitStateRegs                     
1     0005f800  _Flash0CtrlRegs                       
1     0005fb00  _Flash0EccRegs                        
1     00078000  _DcsmZ1Otp                            
1     00078200  _DcsmZ2Otp                            
abs   0000004c  _RamfuncsLoadSize                     
abs   0000004c  _RamfuncsRunSize                      
abs   00000400  __STACK_SIZE                          
abs   00001000  __SYSMEM_SIZE                         
abs   ffffffff  .text                                 
abs   ffffffff  ___TI_pprof_out_hndl                  
abs   ffffffff  ___TI_prof_data_size                  
abs   ffffffff  ___TI_prof_data_start                 
abs   ffffffff  ___binit__                            
abs   ffffffff  ___c_args__                           
abs   ffffffff  ___etext__                            
abs   ffffffff  ___pinit__                            
abs   ffffffff  ___text__                             
abs   ffffffff  binit                                 
abs   ffffffff  etext                                 
abs   ffffffff  pinit                                 

[430 symbols]
