******************************************************************************
             TMS320C2000 Linker Unix v15.12.4                  
******************************************************************************
>> Linked Thu Dec 15 12:28:56 2016

OUTPUT FILE NAME:   <ADC_Logger_CPU2.out>
ENTRY POINT SYMBOL: "_c_int00"  address: 0008201c


MEMORY CONFIGURATION

         name            origin    length      used     unused   attr    fill
----------------------  --------  ---------  --------  --------  ----  --------
PAGE 0:
  RAMM0                 00000122   000002de  00000000  000002de  RWIX
  RAMLS0                00008000   00000800  00000000  00000800  RWIX
  RAMLS1                00008800   00000800  00000000  00000800  RWIX
  RAMLS2                00009000   00000800  00000000  00000800  RWIX
  RAMLS3                00009800   00000800  00000000  00000800  RWIX
  RAMLS4                0000a000   00000800  00000000  00000800  RWIX
  RAMD0                 0000b000   00000800  00000000  00000800  RWIX
  RAMGS14               0001a000   00001000  00000000  00001000  RWIX
  RAMGS15               0001b000   00001000  00000000  00001000  RWIX
  BEGIN                 00080000   00000002  00000000  00000002  RWIX
  FLASHA                00080002   00001ffe  00000000  00001ffe  RWIX
  FLASHB                00082000   00002000  00000120  00001ee0  RWIX
  FLASHC                00084000   00002000  00000000  00002000  RWIX
  FLASHD                00086000   00002000  00000000  00002000  RWIX
  FLASHE                00088000   00008000  00000000  00008000  RWIX
  FLASHF                00090000   00008000  00000000  00008000  RWIX
  FLASHG                00098000   00008000  00000000  00008000  RWIX
  FLASHH                000a0000   00008000  00000000  00008000  RWIX
  FLASHI                000a8000   00008000  00000000  00008000  RWIX
  FLASHJ                000b0000   00008000  00000000  00008000  RWIX
  FLASHK                000b8000   00002000  00000000  00002000  RWIX
  FLASHL                000ba000   00002000  00000000  00002000  RWIX
  FLASHM                000bc000   00002000  00000000  00002000  RWIX
  FLASHN                000be000   00002000  00000000  00002000  RWIX
  RESET                 003fffc0   00000002  00000000  00000002  RWIX

PAGE 1:
  BOOT_RSVD             00000002   00000120  00000000  00000120  RWIX
  RAMM1                 00000400   00000400  00000200  00000200  RWIX
  RAMLS5                0000a800   00000800  0000000a  000007f6  RWIX
  RAMD1                 0000b800   00000800  00000000  00000800  RWIX
  RAMGS0                0000c000   00001000  00000000  00001000  RWIX
  RAMGS1                0000d000   00001000  00000000  00001000  RWIX
  RAMGS2                0000e000   00001000  00000000  00001000  RWIX
  RAMGS3                0000f000   00001000  00000000  00001000  RWIX
  RAMGS4                00010000   00001000  00000000  00001000  RWIX
  RAMGS5                00011000   00001000  00000000  00001000  RWIX
  RAMGS6                00012000   00001000  00000000  00001000  RWIX
  RAMGS7                00013000   00001000  00000000  00001000  RWIX
  RAMGS8                00014000   00001000  00000000  00001000  RWIX
  RAMGS9                00015000   00001000  00000000  00001000  RWIX
  RAMGS10               00016000   00001000  00000000  00001000  RWIX
  RAMGS11               00017000   00001000  00000000  00001000  RWIX
  RAMGS12               00018000   00001000  00000000  00001000  RWIX
  RAMGS13               00019000   00001000  00000000  00001000  RWIX
  CPU2TOCPU1RAM         0003f800   00000400  00000000  00000400  RWIX
  CPU1TOCPU2RAM         0003fc00   00000400  00000000  00000400  RWIX


SECTION ALLOCATION MAP

 output                                  attributes/
section   page    origin      length       input sections
--------  ----  ----------  ----------   ----------------
.cinit     0    00082000    0000001a     
                  00082000    0000000e     rts2800_fpu32.lib : exit.obj (.cinit)
                  0008200e    00000005                       : _lock.obj (.cinit:__lock)
                  00082013    00000005                       : _lock.obj (.cinit:__unlock)
                  00082018    00000002     --HOLE-- [fill = 0]

.pinit     0    00082000    00000000     UNINITIALIZED

.TI.ramfunc 
*          0    00008000    00000000     UNINITIALIZED

.stack     1    00000400    00000200     UNINITIALIZED
                  00000400    00000200     --HOLE--

.reset     0    003fffc0    00000002     DSECT
                  003fffc0    00000002     rts2800_fpu32.lib : boot.obj (.reset)

GETBUFFER 
*          0    0003f800    00000000     DSECT

GETWRITEIDX 
*          0    0003f800    00000000     DSECT

PUTREADIDX 
*          0    0003f800    00000000     DSECT

.text      0    0008201c    00000106     
                  0008201c    00000056     rts2800_fpu32.lib : boot.obj (.text)
                  00082072    00000046                       : cpy_tbl.obj (.text)
                  000820b8    00000029                       : exit.obj (.text)
                  000820e1    0000001a                       : cpy_utils.obj (.text)
                  000820fb    00000019                       : args_main.obj (.text)
                  00082114    00000009                       : _lock.obj (.text)
                  0008211d    00000002     main.obj (.text)
                  0008211f    00000002     rts2800_fpu32.lib : pre_init.obj (.text)
                  00082121    00000001                       : startup.obj (.text)

.ebss      1    0000a800    0000000a     UNINITIALIZED
                  0000a800    00000006     rts2800_fpu32.lib : exit.obj (.ebss)
                  0000a806    00000002                       : _lock.obj (.ebss:__lock)
                  0000a808    00000002                       : _lock.obj (.ebss:__unlock)

MODULE SUMMARY

       Module          code   ro data   rw data
       ------          ----   -------   -------
    ./
       main.obj        2      0         0      
    +--+---------------+------+---------+---------+
       Total:          2      0         0      
                                               
    /home/jason/software/ti/ccsv6/tools/compiler/ti-cgt-c2000_15.12.4.LTS/lib/rts2800_fpu32.lib
       boot.obj        86     0         0      
       cpy_tbl.obj     70     0         0      
       exit.obj        41     0         20     
       cpy_utils.obj   26     0         0      
       args_main.obj   25     0         0      
       _lock.obj       9      0         14     
       pre_init.obj    2      0         0      
       startup.obj     1      0         0      
    +--+---------------+------+---------+---------+
       Total:          260    0         34     
                                               
       Stack:          0      0         512    
    +--+---------------+------+---------+---------+
       Grand Total:    262    0         546    


GLOBAL DATA SYMBOLS: SORTED BY DATA PAGE

address     data page           name
--------    ----------------    ----
00000400      10 (00000400)     __stack

0000a800     2a0 (0000a800)     ___TI_enable_exit_profile_output
0000a802     2a0 (0000a800)     ___TI_cleanup_ptr
0000a804     2a0 (0000a800)     ___TI_dtors_ptr
0000a806     2a0 (0000a800)     __lock
0000a808     2a0 (0000a800)     __unlock


GLOBAL SYMBOLS: SORTED ALPHABETICALLY BY Name 

page  address   name                            
----  -------   ----                            
abs   ffffffff  .text                           
0     000820b8  C$$EXIT                         
0     00008000  _RamfuncsLoadEnd                
abs   00000000  _RamfuncsLoadSize               
0     00008000  _RamfuncsLoadStart              
0     00008000  _RamfuncsRunEnd                 
abs   00000000  _RamfuncsRunSize                
0     00008000  _RamfuncsRunStart               
1     00000600  __STACK_END                     
abs   00000200  __STACK_SIZE                    
1     0000a802  ___TI_cleanup_ptr               
1     0000a804  ___TI_dtors_ptr                 
1     0000a800  ___TI_enable_exit_profile_output
abs   ffffffff  ___TI_pprof_out_hndl            
abs   ffffffff  ___TI_prof_data_size            
abs   ffffffff  ___TI_prof_data_start           
abs   ffffffff  ___binit__                      
abs   ffffffff  ___c_args__                     
0     00082000  ___cinit__                      
abs   ffffffff  ___etext__                      
abs   ffffffff  ___pinit__                      
abs   ffffffff  ___text__                       
0     000820fb  __args_main                     
1     0000a806  __lock                          
0     0008211c  __nop                           
0     00082118  __register_lock                 
0     00082114  __register_unlock               
1     00000400  __stack                         
0     00082121  __system_post_cinit             
0     0008211f  __system_pre_init               
1     0000a808  __unlock                        
0     000820b8  _abort                          
0     0008201c  _c_int00                        
0     00082072  _copy_in                        
0     000820e1  _ddcopy                         
0     000820e1  _dpcopy                         
0     000820ba  _exit                           
0     0008211d  _main                           
0     000820e1  _pdcopy                         
0     000820e1  _ppcopy                         
abs   ffffffff  binit                           
0     00082000  cinit                           
abs   ffffffff  etext                           
abs   ffffffff  pinit                           


GLOBAL SYMBOLS: SORTED BY Symbol Address 

page  address   name                            
----  -------   ----                            
0     00008000  _RamfuncsLoadEnd                
0     00008000  _RamfuncsLoadStart              
0     00008000  _RamfuncsRunEnd                 
0     00008000  _RamfuncsRunStart               
0     00082000  ___cinit__                      
0     00082000  cinit                           
0     0008201c  _c_int00                        
0     00082072  _copy_in                        
0     000820b8  C$$EXIT                         
0     000820b8  _abort                          
0     000820ba  _exit                           
0     000820e1  _ddcopy                         
0     000820e1  _dpcopy                         
0     000820e1  _pdcopy                         
0     000820e1  _ppcopy                         
0     000820fb  __args_main                     
0     00082114  __register_unlock               
0     00082118  __register_lock                 
0     0008211c  __nop                           
0     0008211d  _main                           
0     0008211f  __system_pre_init               
0     00082121  __system_post_cinit             
1     00000400  __stack                         
1     00000600  __STACK_END                     
1     0000a800  ___TI_enable_exit_profile_output
1     0000a802  ___TI_cleanup_ptr               
1     0000a804  ___TI_dtors_ptr                 
1     0000a806  __lock                          
1     0000a808  __unlock                        
abs   00000000  _RamfuncsLoadSize               
abs   00000000  _RamfuncsRunSize                
abs   00000200  __STACK_SIZE                    
abs   ffffffff  .text                           
abs   ffffffff  ___TI_pprof_out_hndl            
abs   ffffffff  ___TI_prof_data_size            
abs   ffffffff  ___TI_prof_data_start           
abs   ffffffff  ___binit__                      
abs   ffffffff  ___c_args__                     
abs   ffffffff  ___etext__                      
abs   ffffffff  ___pinit__                      
abs   ffffffff  ___text__                       
abs   ffffffff  binit                           
abs   ffffffff  etext                           
abs   ffffffff  pinit                           

[44 symbols]
